 hamiltonian_data_collector_sfun

 Timestamp is 5e6144ff (Thu Mar 05 12:29:19 2020)

 Preferred load address is 0000000180000000

 Start         Length     Name                   Class
 0001:00000000 000487f4H .text                   CODE
 0001:00048800 00000092H .text$x                 CODE
 0002:00000000 000004a0H .idata$5                DATA
 0002:000004a0 00000008H .CRT$XCA                DATA
 0002:000004a8 00000008H .CRT$XCZ                DATA
 0002:000004b0 00000008H .CRT$XIA                DATA
 0002:000004b8 00000008H .CRT$XIAA               DATA
 0002:000004c0 00000008H .CRT$XIZ                DATA
 0002:000004d0 00004bacH .rdata                  DATA
 0002:00005080 00000008H .rtc$IAA                DATA
 0002:00005088 00000008H .rtc$IZZ                DATA
 0002:00005090 00000008H .rtc$TAA                DATA
 0002:00005098 00000008H .rtc$TZZ                DATA
 0002:000050a0 0000437cH .xdata                  DATA
 0002:0000941c 000000a0H .idata$2                DATA
 0002:000094bc 00000014H .idata$3                DATA
 0002:000094d0 000004a0H .idata$4                DATA
 0002:00009970 00000ac0H .idata$6                DATA
 0002:0000a430 00000065H .edata                  DATA
 0003:00000000 000067b8H .data                   DATA
 0003:000067c0 000ecd18H .bss                    DATA
 0004:00000000 00003468H .pdata                  DATA

  Address         Publics by Value              Rva+Base               Lib:Object

 0000:00000000       ___safe_se_handler_count   0000000000000000     <absolute>
 0000:00000000       ___safe_se_handler_table   0000000000000000     <absolute>
 0000:00000000       __ImageBase                0000000180000000     <linker-defined>
 0001:00000000       sf_c1_hamiltonian_data_collector_get_eml_resolved_functions_info 0000000180001000 f   c1_hamiltonian_data_collector.obj
 0001:00002bf0       sf_c1_hamiltonian_data_collector_get_check_sum 0000000180003bf0 f   c1_hamiltonian_data_collector.obj
 0001:00002c70       sf_c1_hamiltonian_data_collector_get_autoinheritance_info 0000000180003c70 f   c1_hamiltonian_data_collector.obj
 0001:00003190       sf_internal_get_sim_state_c1_hamiltonian_data_collector 0000000180004190 f   c1_hamiltonian_data_collector.obj
 0001:00003450       sf_internal_set_sim_state_c1_hamiltonian_data_collector 0000000180004450 f   c1_hamiltonian_data_collector.obj
 0001:00003720       sf_c1_hamiltonian_data_collector_get_testpoint_info 0000000180004720 f   c1_hamiltonian_data_collector.obj
 0001:00003760       c1_hamiltonian_data_collector_method_dispatcher 0000000180004760 f   c1_hamiltonian_data_collector.obj
 0001:0000f8c0       sf_c2_hamiltonian_data_collector_get_eml_resolved_functions_info 00000001800108c0 f   c2_hamiltonian_data_collector.obj
 0001:00010d30       sf_c2_hamiltonian_data_collector_get_check_sum 0000000180011d30 f   c2_hamiltonian_data_collector.obj
 0001:00010db0       sf_c2_hamiltonian_data_collector_get_autoinheritance_info 0000000180011db0 f   c2_hamiltonian_data_collector.obj
 0001:00011320       sf_internal_get_sim_state_c2_hamiltonian_data_collector 0000000180012320 f   c2_hamiltonian_data_collector.obj
 0001:000116f0       sf_internal_set_sim_state_c2_hamiltonian_data_collector 00000001800126f0 f   c2_hamiltonian_data_collector.obj
 0001:00011be0       sf_c2_hamiltonian_data_collector_get_testpoint_info 0000000180012be0 f   c2_hamiltonian_data_collector.obj
 0001:00011c20       c2_hamiltonian_data_collector_method_dispatcher 0000000180012c20 f   c2_hamiltonian_data_collector.obj
 0001:00015f50       sf_process_check_sum_call  0000000180016f50 f   hamiltonian_data_collector_sfun_registry.obj
 0001:00015fa0       sf_process_testpoint_info_call 0000000180016fa0 f   hamiltonian_data_collector_sfun_registry.obj
 0001:00015ff0       sf_process_autoinheritance_call 0000000180016ff0 f   hamiltonian_data_collector_sfun_registry.obj
 0001:00016190       sf_process_get_eml_resolved_functions_info_call 0000000180017190 f   hamiltonian_data_collector_sfun_registry.obj
 0001:00016310       sf_mex_unlock_call         0000000180017310 f   hamiltonian_data_collector_sfun_registry.obj
 0001:000163c0       sf_machine_global_initializer_called 00000001800173c0 f   hamiltonian_data_collector_sfun_registry.obj
 0001:000163f0       sf_machine_global_method_dispatcher 00000001800173f0 f   hamiltonian_data_collector_sfun_registry.obj
 0001:00016450       sf_machine_global_terminator 0000000180017450 f   hamiltonian_data_collector_sfun_registry.obj
 0001:00016490       sf_register_machine_exported_symbols 0000000180017490 f   hamiltonian_data_collector_sfun_registry.obj
 0001:000164b0       callCustomFcn              00000001800174b0 f   hamiltonian_data_collector_sfun_registry.obj
 0001:000164c0       sf_machine_global_initializer 00000001800174c0 f   hamiltonian_data_collector_sfun_registry.obj
 0001:00016530       _ssSetStateAbsTol          0000000180017530 f   hamiltonian_data_collector_sfun_registry.obj
 0001:00016610       _ssGetAbsTol               0000000180017610 f   hamiltonian_data_collector_sfun_registry.obj
 0001:00016680       _ssSetInputPortMatrixDimensions 0000000180017680 f   hamiltonian_data_collector_sfun_registry.obj
 0001:00016790       _ssSetOutputPortMatrixDimensions 0000000180017790 f   hamiltonian_data_collector_sfun_registry.obj
 0001:000168a0       _ssSetInputPortVectorDimension 00000001800178a0 f   hamiltonian_data_collector_sfun_registry.obj
 0001:00016970       _ssSetOutputPortVectorDimension 0000000180017970 f   hamiltonian_data_collector_sfun_registry.obj
 0001:00016a40       ssIsRunTimeParamTunable    0000000180017a40 f   hamiltonian_data_collector_sfun_registry.obj
 0001:00016ab0       ssGetSFuncBlockHandle      0000000180017ab0 f   hamiltonian_data_collector_sfun_registry.obj
 0001:00016b20       _ssGetCurrentInputPortWidth 0000000180017b20 f   hamiltonian_data_collector_sfun_registry.obj
 0001:00016c40       _ssGetCurrentOutputPortWidth 0000000180017c40 f   hamiltonian_data_collector_sfun_registry.obj
 0001:00016d60       _ssGetCallSystemNumFcnCallDestinations 0000000180017d60 f   hamiltonian_data_collector_sfun_registry.obj
 0001:00016dd0       ssWarning                  0000000180017dd0 f   hamiltonian_data_collector_sfun_registry.obj
 0001:00016ee0       ssGetIsZeroCrossControlDisabled 0000000180017ee0 f   hamiltonian_data_collector_sfun_registry.obj
 0001:00016f50       ssSetIsInputPortUsedForContZcSignal 0000000180017f50 f   hamiltonian_data_collector_sfun_registry.obj
 0001:00016fc0       ssSetZcSignalIsZcElementDisc 0000000180017fc0 f   hamiltonian_data_collector_sfun_registry.obj
 0001:00017070       ssSetZcSignalName          0000000180018070 f   hamiltonian_data_collector_sfun_registry.obj
 0001:000170e0       ssSetZcSignalWidth         00000001800180e0 f   hamiltonian_data_collector_sfun_registry.obj
 0001:00017150       ssSetZcSignalZcEventType   0000000180018150 f   hamiltonian_data_collector_sfun_registry.obj
 0001:000171c0       ssSetZcSignalType          00000001800181c0 f   hamiltonian_data_collector_sfun_registry.obj
 0001:00017230       ssSetZcSignalZcTol         0000000180018230 f   hamiltonian_data_collector_sfun_registry.obj
 0001:000172a0       ssSetZcSignalNeedsEventNotification 00000001800182a0 f   hamiltonian_data_collector_sfun_registry.obj
 0001:00017310       ssCreateAndAddZcSignalInfo 0000000180018310 f   hamiltonian_data_collector_sfun_registry.obj
 0001:00017380       ssCloneAndAddZcSignalInfo  0000000180018380 f   hamiltonian_data_collector_sfun_registry.obj
 0001:000173f0       ssGetNumZcSignals          00000001800183f0 f   hamiltonian_data_collector_sfun_registry.obj
 0001:00017460       ssGetZcSignalVector        0000000180018460 f   hamiltonian_data_collector_sfun_registry.obj
 0001:000174d0       ssGetZcSignalZcEvents      00000001800184d0 f   hamiltonian_data_collector_sfun_registry.obj
 0001:00017540       ssGetZcSignalName          0000000180018540 f   hamiltonian_data_collector_sfun_registry.obj
 0001:000175b0       ssGetZcSignalWidth         00000001800185b0 f   hamiltonian_data_collector_sfun_registry.obj
 0001:00017620       ssGetZcSignalZcEventType   0000000180018620 f   hamiltonian_data_collector_sfun_registry.obj
 0001:00017690       ssGetZcSignalType          0000000180018690 f   hamiltonian_data_collector_sfun_registry.obj
 0001:00017700       ssGetZcSignalZcTol         0000000180018700 f   hamiltonian_data_collector_sfun_registry.obj
 0001:00017780       ssGetZcSignalNeedsEventNotification 0000000180018780 f   hamiltonian_data_collector_sfun_registry.obj
 0001:000177f0       ssGetZcSignalIsZcElementDisc 00000001800187f0 f   hamiltonian_data_collector_sfun_registry.obj
 0001:00017890       ssGetIsInputPortElementContinuous 0000000180018890 f   hamiltonian_data_collector_sfun_registry.obj
 0001:00017930       _ssGetInputPortSignalPtrsFcn 0000000180018930 f   hamiltonian_data_collector_sfun_registry.obj
 0001:00017bf0       _ssGetInputPortSignalFcn   0000000180018bf0 f   hamiltonian_data_collector_sfun_registry.obj
 0001:00017e10       _ssSetInputPortDirectFeedThroughFcn 0000000180018e10 f   hamiltonian_data_collector_sfun_registry.obj
 0001:00017f70       _ssSetInputPortReusableFcn 0000000180018f70 f   hamiltonian_data_collector_sfun_registry.obj
 0001:00018060       _ssSetOutputPortReusableFcn 0000000180019060 f   hamiltonian_data_collector_sfun_registry.obj
 0001:00018140       ssGetDTypeIdFromMxArray    0000000180019140 f   hamiltonian_data_collector_sfun_registry.obj
 0001:00018260       ssWriteRTWStr              0000000180019260 f   hamiltonian_data_collector_sfun_registry.obj
 0001:000182c0       ssWriteRTWMxVectParam      00000001800192c0 f   hamiltonian_data_collector_sfun_registry.obj
 0001:00018320       ssWriteRTWMx2dMatParam     0000000180019320 f   hamiltonian_data_collector_sfun_registry.obj
 0001:000183a0       ssWriteRTWNameValuePair    00000001800193a0 f   hamiltonian_data_collector_sfun_registry.obj
 0001:00018890       ssWriteRTWParameters       0000000180019890 f   hamiltonian_data_collector_sfun_registry.obj
 0001:00018e90       ssWriteRTWParamSettings    0000000180019e90 f   hamiltonian_data_collector_sfun_registry.obj
 0001:00019560       ssWriteRTWWorkVect         000000018001a560 f   hamiltonian_data_collector_sfun_registry.obj
 0001:00019a60       mexFunction                000000018001aa60 f   hamiltonian_data_collector_sfun_registry.obj
 0001:0001b740       ProcessMexSfunctionEveryCall 000000018001c740 f   hamiltonian_data_collector_sfun_registry.obj
 0001:0001b8b0       hamiltonian_data_collector_initializer 000000018001c8b0 f   hamiltonian_data_collector_sfun.obj
 0001:0001b8c0       hamiltonian_data_collector_terminator 000000018001c8c0 f   hamiltonian_data_collector_sfun.obj
 0001:0001b8d0       sf_hamiltonian_data_collector_method_dispatcher 000000018001c8d0 f   hamiltonian_data_collector_sfun.obj
 0001:0001b940       sf_hamiltonian_data_collector_process_testpoint_info_call 000000018001c940 f   hamiltonian_data_collector_sfun.obj
 0001:0001bae0       sf_hamiltonian_data_collector_process_check_sum_call 000000018001cae0 f   hamiltonian_data_collector_sfun.obj
 0001:0001bf00       sf_hamiltonian_data_collector_autoinheritance_info 000000018001cf00 f   hamiltonian_data_collector_sfun.obj
 0001:0001c0c0       sf_hamiltonian_data_collector_get_eml_resolved_functions_info 000000018001d0c0 f   hamiltonian_data_collector_sfun.obj
 0001:0001c230       hamiltonian_data_collector_debug_initialize 000000018001d230 f   hamiltonian_data_collector_sfun.obj
 0001:0001c2a0       hamiltonian_data_collector_register_exported_symbols 000000018001d2a0 f   hamiltonian_data_collector_sfun.obj
 0001:0001c2b0       load_hamiltonian_data_collector_optimization_info 000000018001d2b0 f   hamiltonian_data_collector_sfun.obj
 0001:0001c300       unload_hamiltonian_data_collector_optimization_info 000000018001d300 f   hamiltonian_data_collector_sfun.obj
 0001:0001c420       sf_mex_mx_is_numeric       000000018001d420 f   sfc_mex:sfc_mex.obj
 0001:0001c460       strcmp_ignore_ws           000000018001d460 f   sfc_mex:sfc_mex.obj
 0001:0001c5a0       sf_mex_duplicatearraysafe  000000018001d5a0 f   sfc_mex:sfc_mex.obj
 0001:0001c700       sf_set_error_debugger_context_message_fcn 000000018001d700 f   sfc_mex:sfc_mex.obj
 0001:0001c710       sf_set_debugger_matlab_error_fcn 000000018001d710 f   sfc_mex:sfc_mex.obj
 0001:0001c740       sf_set_error_prefix_string 000000018001d740 f   sfc_mex:sfc_mex.obj
 0001:0001c770       sf_get_error_prefix_string 000000018001d770 f   sfc_mex:sfc_mex.obj
 0001:0001c780       sf_mex_enter_parallel_region 000000018001d780 f   sfc_mex:sfc_mex.obj
 0001:0001c790       sf_mex_exit_parallel_region 000000018001d790 f   sfc_mex:sfc_mex.obj
 0001:0001c7a0       sf_get_current_jmp_buf_ptr 000000018001d7a0 f   sfc_mex:sfc_mex.obj
 0001:0001c7b0       sf_set_current_jmp_buf_ptr 000000018001d7b0 f   sfc_mex:sfc_mex.obj
 0001:0001c7c0       sf_mex_set_halt_simulation 000000018001d7c0 f   sfc_mex:sfc_mex.obj
 0001:0001c7d0       sf_mex_get_halt_simulation 000000018001d7d0 f   sfc_mex:sfc_mex.obj
 0001:0001c7e0       sf_mex_clear_error_message 000000018001d7e0 f   sfc_mex:sfc_mex.obj
 0001:0001c800       sf_mex_get_error_message_for_read 000000018001d800 f   sfc_mex:sfc_mex.obj
 0001:0001c810       sf_mex_get_error_message_buffer_length 000000018001d810 f   sfc_mex:sfc_mex.obj
 0001:0001c8f0       sf_mex_warning_message     000000018001d8f0 f   sfc_mex:sfc_mex.obj
 0001:0001c960       sf_mex_v_errbuf_createf    000000018001d960 f   sfc_mex:sfc_mex.obj
 0001:0001c970       sf_mex_errbuf_createf      000000018001d970 f   sfc_mex:sfc_mex.obj
 0001:0001c9a0       sf_mex_v_errbuf_catf       000000018001d9a0 f   sfc_mex:sfc_mex.obj
 0001:0001c9e0       sf_mex_errbuf_catf         000000018001d9e0 f   sfc_mex:sfc_mex.obj
 0001:0001ca30       sf_mex_errbuf_copy         000000018001da30 f   sfc_mex:sfc_mex.obj
 0001:0001ca40       sf_mex_errbuf_clear        000000018001da40 f   sfc_mex:sfc_mex.obj
 0001:0001ca50       sf_mex_errbuf_isempty      000000018001da50 f   sfc_mex:sfc_mex.obj
 0001:0001cb60       sf_mex_set_error_status    000000018001db60 f   sfc_mex:sfc_mex.obj
 0001:0001cbb0       sf_mex_error_direct_call   000000018001dbb0 f   sfc_mex:sfc_mex.obj
 0001:0001cbd0       sf_mex_error_message_no_long_jump 000000018001dbd0 f   sfc_mex:sfc_mex.obj
 0001:0001cbf0       sf_mex_long_jump_on_error  000000018001dbf0 f   sfc_mex:sfc_mex.obj
 0001:0001cc20       sf_mex_call_matlab         000000018001dc20 f   sfc_mex:sfc_mex.obj
 0001:0001cd40       sf_mex_check_builtin       000000018001dd40 f   sfc_mex:sfc_mex.obj
 0001:0001cde0       sf_mex_check_builtin_vs    000000018001dde0 f   sfc_mex:sfc_mex.obj
 0001:0001cea0       sf_mex_check_enum          000000018001dea0 f   sfc_mex:sfc_mex.obj
 0001:0001cf20       sf_mex_create_enum         000000018001df20 f   sfc_mex:sfc_mex.obj
 0001:0001cf90       sf_mex_get_enum_element    000000018001df90 f   sfc_mex:sfc_mex.obj
 0001:0001cfa0       sf_mex_createcellarray     000000018001dfa0 f   sfc_mex:sfc_mex.obj
 0001:0001cfb0       sf_mex_setcell             000000018001dfb0 f   sfc_mex:sfc_mex.obj
 0001:0001cfc0       sf_mex_getcell             000000018001dfc0 f   sfc_mex:sfc_mex.obj
 0001:0001cfd0       sf_mex_dup                 000000018001dfd0 f   sfc_mex:sfc_mex.obj
 0001:0001cff0       sf_mex_assign              000000018001dff0 f   sfc_mex:sfc_mex.obj
 0001:0001d070       sf_mex_destroy             000000018001e070 f   sfc_mex:sfc_mex.obj
 0001:0001d0a0       mx_array_has_fi_type       000000018001e0a0 f   sfc_mex:sfc_mex.obj
 0001:0001d0d0       sf_mex_convert_from_fi     000000018001e0d0 f   sfc_mex:sfc_mex.obj
 0001:0001d200       sf_mex_convert_to_double   000000018001e200 f   sfc_mex:sfc_mex.obj
 0001:0001d320       sf_mex_import_fi_vs        000000018001e320 f   sfc_mex:sfc_mex.obj
 0001:0001d4e0       sf_matrix_matrix_index_ok  000000018001e4e0 f   sfc_mex:sfc_mex.obj
 0001:0001d570       sf_vector_vector_index_ok  000000018001e570 f   sfc_mex:sfc_mex.obj
 0001:0001d5a0       ssGetCurrentInputPortDimensions_wrapper 000000018001e5a0 f   sfc_mex:sfc_mex.obj
 0001:0001d5c0       ssGetCurrentOutputPortDimensions_wrapper 000000018001e5c0 f   sfc_mex:sfc_mex.obj
 0001:0001d5e0       sf_mex_emlrt_context_is_debug_mode 000000018001e5e0 f   sfc_mex:sfc_mex.obj
 0001:0001d5f0       sf_mex_emlrt_context_set_debug_mode 000000018001e5f0 f   sfc_mex:sfc_mex.obj
 0001:0001d600       sf_mex_emlrtNameCapturePostProcessR2012a 000000018001e600 f   sfc_mex:sfc_mex.obj
 0001:0001d670       sf_clear_error_manager_info 000000018001e670 f   sfc_mex:sfc_mex.obj
 0001:0001d6d0       sf_mex_stop_simulation_abruptly_wo_error 000000018001e6d0 f   sfc_mex:sfc_mex.obj
 0001:0001d710       sf_mex_error_message       000000018001e710 f   sfc_mex:sfc_mex.obj
 0001:0001d770       sf_react_to_error_in_matlab_call 000000018001e770 f   sfc_mex:sfc_mex.obj
 0001:0001d7a0       sf_mex_addfield            000000018001e7a0 f   sfc_mex:sfc_mex.obj
 0001:0001d840       sf_mex_getfield            000000018001e840 f   sfc_mex:sfc_mex.obj
 0001:0001db40       sf_mex_check_class         000000018001eb40 f   sfc_mex:sfc_mex.obj
 0001:0001dbe0       sf_mex_is_real             000000018001ebe0 f   sfc_mex:sfc_mex.obj
 0001:0001e050       sf_mex_decode_encoded_mx_struct_array 000000018001f050 f   sfc_mex:sfc_mex.obj
 0001:0001e330       sf_mex_lw_bounds_check     000000018001f330 f   sfc_mex:sfc_mex.obj
 0001:0001e360       sf_mex_lw_size_eq_check_1d 000000018001f360 f   sfc_mex:sfc_mex.obj
 0001:0001e380       sf_mex_lw_size_eq_check_nd 000000018001f380 f   sfc_mex:sfc_mex.obj
 0001:0001e560       sf_mex_lw_dim_size_eq_check 000000018001f560 f   sfc_mex:sfc_mex.obj
 0001:0001e590       sf_mex_lw_dim_size_geq_check 000000018001f590 f   sfc_mex:sfc_mex.obj
 0001:0001e5c0       sf_mex_lw_sub_assign_size_check_nd 000000018001f5c0 f   sfc_mex:sfc_mex.obj
 0001:0001e7f0       sf_mex_lw_runtime_error_msgid 000000018001f7f0 f   sfc_mex:sfc_mex.obj
 0001:0001e8e0       sf_mex_lw_matrix_matrix_index_check 000000018001f8e0 f   sfc_mex:sfc_mex.obj
 0001:0001e900       sf_mex_lw_vector_vector_index_check 000000018001f900 f   sfc_mex:sfc_mex.obj
 0001:0001e940       sf_mex_lw_for_loop_vector_check 000000018001f940 f   sfc_mex:sfc_mex.obj
 0001:0001e9d0       sf_mex_lw_non_negative_check 000000018001f9d0 f   sfc_mex:sfc_mex.obj
 0001:0001ea10       sf_mex_overflow_error      000000018001fa10 f   sfc_mex:sfc_mex.obj
 0001:0001ea20       sf_mex_dividebyzero_error  000000018001fa20 f   sfc_mex:sfc_mex.obj
 0001:0001ea30       sf_mex_unsafe_enum_error   000000018001fa30 f   sfc_mex:sfc_mex.obj
 0001:0001ea40       sf_emlrtErrHandler         000000018001fa40 f   sfc_mex:sfc_mex.obj
 0001:0001eb20       sf_mex_size_one_check      000000018001fb20 f   sfc_mex:sfc_mex.obj
 0001:0001eb40       sf_mex_printf              000000018001fb40 f   sfc_mex:sfc_mex.obj
 0001:0001ed10       sf_mex_check_size          000000018001fd10 f   sfc_mex:sfc_mex.obj
 0001:0001efe0       sf_mex_check_struct        000000018001ffe0 f   sfc_mex:sfc_mex.obj
 0001:0001f240       sf_mex_check_struct_vs     0000000180020240 f   sfc_mex:sfc_mex.obj
 0001:0001f2d0       sf_mex_check_fi            00000001800202d0 f   sfc_mex:sfc_mex.obj
 0001:0001f3d0       sf_mex_check_fi_vs         00000001800203d0 f   sfc_mex:sfc_mex.obj
 0001:0001f470       sf_echo_expression         0000000180020470 f   sfc_mex:sfc_mex.obj
 0001:0001f4d0       sf_assertion_failed        00000001800204d0 f   sfc_mex:sfc_mex.obj
 0001:0001f7b0       sf_mex_evalin              00000001800207b0 f   sfc_mex:sfc_mex.obj
 0001:0001fa20       sf_mex_export              0000000180020a20 f   sfc_mex:sfc_mex.obj
 0001:0001fae0       sf_mex_get_ml_var_no_error 0000000180020ae0 f   sfc_mex:sfc_mex.obj
 0001:0001fc80       sf_mex_get_ml_var          0000000180020c80 f   sfc_mex:sfc_mex.obj
 0001:00020120       ml_set_element_value_in_array 0000000180021120 f   sfc_mex:sfc_mex.obj
 0001:000217f0       sf_mex_call_impl           00000001800227f0 f   sfc_mex:sfc_mex.obj
 0001:00021d20       sf_mex_call_debug          0000000180022d20 f   sfc_mex:sfc_mex.obj
 0001:00021d50       sf_mex_call                0000000180022d50 f   sfc_mex:sfc_mex.obj
 0001:000223a0       sf_mex_createstruct        00000001800233a0 f   sfc_mex:sfc_mex.obj
 0001:00022490       sf_mex_createstructarray   0000000180023490 f   sfc_mex:sfc_mex.obj
 0001:00022510       sf_mex_get_mx_datatype_from_sf_datatype 0000000180023510 f   sfc_mex:sfc_mex.obj
 0001:00022820       sf_mex_ml_var_sub          0000000180023820 f   sfc_mex:sfc_mex.obj
 0001:000229f0       sf_mex_ml_var_subsasgn     00000001800239f0 f   sfc_mex:sfc_mex.obj
 0001:00022de0       sf_mex_sub                 0000000180023de0 f   sfc_mex:sfc_mex.obj
 0001:00022fe0       sf_mex_subsasgn            0000000180023fe0 f   sfc_mex:sfc_mex.obj
 0001:000234c0       sf_mex_create              00000001800244c0 f   sfc_mex:sfc_mex.obj
 0001:00023f10       sf_mex_import_named        0000000180024f10 f   sfc_mex:sfc_mex.obj
 0001:00023f70       sf_mex_import              0000000180024f70 f   sfc_mex:sfc_mex.obj
 0001:00023fc0       sf_mex_import_vs           0000000180024fc0 f   sfc_mex:sfc_mex.obj
 0001:000240d0       sf_mex_lower_fixpt_mx_array 00000001800250d0 f   sfc_mex:sfc_mex.obj
 0001:000243c0       sf_send_message_wrapper    00000001800253c0 f   sfc_mex:sfc_sf.obj
 0001:000243f0       sf_receive_message_wrapper 00000001800253f0 f   sfc_mex:sfc_sf.obj
 0001:00024430       sf_check_out_message_wrapper 0000000180025430 f   sfc_mex:sfc_sf.obj
 0001:00024470       sf_check_in_message_wrapper 0000000180025470 f   sfc_mex:sfc_sf.obj
 0001:000244b0       sf_no_message_wrapper      00000001800254b0 f   sfc_mex:sfc_sf.obj
 0001:00024840       sim_mode_is_rtw_gen        0000000180025840 f   sfc_mex:sfc_sf.obj
 0001:00024870       sim_mode_is_external       0000000180025870 f   sfc_mex:sfc_sf.obj
 0001:00024880       sim_mode_is_modelref_sim   0000000180025880 f   sfc_mex:sfc_sf.obj
 0001:000248a0       mdlInitializeSizes         00000001800258a0 f   sfc_mex:sfc_sf.obj
 0001:000248c0       mdlInitializeSampleTimes   00000001800258c0 f   sfc_mex:sfc_sf.obj
 0001:00024900       mdlZeroCrossings           0000000180025900 f   sfc_mex:sfc_sf.obj
 0001:000249e0       mdlDerivatives             00000001800259e0 f   sfc_mex:sfc_sf.obj
 0001:00024a90       mdl_initialize_conditions_processing 0000000180025a90 f   sfc_mex:sfc_sf.obj
 0001:00024ac0       mdlInitializeConditions    0000000180025ac0 f   sfc_mex:sfc_sf.obj
 0001:00024b80       mdlGetSimState             0000000180025b80 f   sfc_mex:sfc_sf.obj
 0001:00024b90       mdlSetSimState             0000000180025b90 f   sfc_mex:sfc_sf.obj
 0001:00024ba0       mdl_ext_mode_exec_processing 0000000180025ba0 f   sfc_mex:sfc_sf.obj
 0001:00024bc0       mdlExtModeExec             0000000180025bc0 f   sfc_mex:sfc_sf.obj
 0001:00024d50       mdlTerminate               0000000180025d50 f   sfc_mex:sfc_sf.obj
 0001:00024dc0       mdlRTW                     0000000180025dc0 f   sfc_mex:sfc_sf.obj
 0001:00024df0       mdlSetWorkWidths           0000000180025df0 f   sfc_mex:sfc_sf.obj
 0001:00024e00       mdlProcessParameters       0000000180025e00 f   sfc_mex:sfc_sf.obj
 0001:00024e10       mdl_start_processing       0000000180025e10 f   sfc_mex:sfc_sf.obj
 0001:00024e70       mdlStart                   0000000180025e70 f   sfc_mex:sfc_sf.obj
 0001:00024f80       mdlEnable                  0000000180025f80 f   sfc_mex:sfc_sf.obj
 0001:00025050       mdlDisable                 0000000180026050 f   sfc_mex:sfc_sf.obj
 0001:00025100       sf_get_chart_instance_ptr  0000000180026100 f   sfc_mex:sfc_sf.obj
 0001:00025120       sf_load_rtw_optimization_info 0000000180026120 f   sfc_mex:sfc_sf.obj
 0001:000251f0       sf_rtw_info_uint_prop      00000001800261f0 f   sfc_mex:sfc_sf.obj
 0001:00025330       sf_is_chart_inlinable      0000000180026330 f   sfc_mex:sfc_sf.obj
 0001:00025350       sf_mark_output_events_with_multiple_callers 0000000180026350 f   sfc_mex:sfc_sf.obj
 0001:000254e0       sf_mark_chart_reusable_outputs 00000001800264e0 f   sfc_mex:sfc_sf.obj
 0001:00025740       sf_mark_chart_expressionable_inputs 0000000180026740 f   sfc_mex:sfc_sf.obj
 0001:000259a0       sf_get_subchart_simstruct  00000001800269a0 f   sfc_mex:sfc_sf.obj
 0001:000259f0       sf_get_fixpt_data_type_id  00000001800269f0 f   sfc_mex:sfc_sf.obj
 0001:00025a30       sf_get_enum_data_type_id   0000000180026a30 f   sfc_mex:sfc_sf.obj
 0001:00025a70       sf_get_param_data_type_id  0000000180026a70 f   sfc_mex:sfc_sf.obj
 0001:00025aa0       sf_mex_listen_for_ctrl_c_force 0000000180026aa0 f   sfc_mex:sfc_sf.obj
 0001:00025bb0       sf_mex_draw_now            0000000180026bb0 f   sfc_mex:sfc_sf.obj
 0001:00025bf0       sf_mex_set_debugger_sim_status_listener_fcn 0000000180026bf0 f   sfc_mex:sfc_sf.obj
 0001:00025c00       sf_mex_listen_for_ctrl_c   0000000180026c00 f   sfc_mex:sfc_sf.obj
 0001:00025c90       sf_mex_get_sfun_param      0000000180026c90 f   sfc_mex:sfc_sf.obj
 0001:00025ce0       sf_get_runtime_param_data  0000000180026ce0 f   sfc_mex:sfc_sf.obj
 0001:00025d20       sf_call_output_fcn_call    0000000180026d20 f   sfc_mex:sfc_sf.obj
 0001:00025e60       sf_call_output_fcn_enable  0000000180026e60 f   sfc_mex:sfc_sf.obj
 0001:00025ef0       sf_call_output_fcn_disable 0000000180026ef0 f   sfc_mex:sfc_sf.obj
 0001:00025f80       sf_clear_rtw_identifier    0000000180026f80 f   sfc_mex:sfc_sf.obj
 0001:00026770       sf_set_encoded_dwork_info  0000000180027770 f   sfc_mex:sfc_sf.obj
 0001:000267c0       sf_get_dwork_info_from_mat_file 00000001800277c0 f   sfc_mex:sfc_sf.obj
 0001:00026980       sf_set_rtw_dwork_info      0000000180027980 f   sfc_mex:sfc_sf.obj
 0001:00026af0       mdlOutputs                 0000000180027af0 f   sfc_mex:sfc_sf.obj
 0001:00026c90       sf_debug_disp              0000000180027c90 f   sfc_debug:sfcdebug.obj
 0001:00026ef0       sf_debug_data_runtime_size_mismatch_error_check 0000000180027ef0 f   sfc_debug:sfcdebug.obj
 0001:00026f90       sf_debug_try_loading_machine 0000000180027f90 f   sfc_debug:sfcdebug.obj
 0001:00027090       sf_debug_reset_current_state_configuration 0000000180028090 f   sfc_debug:sfcdebug.obj
 0001:00027120       sf_debug_store_current_state_configuration 0000000180028120 f   sfc_debug:sfcdebug.obj
 0001:000271b0       sf_debug_restore_previous_state_configuration 00000001800281b0 f   sfc_debug:sfcdebug.obj
 0001:00027240       sf_debug_restore_previous_state_configuration2 0000000180028240 f   sfc_debug:sfcdebug.obj
 0001:000272d0       sf_debug_get_event_scope   00000001800282d0 f   sfc_debug:sfcdebug.obj
 0001:00027440       use_debugger_step_animation 0000000180028440 f   sfc_debug:sfcdebug.obj
 0001:00027460       sf_debug_get_script_id     0000000180028460 f   sfc_debug:sfcdebug.obj
 0001:000274f0       sf_debug_set_script_translation 00000001800284f0 f   sfc_debug:sfcdebug.obj
 0001:00027670       sf_debug_extract_message_post_receive_info 0000000180028670 f   sfc_debug:sfcdebug.obj
 0001:00027770       sf_debug_get_current_machine_id 0000000180028770 f   sfc_debug:sfcdebug.obj
 0001:00027790       sf_debug_get_current_optional_integer 0000000180028790 f   sfc_debug:sfcdebug.obj
 0001:000277a0       sf_debug_get_current_machine_number 00000001800287a0 f   sfc_debug:sfcdebug.obj
 0001:000277c0       sf_debug_get_current_machine_name 00000001800287c0 f   sfc_debug:sfcdebug.obj
 0001:000277e0       sf_debug_get_current_chart_id 00000001800287e0 f   sfc_debug:sfcdebug.obj
 0001:00027830       sf_debug_get_current_chart_number 0000000180028830 f   sfc_debug:sfcdebug.obj
 0001:00027840       sf_debug_get_current_instance_number 0000000180028840 f   sfc_debug:sfcdebug.obj
 0001:00027850       sf_debug_get_current_is_minor_time_step 0000000180028850 f   sfc_debug:sfcdebug.obj
 0001:000278d0       sf_debug_get_current_object_type 00000001800288d0 f   sfc_debug:sfcdebug.obj
 0001:000278e0       sf_debug_get_current_instance_handle 00000001800288e0 f   sfc_debug:sfcdebug.obj
 0001:00027940       sf_debug_get_current_event_type 0000000180028940 f   sfc_debug:sfcdebug.obj
 0001:00027950       sf_debug_get_current_object_id 0000000180028950 f   sfc_debug:sfcdebug.obj
 0001:00027990       sf_debug_get_current_active_event_type 0000000180028990 f   sfc_debug:sfcdebug.obj
 0001:000279a0       sf_debug_get_current_active_event_id 00000001800289a0 f   sfc_debug:sfcdebug.obj
 0001:000279e0       sf_debug_get_current_tag_type 00000001800289e0 f   sfc_debug:sfcdebug.obj
 0001:000279f0       sf_debug_get_current_simulation_time 00000001800289f0 f   sfc_debug:sfcdebug.obj
 0001:00027a00       sf_debug_get_current_coverage_percentage 0000000180028a00 f   sfc_debug:sfcdebug.obj
 0001:00027a10       sf_debug_current_statement_context 0000000180028a10 f   sfc_debug:sfcdebug.obj
 0001:00027aa0       sf_debug_get_current_statement_info 0000000180028aa0 f   sfc_debug:sfcdebug.obj
 0001:00027c20       sf_debug_terminate_instance 0000000180028c20 f   sfc_debug:sfcdebug.obj
 0001:00027f60       sf_debug_assertion_failed  0000000180028f60 f   sfc_debug:sfcdebug.obj
 0001:000281c0       sf_debug_set_number_of_data_with_change_event_for_machine 00000001800291c0 f   sfc_debug:sfcdebug.obj
 0001:00028200       sf_debug_set_machine_event_thresholds 0000000180029200 f   sfc_debug:sfcdebug.obj
 0001:00028220       sf_debug_set_machine_event_scope 0000000180029220 f   sfc_debug:sfcdebug.obj
 0001:00028260       sf_debug_set_machine_data_thresholds 0000000180029260 f   sfc_debug:sfcdebug.obj
 0001:000282a0       sf_debug_set_machine_data_scope 00000001800292a0 f   sfc_debug:sfcdebug.obj
 0001:00028330       sf_debug_set_machine_data_name 0000000180029330 f   sfc_debug:sfcdebug.obj
 0001:000283d0       sf_debug_set_machine_data_size 00000001800293d0 f   sfc_debug:sfcdebug.obj
 0001:00028510       sf_debug_set_machine_data_type 0000000180029510 f   sfc_debug:sfcdebug.obj
 0001:00028680       sf_debug_get_chart_data_number 0000000180029680 f   sfc_debug:sfcdebug.obj
 0001:000286a0       sf_debug_get_chart_event_number 00000001800296a0 f   sfc_debug:sfcdebug.obj
 0001:000286c0       sf_debug_set_chart_state_info 00000001800296c0 f   sfc_debug:sfcdebug.obj
 0001:00028740       sf_debug_set_chart_decomposition 0000000180029740 f   sfc_debug:sfcdebug.obj
 0001:000287b0       sf_debug_set_chart_substate_count 00000001800297b0 f   sfc_debug:sfcdebug.obj
 0001:00028890       sf_debug_set_chart_substate_index 0000000180029890 f   sfc_debug:sfcdebug.obj
 0001:00028900       sf_debug_set_chart_state_substate_count 0000000180029900 f   sfc_debug:sfcdebug.obj
 0001:00028a10       sf_debug_set_chart_state_substate_index 0000000180029a10 f   sfc_debug:sfcdebug.obj
 0001:00028a90       sf_debug_set_number_of_data_with_change_event_for_chart 0000000180029a90 f   sfc_debug:sfcdebug.obj
 0001:00028b10       sf_debug_set_number_of_states_with_entry_event_for_chart 0000000180029b10 f   sfc_debug:sfcdebug.obj
 0001:00028b80       sf_debug_set_number_of_states_with_exit_event_for_chart 0000000180029b80 f   sfc_debug:sfcdebug.obj
 0001:00028bf0       sf_debug_set_chart_disable_implicit_casting 0000000180029bf0 f   sfc_debug:sfcdebug.obj
 0001:00028c60       sf_debug_set_chart_event_thresholds 0000000180029c60 f   sfc_debug:sfcdebug.obj
 0001:00028cd0       sf_debug_set_chart_data_compiled_props 0000000180029cd0 f   sfc_debug:sfcdebug.obj
 0001:00029020       sf_debug_set_chart_data_props 000000018002a020 f   sfc_debug:sfcdebug.obj
 0001:00029340       sf_debug_check_fi_license  000000018002a340 f   sfc_debug:sfcdebug.obj
 0001:00029530       sf_debug_symbol_scope_push 000000018002a530 f   sfc_debug:sfcdebug.obj
 0001:00029570       sf_debug_symbol_scope_push_eml 000000018002a570 f   sfc_debug:sfcdebug.obj
 0001:000295c0       sf_debug_symbol_scope_pop  000000018002a5c0 f   sfc_debug:sfcdebug.obj
 0001:00029600       sf_debug_symbol_scope_add_importable 000000018002a600 f   sfc_debug:sfcdebug.obj
 0001:00029680       sf_debug_symbol_scope_add  000000018002a680 f   sfc_debug:sfcdebug.obj
 0001:00029700       sf_debug_symbol_scope_add_dyn_importable 000000018002a700 f   sfc_debug:sfcdebug.obj
 0001:000297c0       sf_debug_symbol_scope_add_dyn 000000018002a7c0 f   sfc_debug:sfcdebug.obj
 0001:000297f0       sf_debug_symbol_scope_add_eml_importable 000000018002a7f0 f   sfc_debug:sfcdebug.obj
 0001:00029830       sf_debug_symbol_scope_add_eml 000000018002a830 f   sfc_debug:sfcdebug.obj
 0001:00029870       sf_debug_symbol_scope_add_eml_dyn_importable 000000018002a870 f   sfc_debug:sfcdebug.obj
 0001:000298e0       sf_debug_symbol_scope_add_eml_dyn 000000018002a8e0 f   sfc_debug:sfcdebug.obj
 0001:00029940       sf_debug_symbol_switch     000000018002a940 f   sfc_debug:sfcdebug.obj
 0001:00029960       sf_debug_symbol_scope_add_verbose 000000018002a960 f   sfc_debug:sfcdebug.obj
 0001:00029a30       sf_debug_set_machine_data_value_ptr 000000018002aa30 f   sfc_debug:sfcdebug.obj
 0001:00029a70       sf_debug_set_instance_data_value_ptr 000000018002aa70 f   sfc_debug:sfcdebug.obj
 0001:00029b30       sf_debug_unset_instance_data_value_ptr 000000018002ab30 f   sfc_debug:sfcdebug.obj
 0001:00029be0       sf_debug_set_chart_event_scope 000000018002abe0 f   sfc_debug:sfcdebug.obj
 0001:00029c60       sf_debug_set_chart_transition_coverage_maps 000000018002ac60 f   sfc_debug:sfcdebug.obj
 0001:00029d70       sf_debug_set_chart_state_coverage_maps 000000018002ad70 f   sfc_debug:sfcdebug.obj
 0001:00029e50       sf_debug_set_instance_transition_coverage_weights 000000018002ae50 f   sfc_debug:sfcdebug.obj
 0001:00029ef0       sf_debug_set_instance_state_coverage_weights 000000018002aef0 f   sfc_debug:sfcdebug.obj
 0001:0002a140       sf_debug_unload_machine    000000018002b140 f   sfc_debug:sfcdebug.obj
 0001:0002a190       sf_debug_load_machine      000000018002b190 f   sfc_debug:sfcdebug.obj
 0001:0002a290       sf_debug_set_active_instance_in_data_dictionary 000000018002b290 f   sfc_debug:sfcdebug.obj
 0001:0002a470       sf_debug_set_active_instance 000000018002b470 f   sfc_debug:sfcdebug.obj
 0001:0002a5d0       sf_debug_chart_visiblity_change 000000018002b5d0 f   sfc_debug:sfcdebug.obj
 0001:0002a6d0       sf_debug_select_chart      000000018002b6d0 f   sfc_debug:sfcdebug.obj
 0001:0002a840       sf_debug_set_instance_cv_ids 000000018002b840 f   sfc_debug:sfcdebug.obj
 0001:0002ab50       sf_debug_select_charts     000000018002bb50 f   sfc_debug:sfcdebug.obj
 0001:0002ace0       sf_debug_initialized       000000018002bce0 f   sfc_debug:sfcdebug.obj
 0001:0002acf0       sf_debug_is_uninterruptible 000000018002bcf0 f   sfc_debug:sfcdebug.obj
 0001:0002ad20       sf_debug_initialize_debugger_gui 000000018002bd20 f   sfc_debug:sfcdebug.obj
 0001:0002b110       sf_debug_resume            000000018002c110 f   sfc_debug:sfcdebug.obj
 0001:0002b130       sf_debug_go                000000018002c130 f   sfc_debug:sfcdebug.obj
 0001:0002b140       sf_debug_break             000000018002c140 f   sfc_debug:sfcdebug.obj
 0001:0002b150       sf_debug_step_over         000000018002c150 f   sfc_debug:sfcdebug.obj
 0001:0002b160       sf_debug_step_out          000000018002c160 f   sfc_debug:sfcdebug.obj
 0001:0002b170       sf_debug_set_disable_all_breakpoints 000000018002c170 f   sfc_debug:sfcdebug.obj
 0001:0002b180       sf_debug_disable_all_breakpoints_and_go 000000018002c180 f   sfc_debug:sfcdebug.obj
 0001:0002b190       sf_debug_break_on_chart_entry 000000018002c190 f   sfc_debug:sfcdebug.obj
 0001:0002b1a0       sf_debug_break_on_event_broadcast 000000018002c1a0 f   sfc_debug:sfcdebug.obj
 0001:0002b1b0       sf_debug_break_on_state_entry 000000018002c1b0 f   sfc_debug:sfcdebug.obj
 0001:0002b1c0       sf_debug_break_between_times 000000018002c1c0 f   sfc_debug:sfcdebug.obj
 0001:0002b1e0       sf_debug_browse_data       000000018002c1e0 f   sfc_debug:sfcdebug.obj
 0001:0002b200       sf_debug_watch_data        000000018002c200 f   sfc_debug:sfcdebug.obj
 0001:0002b220       sf_debug_assign_data       000000018002c220 f   sfc_debug:sfcdebug.obj
 0001:0002b240       sf_debug_whos              000000018002c240 f   sfc_debug:sfcdebug.obj
 0001:0002b260       sf_debug_get_consistency_info 000000018002c260 f   sfc_debug:sfcdebug.obj
 0001:0002b270       sf_debug_browse_trace      000000018002c270 f   sfc_debug:sfcdebug.obj
 0001:0002b280       sf_debug_set_breakpoints   000000018002c280 f   sfc_debug:sfcdebug.obj
 0001:0002b3e0       sf_debug_set_eml_breakpoints 000000018002c3e0 f   sfc_debug:sfcdebug.obj
 0001:0002b540       sf_debug_set_script_breakpoints 000000018002c540 f   sfc_debug:sfcdebug.obj
 0001:0002b5c0       sf_debug_add_script_breakpoints 000000018002c5c0 f   sfc_debug:sfcdebug.obj
 0001:0002b630       sf_debug_clear_script_breakpoints 000000018002c630 f   sfc_debug:sfcdebug.obj
 0001:0002b6a0       sf_debug_query_script_breakpoints 000000018002c6a0 f   sfc_debug:sfcdebug.obj
 0001:0002b760       sf_debug_get_eml_script_id 000000018002c760 f   sfc_debug:sfcdebug.obj
 0001:0002b7b0       sf_debug_set_watch         000000018002c7b0 f   sfc_debug:sfcdebug.obj
 0001:0002b9e0       sf_debug_get_instance_handle 000000018002c9e0 f   sfc_debug:sfcdebug.obj
 0001:0002ba70       sf_debug_get_active_states 000000018002ca70 f   sfc_debug:sfcdebug.obj
 0001:0002ba80       sf_debug_get_animation     000000018002ca80 f   sfc_debug:sfcdebug.obj
 0001:0002ba90       sf_debug_set_animation     000000018002ca90 f   sfc_debug:sfcdebug.obj
 0001:0002baa0       sf_debug_animate           000000018002caa0 f   sfc_debug:sfcdebug.obj
 0001:0002bad0       sf_debug_cycle_detection_check 000000018002cad0 f   sfc_debug:sfcdebug.obj
 0001:0002bae0       sf_debug_data_range_check  000000018002cae0 f   sfc_debug:sfcdebug.obj
 0001:0002baf0       sf_debug_transition_conflict_check 000000018002caf0 f   sfc_debug:sfcdebug.obj
 0001:0002bb00       sf_debug_state_consistency_check 000000018002cb00 f   sfc_debug:sfcdebug.obj
 0001:0002bb10       sf_debug_data_range_check_enabled 000000018002cb10 f   sfc_debug:sfcdebug.obj
 0001:0002bb30       sf_debug_transition_conflict_check_enabled 000000018002cb30 f   sfc_debug:sfcdebug.obj
 0001:0002bb50       sf_debug_transition_conflict_check_begin 000000018002cb50 f   sfc_debug:sfcdebug.obj
 0001:0002bb70       sf_debug_transition_conflict_check_end 000000018002cb70 f   sfc_debug:sfcdebug.obj
 0001:0002bb90       sf_debug_stop_debugging    000000018002cb90 f   sfc_debug:sfcdebug.obj
 0001:0002bbc0       sf_debug_is_cycle_detected 000000018002cbc0 f   sfc_debug:sfcdebug.obj
 0001:0002bbd0       sf_debug_is_array_bounds_detected 000000018002cbd0 f   sfc_debug:sfcdebug.obj
 0001:0002bbe0       sf_debug_get_state_vectors_data_size 000000018002cbe0 f   sfc_debug:sfcdebug.obj
 0001:0002bc20       sf_debug_get_state_vectors_data 000000018002cc20 f   sfc_debug:sfcdebug.obj
 0001:0002bd20       sf_debug_set_state_vectors_data 000000018002cd20 f   sfc_debug:sfcdebug.obj
 0001:0002bfe0       sf_debug_get_script_index  000000018002cfe0 f   sfc_debug:sfcdebug.obj
 0001:0002c170       sf_debug_add_script        000000018002d170 f   sfc_debug:sfcdebug.obj
 0001:0002c300       cv_eval_point              000000018002d300 f   sfc_debug:sfcdebug.obj
 0001:0002c470       cv_eval_testobjective      000000018002d470 f   sfc_debug:sfcdebug.obj
 0001:0002c590       sf_debug_cv_init_state     000000018002d590 f   sfc_debug:sfcdebug.obj
 0001:0002c6b0       sf_debug_cv_init_chart     000000018002d6b0 f   sfc_debug:sfcdebug.obj
 0001:0002c790       sf_debug_cv_init_trans     000000018002d790 f   sfc_debug:sfcdebug.obj
 0001:0002c890       sf_debug_cv_init_testobjectives 000000018002d890 f   sfc_debug:sfcdebug.obj
 0001:0002ca70       cv_eml_init_script         000000018002da70 f   sfc_debug:sfcdebug.obj
 0001:0002cb80       cv_eml_init_fcn            000000018002db80 f   sfc_debug:sfcdebug.obj
 0001:0002cc30       cv_eml_init_testobjective  000000018002dc30 f   sfc_debug:sfcdebug.obj
 0001:0002cd00       cv_eml_init_saturation     000000018002dd00 f   sfc_debug:sfcdebug.obj
 0001:0002cdc0       cv_eml_init_if             000000018002ddc0 f   sfc_debug:sfcdebug.obj
 0001:0002ce90       cv_eml_init_for            000000018002de90 f   sfc_debug:sfcdebug.obj
 0001:0002cf50       cv_eml_init_while          000000018002df50 f   sfc_debug:sfcdebug.obj
 0001:0002d010       cv_eml_init_mcdc           000000018002e010 f   sfc_debug:sfcdebug.obj
 0001:0002d120       cv_eml_init_switch         000000018002e120 f   sfc_debug:sfcdebug.obj
 0001:0002d210       cv_eml_eval                000000018002e210 f   sfc_debug:sfcdebug.obj
 0001:0002d2f0       sf_debug_bm_is_a_eml_breakpoint 000000018002e2f0 f   sfc_debug:sfcdebug.obj
 0001:0002d440       sf_debug_temporal_threshold 000000018002e440 f   sfc_debug:sfcdebug.obj
 0001:0002d7a0       sf_debug_transition_conflict_error 000000018002e7a0 f   sfc_debug:sfcdebug.obj
 0001:0002db20       sf_debug_state_inconsistency_error 000000018002eb20 f   sfc_debug:sfcdebug.obj
 0001:0002dc40       sf_debug_check_for_state_inconsistency 000000018002ec40 f   sfc_debug:sfcdebug.obj
 0001:0002dc70       sf_debug_cycle_detecton_error 000000018002ec70 f   sfc_debug:sfcdebug.obj
 0001:0002e440       sf_debug_size_eq_check_1d  000000018002f440 f   sfc_debug:sfcdebug.obj
 0001:0002e460       sf_debug_size_eq_check_nd  000000018002f460 f   sfc_debug:sfcdebug.obj
 0001:0002e640       sf_debug_dim_size_eq_check 000000018002f640 f   sfc_debug:sfcdebug.obj
 0001:0002e670       sf_debug_dim_size_geq_check 000000018002f670 f   sfc_debug:sfcdebug.obj
 0001:0002e6a0       sf_debug_sub_assign_size_check_nd 000000018002f6a0 f   sfc_debug:sfcdebug.obj
 0001:0002e8e0       sf_debug_matrix_matrix_index_check 000000018002f8e0 f   sfc_debug:sfcdebug.obj
 0001:0002e910       sf_debug_vector_vector_index_check 000000018002f910 f   sfc_debug:sfcdebug.obj
 0001:0002e940       sf_debug_for_loop_vector_check 000000018002f940 f   sfc_debug:sfcdebug.obj
 0001:0002e9d0       sf_debug_runtime_error_msgid 000000018002f9d0 f   sfc_debug:sfcdebug.obj
 0001:0002ea60       sf_debug_data_array_bounds_error_check 000000018002fa60 f   sfc_debug:sfcdebug.obj
 0001:0002eb70       sf_debug_eml_data_array_bounds_error_check 000000018002fb70 f   sfc_debug:sfcdebug.obj
 0001:0002f050       sf_debug_integer_check     0000000180030050 f   sfc_debug:sfcdebug.obj
 0001:0002f130       sf_debug_not_nan_check     0000000180030130 f   sfc_debug:sfcdebug.obj
 0001:0002f1f0       sf_debug_non_negative_check 00000001800301f0 f   sfc_debug:sfcdebug.obj
 0001:0002f2b0       sf_debug_overflow_detection 00000001800302b0 f   sfc_debug:sfcdebug.obj
 0001:0002f9a0       sf_debug_cast_to_real32_T  00000001800309a0 f   sfc_debug:sfcdebug.obj
 0001:0002fa60       sf_debug_cast_to_int8_T    0000000180030a60 f   sfc_debug:sfcdebug.obj
 0001:0002fb20       sf_debug_cast_to_uint8_T   0000000180030b20 f   sfc_debug:sfcdebug.obj
 0001:0002fbe0       sf_debug_cast_to_int16_T   0000000180030be0 f   sfc_debug:sfcdebug.obj
 0001:0002fca0       sf_debug_cast_to_uint16_T  0000000180030ca0 f   sfc_debug:sfcdebug.obj
 0001:0002fd60       sf_debug_cast_to_int32_T   0000000180030d60 f   sfc_debug:sfcdebug.obj
 0001:0002fe20       sf_debug_cast_to_uint32_T  0000000180030e20 f   sfc_debug:sfcdebug.obj
 0001:0002fee0       sf_debug_data_range_error  0000000180030ee0 f   sfc_debug:sfcdebug.obj
 0001:00030230       sf_debug_read_before_write_check 0000000180031230 f   sfc_debug:sfcdebug.obj
 0001:00030690       sf_debug_data_range_error_wrapper_min_max 0000000180031690 f   sfc_debug:sfcdebug.obj
 0001:00030780       sf_debug_data_range_error_wrapper_min 0000000180031780 f   sfc_debug:sfcdebug.obj
 0001:00030860       sf_debug_data_range_error_wrapper_max 0000000180031860 f   sfc_debug:sfcdebug.obj
 0001:00030940       sf_debug_data_range_wrapper 0000000180031940 f   sfc_debug:sfcdebug.obj
 0001:000309f0       sf_debug_set_current_status_info 00000001800319f0 f   sfc_debug:sfcdebug.obj
 0001:00030da0       sf_debug_register_message_post_receive_info 0000000180031da0 f   sfc_debug:sfcdebug.obj
 0001:00031010       sf_debug_call              0000000180032010 f   sfc_debug:sfcdebug.obj
 0001:00031c70       sf_debug_initialize_machine 0000000180032c70 f   sfc_debug:sfcdebug.obj
 0001:00031f80       sf_debug_initialize_chart  0000000180032f80 f   sfc_debug:sfcdebug.obj
 0001:000323d0       sf_debug_ensure_script     00000001800333d0 f   sfc_debug:sfcdebug.obj
 0001:00032490       cv_script_init_script      0000000180033490 f   sfc_debug:sfcdebug.obj
 0001:00032580       cv_script_init_fcn         0000000180033580 f   sfc_debug:sfcdebug.obj
 0001:00032630       cv_script_init_testobjective 0000000180033630 f   sfc_debug:sfcdebug.obj
 0001:000326e0       cv_script_init_if          00000001800336e0 f   sfc_debug:sfcdebug.obj
 0001:00032790       cv_script_init_for         0000000180033790 f   sfc_debug:sfcdebug.obj
 0001:00032840       cv_script_init_while       0000000180033840 f   sfc_debug:sfcdebug.obj
 0001:000328f0       cv_script_init_mcdc        00000001800338f0 f   sfc_debug:sfcdebug.obj
 0001:000329f0       cv_script_init_switch      00000001800339f0 f   sfc_debug:sfcdebug.obj
 0001:00032ad0       cv_script_eval             0000000180033ad0 f   sfc_debug:sfcdebug.obj
 0001:00032bb0       eml_debug_line_call        0000000180033bb0 f   sfc_debug:sfcdebug.obj
 0001:00032d60       sf_debug_terminate         0000000180033d60 f   sfc_debug:sfcdebug.obj
 0001:00032ed0       sf_debug_set_script_cv_ids 0000000180033ed0 f   sfc_debug:sfcdebug.obj
 0001:00033000       sf_debug_api               0000000180034000 f   sfc_debug:sfc_api.obj
 0001:000346b0       sf_debug_sm_terminate      00000001800356b0 f   sfc_debug:sfdb_animation.obj
 0001:00034870       sf_debug_reset_path_objects 0000000180035870 f   sfc_debug:sfdb_animation.obj
 0001:000348f0       sf_debug_sm_reset_object_selection_status 00000001800358f0 f   sfc_debug:sfdb_animation.obj
 0001:00034990       sf_debug_sm_reset_state_buffer 0000000180035990 f   sfc_debug:sfdb_animation.obj
 0001:00034a60       sf_debug_sm_store_state_buffer 0000000180035a60 f   sfc_debug:sfdb_animation.obj
 0001:00034ae0       sf_debug_sm_restore_state_buffer1 0000000180035ae0 f   sfc_debug:sfdb_animation.obj
 0001:00034b50       sf_debug_sm_restore_state_buffer2 0000000180035b50 f   sfc_debug:sfdb_animation.obj
 0001:00034bc0       sf_debug_sm_chart_active   0000000180035bc0 f   sfc_debug:sfdb_animation.obj
 0001:00034c10       sf_debug_sm_select_active_objects 0000000180035c10 f   sfc_debug:sfdb_animation.obj
 0001:00035100       sf_debug_sm_is_chart_active 0000000180036100 f   sfc_debug:sfdb_animation.obj
 0001:00035140       sf_debug_sm_is_state_active 0000000180036140 f   sfc_debug:sfdb_animation.obj
 0001:00035380       sf_debug_sm_get_active_states 0000000180036380 f   sfc_debug:sfdb_animation.obj
 0001:00035940       sf_debug_sm_initialize_instance 0000000180036940 f   sfc_debug:sfdb_animation.obj
 0001:00035b60       sf_debug_sm_change_object_selection_status 0000000180036b60 f   sfc_debug:sfdb_animation.obj
 0001:00035e70       cv_create_interface        0000000180036e70 f   sfc_debug:cv_sfinterface.obj
 0001:000361d0       cv_init_trans              00000001800371d0 f   sfc_debug:cv_sfinterface.obj
 0001:00036220       cv_init_testobjective      0000000180037220 f   sfc_debug:cv_sfinterface.obj
 0001:00036260       cv_init_state              0000000180037260 f   sfc_debug:cv_sfinterface.obj
 0001:000362d0       cv_init_chart              00000001800372d0 f   sfc_debug:cv_sfinterface.obj
 0001:00036320       cv_dec_update_call         0000000180037320 f   sfc_debug:cv_sfinterface.obj
 0001:00036360       cv_cond_update_call        0000000180037360 f   sfc_debug:cv_sfinterface.obj
 0001:000363a0       cv_testobjective_update_call 00000001800373a0 f   sfc_debug:cv_sfinterface.obj
 0001:000363e0       cv_sigrange_update         00000001800373e0 f   sfc_debug:cv_sfinterface.obj
 0001:00036420       cvsf_eml_eval              0000000180037420 f   sfc_debug:cv_sfinterface.obj
 0001:00036510       cvsf_eml_init_script       0000000180037510 f   sfc_debug:cv_sfinterface.obj
 0001:000365a0       cvsf_eml_init_fcn          00000001800375a0 f   sfc_debug:cv_sfinterface.obj
 0001:00036600       cvsf_eml_init_testobjective 0000000180037600 f   sfc_debug:cv_sfinterface.obj
 0001:00036660       cvsf_eml_init_saturation   0000000180037660 f   sfc_debug:cv_sfinterface.obj
 0001:000366b0       cvsf_eml_init_if           00000001800376b0 f   sfc_debug:cv_sfinterface.obj
 0001:00036710       cvsf_eml_init_for          0000000180037710 f   sfc_debug:cv_sfinterface.obj
 0001:00036760       cvsf_eml_init_while        0000000180037760 f   sfc_debug:cv_sfinterface.obj
 0001:000367b0       cvsf_eml_init_mcdc         00000001800377b0 f   sfc_debug:cv_sfinterface.obj
 0001:00036840       cvsf_eml_init_switch       0000000180037840 f   sfc_debug:cv_sfinterface.obj
 0001:000368b0       cvsf_script_eval           00000001800378b0 f   sfc_debug:cv_sfinterface.obj
 0001:000369a0       cvsf_script_init_script    00000001800379a0 f   sfc_debug:cv_sfinterface.obj
 0001:00036a30       cvsf_script_init_fcn       0000000180037a30 f   sfc_debug:cv_sfinterface.obj
 0001:00036a90       cvsf_script_init_testobjective 0000000180037a90 f   sfc_debug:cv_sfinterface.obj
 0001:00036af0       cvsf_script_init_saturation 0000000180037af0 f   sfc_debug:cv_sfinterface.obj
 0001:00036b40       cvsf_script_init_if        0000000180037b40 f   sfc_debug:cv_sfinterface.obj
 0001:00036ba0       cvsf_script_init_for       0000000180037ba0 f   sfc_debug:cv_sfinterface.obj
 0001:00036bf0       cvsf_script_init_while     0000000180037bf0 f   sfc_debug:cv_sfinterface.obj
 0001:00036c40       cvsf_script_init_mcdc      0000000180037c40 f   sfc_debug:cv_sfinterface.obj
 0001:00036cd0       cvsf_script_init_switch    0000000180037cd0 f   sfc_debug:cv_sfinterface.obj
 0001:00036d40       cv_destroy_interface       0000000180037d40 f   sfc_debug:cv_sfinterface.obj
 0001:00036d60       cv_create_instance_objects 0000000180037d60 f   sfc_debug:cv_sfinterface.obj
 0001:00037210       cv_is_enabled              0000000180038210 f   sfc_debug:cv_sfinterface.obj
 0001:00037220       sf_debug_cv_initialize_script 0000000180038220 f   sfc_debug:cv_sfinterface.obj
 0001:000373d0       sf_debug_cv_initialize_instance 00000001800383d0 f   sfc_debug:cv_sfinterface.obj
 0001:00037770       sf_debug_cv_terminate_chart 0000000180038770 f   sfc_debug:cv_sfinterface.obj
 0001:000378b0       cv_call_trans_test         00000001800388b0 f   sfc_debug:cv_sfinterface.obj
 0001:000378c0       cv_call_sub_cond_test      00000001800388c0 f   sfc_debug:cv_sfinterface.obj
 0001:00037900       sf_debug_st_initialize_machine 0000000180038900 f   sfc_debug:sfdb_data_browse.obj
 0001:000379c0       sf_debug_st_initialize_instance 00000001800389c0 f   sfc_debug:sfdb_data_browse.obj
 0001:00037bf0       sf_debug_st_terminate      0000000180038bf0 f   sfc_debug:sfdb_data_browse.obj
 0001:00037f90       sf_debug_st_set_data_value_ptr_in_machine 0000000180038f90 f   sfc_debug:sfdb_data_browse.obj
 0001:00038020       sf_debug_st_set_data_value_ptr_in_instance 0000000180039020 f   sfc_debug:sfdb_data_browse.obj
 0001:00038100       sf_debug_st_unset_data_value_ptr_in_machine 0000000180039100 f   sfc_debug:sfdb_data_browse.obj
 0001:00038170       sf_debug_st_unset_data_value_ptr_in_instance 0000000180039170 f   sfc_debug:sfdb_data_browse.obj
 0001:00038480       sf_debug_mx_value          0000000180039480 f   sfc_debug:sfdb_data_browse.obj
 0001:000384e0       sf_debug_mx_packed_vector  00000001800394e0 f   sfc_debug:sfdb_data_browse.obj
 0001:000385c0       sf_debug_mx_uint_vector    00000001800395c0 f   sfc_debug:sfdb_data_browse.obj
 0001:00038680       sf_debug_st_get_double_value_from_void_ptr_vector 0000000180039680 f   sfc_debug:sfdb_data_browse.obj
 0001:00039170       sf_debug_st_browse_data    000000018003a170 f   sfc_debug:sfdb_data_browse.obj
 0001:00039a00       sf_debug_hm_initialize_instance 000000018003aa00 f   sfc_debug:sfdb_handle_management.obj
 0001:00039f30       sf_debug_hm_get_object_id  000000018003af30 f   sfc_debug:sfdb_handle_management.obj
 0001:0003aae0       sf_debug_hm_update_chart_visibility 000000018003bae0 f   sfc_debug:sfdb_handle_management.obj
 0001:0003bdc0       sf_debug_object_is_eml_function 000000018003cdc0 f   sfc_debug:sfdb_handle_management.obj
 0001:0003be30       sf_debug_hm_initialize_ids_in_machine 000000018003ce30 f   sfc_debug:sfdb_handle_management.obj
 0001:0003bfa0       sf_debug_hm_initialize_ids_in_chart 000000018003cfa0 f   sfc_debug:sfdb_handle_management.obj
 0001:0003c0a0       sf_debug_hm_initialize_chart 000000018003d0a0 f   sfc_debug:sfdb_handle_management.obj
 0001:0003c840       sf_debug_hm_terminate      000000018003d840 f   sfc_debug:sfdb_handle_management.obj
 0001:0003c8a0       sf_debug_hm_initialize_machine 000000018003d8a0 f   sfc_debug:sfdb_handle_management.obj
 0001:0003d050       sf_debug_ss_initialize     000000018003e050 f   sfc_debug:sfdb_symbol_scope.obj
 0001:0003d070       sf_debug_ss_terminate      000000018003e070 f   sfc_debug:sfdb_symbol_scope.obj
 0001:0003d100       sf_debug_ss_push_symbol_scope 000000018003e100 f   sfc_debug:sfdb_symbol_scope.obj
 0001:0003d200       sf_debug_ss_push_symbol_scope_eml 000000018003e200 f   sfc_debug:sfdb_symbol_scope.obj
 0001:0003d260       sf_debug_ss_pop_symbol_scope 000000018003e260 f   sfc_debug:sfdb_symbol_scope.obj
 0001:0003d310       sf_debug_ss_add_symbol     000000018003e310 f   sfc_debug:sfdb_symbol_scope.obj
 0001:0003d470       sf_debug_ss_add_symbol_eml 000000018003e470 f   sfc_debug:sfdb_symbol_scope.obj
 0001:0003e190       sf_debug_ss_set_data_value 000000018003f190 f   sfc_debug:sfdb_symbol_scope.obj
 0001:0003e660       getInstanceNumber          000000018003f660 f   sfc_debug:sfdb_symbol_scope.obj
 0001:0003e730       sf_debug_ss_watch_data     000000018003f730 f   sfc_debug:sfdb_symbol_scope.obj
 0001:0003e8d0       sf_debug_ss_assign_data    000000018003f8d0 f   sfc_debug:sfdb_symbol_scope.obj
 0001:0003f2f0       get_data_entry_name        00000001800402f0 f   sfc_debug:sfdb_symbol_scope.obj
 0001:0003f340       sf_debug_ss_whos           0000000180040340 f   sfc_debug:sfdb_symbol_scope.obj
 0001:0003fa60       sf_debug_cc_initialize_chart 0000000180040a60 f   sfc_debug:sfdb_coverage.obj
 0001:00040450       sf_debug_cc_initialize_instance 0000000180041450 f   sfc_debug:sfdb_coverage.obj
 0001:00041260       sf_debug_cc_terminate      0000000180042260 f   sfc_debug:sfdb_coverage.obj
 0001:00041350       sf_debug_cc_set_transition_maps 0000000180042350 f   sfc_debug:sfdb_coverage.obj
 0001:00041480       sf_debug_cc_set_state_maps 0000000180042480 f   sfc_debug:sfdb_coverage.obj
 0001:00041560       sf_debug_cc_set_transition_weights 0000000180042560 f   sfc_debug:sfdb_coverage.obj
 0001:00041830       sf_debug_cc_set_state_weights 0000000180042830 f   sfc_debug:sfdb_coverage.obj
 0001:00041b00       sf_debug_cc_mark_transition_guard 0000000180042b00 f   sfc_debug:sfdb_coverage.obj
 0001:00041b90       sf_debug_cc_mark_transition_trigger 0000000180042b90 f   sfc_debug:sfdb_coverage.obj
 0001:00041c20       sf_debug_cc_mark_transition_decision 0000000180042c20 f   sfc_debug:sfdb_coverage.obj
 0001:00041c90       sf_debug_cc_mark_transition_condition_action 0000000180042c90 f   sfc_debug:sfdb_coverage.obj
 0001:00041ce0       sf_debug_cc_mark_transition_transition_action 0000000180042ce0 f   sfc_debug:sfdb_coverage.obj
 0001:00041d30       sf_debug_cc_mark_state_entry 0000000180042d30 f   sfc_debug:sfdb_coverage.obj
 0001:00041d80       sf_debug_cc_mark_state_during 0000000180042d80 f   sfc_debug:sfdb_coverage.obj
 0001:00041dd0       sf_debug_cc_mark_state_exit 0000000180042dd0 f   sfc_debug:sfdb_coverage.obj
 0001:00041e20       sf_debug_bm_clear_script_breakpoints 0000000180042e20 f   sfc_debug:sfdb_breakpoints.obj
 0001:00041e50       sf_debug_bm_set_script_breakpoint 0000000180042e50 f   sfc_debug:sfdb_breakpoints.obj
 0001:00041ed0       sf_debug_bm_clear_single_script_breakpoint 0000000180042ed0 f   sfc_debug:sfdb_breakpoints.obj
 0001:00041f50       sf_debug_bm_query_script_breakpoint 0000000180042f50 f   sfc_debug:sfdb_breakpoints.obj
 0001:00041fa0       sf_debug_bm_initialize_scripts 0000000180042fa0 f   sfc_debug:sfdb_breakpoints.obj
 0001:000426c0       sf_debug_bm_terminate      00000001800436c0 f   sfc_debug:sfdb_breakpoints.obj
 0001:000429b0       sf_debug_bm_remove_all_breakpoints_in_machine 00000001800439b0 f   sfc_debug:sfdb_breakpoints.obj
 0001:00042a20       sf_debug_bm_remove_all_breakpoints_in_chart 0000000180043a20 f   sfc_debug:sfdb_breakpoints.obj
 0001:00042b70       sf_debug_bm_initialize_global_breakpoints 0000000180043b70 f   sfc_debug:sfdb_breakpoints.obj
 0001:00042cf0       sf_debug_bm_set_breakpoint 0000000180043cf0 f   sfc_debug:sfdb_breakpoints.obj
 0001:000432f0       sf_debug_bm_set_eml_breakpoint 00000001800442f0 f   sfc_debug:sfdb_breakpoints.obj
 0001:00043390       sf_debug_bm_initialize_machine_breakpoint_map 0000000180044390 f   sfc_debug:sfdb_breakpoints.obj
 0001:000437b0       sf_debug_bm_is_a_breakpoint 00000001800447b0 f   sfc_debug:sfdb_breakpoints.obj
 0001:00043d90       sf_debug_bm_get_all_breakpoints_in_machine 0000000180044d90 f   sfc_debug:sfdb_breakpoints.obj
 0001:00044090       sf_debug_bm_get_all_breakpoints_in_chart 0000000180045090 f   sfc_debug:sfdb_breakpoints.obj
 0001:00044d50       sf_debug_bm_initialize_machine 0000000180045d50 f   sfc_debug:sfdb_breakpoints.obj
 0001:00044e20       sf_debug_bm_initialize_chart 0000000180045e20 f   sfc_debug:sfdb_breakpoints.obj
 0001:00045240       sf_debug_sc_terminate      0000000180046240 f   sfc_debug:sfdb_state_consistency.obj
 0001:00045570       sf_debug_sc_is_chart_consistent 0000000180046570 f   sfc_debug:sfdb_state_consistency.obj
 0001:00045820       sf_debug_sc_get_consistency_error_info 0000000180046820 f   sfc_debug:sfdb_state_consistency.obj
 0001:00045c70       sf_debug_tm_terminate      0000000180046c70 f   sfc_debug:sfdb_call_stack.obj
 0001:00045d30       sf_debug_tm_push_chart_instance 0000000180046d30 f   sfc_debug:sfdb_call_stack.obj
 0001:00045e80       sf_debug_tm_pop_chart_instance 0000000180046e80 f   sfc_debug:sfdb_call_stack.obj
 0001:00045ee0       sf_debug_tm_push_trace_node 0000000180046ee0 f   sfc_debug:sfdb_call_stack.obj
 0001:00046070       sf_debug_tm_pop_trace_node 0000000180047070 f   sfc_debug:sfdb_call_stack.obj
 0001:000460f0       sf_debug_tm_get_current_global_trace_index 00000001800470f0 f   sfc_debug:sfdb_call_stack.obj
 0001:00046100       sf_debug_tm_get_current_local_trace_index 0000000180047100 f   sfc_debug:sfdb_call_stack.obj
 0001:00046130       sf_debug_tm_set_cycle_detected_flag 0000000180047130 f   sfc_debug:sfdb_call_stack.obj
 0001:00046170       sf_debug_tm_set_cycle_started_flag 0000000180047170 f   sfc_debug:sfdb_call_stack.obj
 0001:000461b0       sf_debug_tm_get_chart_number_from_stack 00000001800471b0 f   sfc_debug:sfdb_call_stack.obj
 0001:000463b0       sf_debug_tm_browse_trace   00000001800473b0 f   sfc_debug:sfdb_call_stack.obj
 0001:000466f0       sf_debug_cd_initialize_instance 00000001800476f0 f   sfc_debug:sfdb_cycle_detection.obj
 0001:000469a0       sf_debug_cd_mark_processed_transition_in_instance 00000001800479a0 f   sfc_debug:sfdb_cycle_detection.obj
 0001:00046a40       sf_debug_cd_checksum_push  0000000180047a40 f   sfc_debug:sfdb_cycle_detection.obj
 0001:00046d00       sf_debug_cd_checksum_pop   0000000180047d00 f   sfc_debug:sfdb_cycle_detection.obj
 0001:00046d70       sf_debug_cd_turn_off_cycle_detection 0000000180047d70 f   sfc_debug:sfdb_cycle_detection.obj
 0001:00046dc0       sf_debug_cd_terminate      0000000180047dc0 f   sfc_debug:sfdb_cycle_detection.obj
 0001:00047000       md5_initialize_state       0000000180048000 f   sfc_debug:ckmd5.obj
 0001:00047a70       md5_update_state           0000000180048a70 f   sfc_debug:ckmd5.obj
 0001:00047a90       md5_get_hash               0000000180048a90 f   sfc_debug:ckmd5.obj
 0001:00047ac0       md5_get_hash_for_a_single_string 0000000180048ac0 f   sfc_debug:ckmd5.obj
 0001:00047b24       mxGetPr                    0000000180048b24 f   libmx:libmx.dll
 0001:00047b2a       mxCreateDoubleScalar       0000000180048b2a f   libmx:libmx.dll
 0001:00047b30       mxCreateDoubleMatrix_730   0000000180048b30 f   libmx:libmx.dll
 0001:00047b36       mxSetField_730             0000000180048b36 f   libmx:libmx.dll
 0001:00047b3c       mxCreateString             0000000180048b3c f   libmx:libmx.dll
 0001:00047b42       mxCreateStructMatrix_730   0000000180048b42 f   libmx:libmx.dll
 0001:00047b48       mxDestroyArray             0000000180048b48 f   libmx:libmx.dll
 0001:00047b4e       mxDuplicateArray           0000000180048b4e f   libmx:libmx.dll
 0001:00047b54       mxGetString_730            0000000180048b54 f   libmx:libmx.dll
 0001:00047b5a       mxIsChar                   0000000180048b5a f   libmx:libmx.dll
 0001:00047b60       mxGetClassID               0000000180048b60 f   libmx:libmx.dll
 0001:00047b66       mxIsNumeric                0000000180048b66 f   libmx:libmx.dll
 0001:00047b6c       mxIsComplex                0000000180048b6c f   libmx:libmx.dll
 0001:00047b72       mxGetN                     0000000180048b72 f   libmx:libmx.dll
 0001:00047b78       mxGetM                     0000000180048b78 f   libmx:libmx.dll
 0001:00047b7e       mxCalloc                   0000000180048b7e f   libmx:libmx.dll
 0001:00047b84       mxGetScalar                0000000180048b84 f   libmx:libmx.dll
 0001:00047b8a       mxIsLogical                0000000180048b8a f   libmx:libmx.dll
 0001:00047b90       mxCreateDoubleMatrix_700   0000000180048b90 f   libmx:libmx.dll
 0001:00047b96       mxFree                     0000000180048b96 f   libmx:libmx.dll
 0001:00047b9c       mxArrayToString            0000000180048b9c f   libmx:libmx.dll
 0001:00047ba2       mxCreateCellMatrix_700     0000000180048ba2 f   libmx:libmx.dll
 0001:00047ba8       mxSetCell_700              0000000180048ba8 f   libmx:libmx.dll
 0001:00047bae       mxGetCell_700              0000000180048bae f   libmx:libmx.dll
 0001:00047bb4       mxGetClassName             0000000180048bb4 f   libmx:libmx.dll
 0001:00047bba       mxSetField_700             0000000180048bba f   libmx:libmx.dll
 0001:00047bc0       mxAddField                 0000000180048bc0 f   libmx:libmx.dll
 0001:00047bc6       mxGetField_700             0000000180048bc6 f   libmx:libmx.dll
 0001:00047bcc       mxGetNumberOfElements      0000000180048bcc f   libmx:libmx.dll
 0001:00047bd2       mxIsStruct                 0000000180048bd2 f   libmx:libmx.dll
 0001:00047bd8       mxIsA                      0000000180048bd8 f   libmx:libmx.dll
 0001:00047bde       mxIsClass                  0000000180048bde f   libmx:libmx.dll
 0001:00047be4       mxGetLogicals              0000000180048be4 f   libmx:libmx.dll
 0001:00047bea       mxIsSparse                 0000000180048bea f   libmx:libmx.dll
 0001:00047bf0       mxSetFieldByNumber_700     0000000180048bf0 f   libmx:libmx.dll
 0001:00047bf6       mxGetFieldByNumber_700     0000000180048bf6 f   libmx:libmx.dll
 0001:00047bfc       mxGetFieldNameByNumber     0000000180048bfc f   libmx:libmx.dll
 0001:00047c02       mxGetNumberOfFields        0000000180048c02 f   libmx:libmx.dll
 0001:00047c08       mxCreateStructMatrix_700   0000000180048c08 f   libmx:libmx.dll
 0001:00047c0e       mxGetFieldNumber           0000000180048c0e f   libmx:libmx.dll
 0001:00047c14       mxIsNaN                    0000000180048c14 f   libmx:libmx.dll
 0001:00047c1a       mxIsEmpty                  0000000180048c1a f   libmx:libmx.dll
 0001:00047c20       mxGetData                  0000000180048c20 f   libmx:libmx.dll
 0001:00047c26       mxGetImagData              0000000180048c26 f   libmx:libmx.dll
 0001:00047c2c       mxArrayClassIDName         0000000180048c2c f   libmx:libmx.dll
 0001:00047c32       mxCreateNumericMatrix_700  0000000180048c32 f   libmx:libmx.dll
 0001:00047c38       mxCreateStructArray_700    0000000180048c38 f   libmx:libmx.dll
 0001:00047c3e       mxCalcSingleSubscript_700  0000000180048c3e f   libmx:libmx.dll
 0001:00047c44       mxGetDimensions_700        0000000180048c44 f   libmx:libmx.dll
 0001:00047c4a       mxGetNumberOfDimensions_700 0000000180048c4a f   libmx:libmx.dll
 0001:00047c50       mxCreateNumericArray_700   0000000180048c50 f   libmx:libmx.dll
 0001:00047c56       mxGetElementSize           0000000180048c56 f   libmx:libmx.dll
 0001:00047c5c       mxCreateStringFromNChars_700 0000000180048c5c f   libmx:libmx.dll
 0001:00047c62       mxGetString_700            0000000180048c62 f   libmx:libmx.dll
 0001:00047c68       mxIsLogicalScalarTrue      0000000180048c68 f   libmx:libmx.dll
 0001:00047c6e       mxCreateLogicalScalar      0000000180048c6e f   libmx:libmx.dll
 0001:00047c74       mexUnlock                  0000000180048c74 f   libmex:libmex.dll
 0001:00047c7a       mexIsLocked                0000000180048c7a f   libmex:libmex.dll
 0001:00047c80       mexWarnMsgTxt              0000000180048c80 f   libmex:libmex.dll
 0001:00047c86       mexCallMATLAB              0000000180048c86 f   libmex:libmex.dll
 0001:00047c8c       mexErrMsgTxt               0000000180048c8c f   libmex:libmex.dll
 0001:00047c92       mexMakeArrayPersistent     0000000180048c92 f   libmex:libmex.dll
 0001:00047c98       mexSetTrapFlag             0000000180048c98 f   libmex:libmex.dll
 0001:00047c9e       mexPutVariable             0000000180048c9e f   libmex:libmex.dll
 0001:00047ca4       mexGetVariable             0000000180048ca4 f   libmex:libmex.dll
 0001:00047caa       mexLock                    0000000180048caa f   libmex:libmex.dll
 0001:00047cb0       mexMakeMemoryPersistent    0000000180048cb0 f   libmex:libmex.dll
 0001:00047cb6       mexFunctionName            0000000180048cb6 f   libmex:libmex.dll
 0001:00047cbc       ssRegisterDataTypeFxpFSlopeFixExpBias 0000000180048cbc f   libfixedpoint:libfixedpoint.dll
 0001:00047cc2       utVSNprintf                0000000180048cc2 f   libut:libut.dll
 0001:00047cc8       utCPUtime                  0000000180048cc8 f   libut:libut.dll
 0001:00047cce       utFree                     0000000180048cce f   libut:libut.dll
 0001:00047cd4       utMalloc                   0000000180048cd4 f   libut:libut.dll
 0001:00047cda       muDoubleScalarSin          0000000180048cda f   libmwmathutil:libmwmathutil.dll
 0001:00047ce0       muDoubleScalarCos          0000000180048ce0 f   libmwmathutil:libmwmathutil.dll
 0001:00047ce6       muDoubleScalarAbs          0000000180048ce6 f   libmwmathutil:libmwmathutil.dll
 0001:00047cec       muDoubleScalarPower        0000000180048cec f   libmwmathutil:libmwmathutil.dll
 0001:00047cf2       emlrtCreateRootTLS         0000000180048cf2 f   libemlrt:libemlrt.dll
 0001:00047cf8       emlrtDestroyRootTLS        0000000180048cf8 f   libemlrt:libemlrt.dll
 0001:00047cfe       emlrtCheckBuiltInR2012b    0000000180048cfe f   libemlrt:libemlrt.dll
 0001:00047d04       emlrtCheckVsBuiltInR2012b  0000000180048d04 f   libemlrt:libemlrt.dll
 0001:00047d0a       emlrtCheckEnumR2012b       0000000180048d0a f   libemlrt:libemlrt.dll
 0001:00047d10       emlrtCreateEnumR2012b      0000000180048d10 f   libemlrt:libemlrt.dll
 0001:00047d16       emlrtGetEnumElementR2009a  0000000180048d16 f   libemlrt:libemlrt.dll
 0001:00047d1c       emlrtCreateReference       0000000180048d1c f   libemlrt:libemlrt.dll
 0001:00047d22       emlrtImportVsFiArrayR2009b 0000000180048d22 f   libemlrt:libemlrt.dll
 0001:00047d28       emlrtNameCapturePostProcessR2012a 0000000180048d28 f   libemlrt:libemlrt.dll
 0001:00047d2e       emlrtExtractMessageId      0000000180048d2e f   libemlrt:libemlrt.dll
 0001:00047d34       emlrtTranslateMessageIDtoLCPstring 0000000180048d34 f   libemlrt:libemlrt.dll
 0001:00047d3a       emlrtForLoopVectorIsValidR2011b 0000000180048d3a f   libemlrt:libemlrt.dll
 0001:00047d40       emlrtTranslateUTF16MessagetoLCPstring 0000000180048d40 f   libemlrt:libemlrt.dll
 0001:00047d46       emlrtGetEnumUnderlyingArrayR2009a 0000000180048d46 f   libemlrt:libemlrt.dll
 0001:00047d4c       emlrtIsEnumR2009a          0000000180048d4c f   libemlrt:libemlrt.dll
 0001:00047d54       __GSHandlerCheckCommon     0000000180048d54 f   MSVCRT:gshandler.obj
 0001:00047db8       __GSHandlerCheck           0000000180048db8 f   MSVCRT:gshandler.obj
 0001:00047dd6       strlen                     0000000180048dd6 f   MSVCRT:MSVCR100.dll
 0001:00047df0       __security_check_cookie    0000000180048df0 f   MSVCRT:amdsecgs.obj
 0001:00047e10       memset                     0000000180048e10 f   MSVCRT:MSVCR100.dll
 0001:00047e16       malloc                     0000000180048e16 f   MSVCRT:MSVCR100.dll
 0001:00047e30       __chkstk                   0000000180048e30 f   MSVCRT:chkstk.obj
 0001:00047e30       _alloca_probe              0000000180048e30     MSVCRT:chkstk.obj
 0001:00047e7e       free                       0000000180048e7e f   MSVCRT:MSVCR100.dll
 0001:00047e84       strcmp                     0000000180048e84 f   MSVCRT:MSVCR100.dll
 0001:00047e8a       sprintf                    0000000180048e8a f   MSVCRT:MSVCR100.dll
 0001:00047e90       strcat                     0000000180048e90 f   MSVCRT:MSVCR100.dll
 0001:00047e96       memcpy                     0000000180048e96 f   MSVCRT:MSVCR100.dll
 0001:00047e9c       NtCurrentTeb               0000000180048e9c f i MSVCRT:crtdll.obj
 0001:00047f08       _CRT_INIT                  0000000180048f08 f   MSVCRT:crtdll.obj
 0001:000482a0       _DllMainCRTStartup         00000001800492a0 f   MSVCRT:crtdll.obj
 0001:000482de       strncpy                    00000001800492de f   MSVCRT:MSVCR100.dll
 0001:000482e4       longjmp                    00000001800492e4 f   MSVCRT:MSVCR100.dll
 0001:000482ea       strncmp                    00000001800492ea f   MSVCRT:MSVCR100.dll
 0001:000482f0       ceil                       00000001800492f0 f   MSVCRT:MSVCR100.dll
 0001:000482f6       strrchr                    00000001800492f6 f   MSVCRT:MSVCR100.dll
 0001:000482fc       _setjmp                    00000001800492fc f   MSVCRT:MSVCR100.dll
 0001:00048302       calloc                     0000000180049302 f   MSVCRT:MSVCR100.dll
 0001:00048308       realloc                    0000000180049308 f   MSVCRT:MSVCR100.dll
 0001:0004830e       ldexp                      000000018004930e f   MSVCRT:MSVCR100.dll
 0001:00048314       __report_gsfailure         0000000180049314 f   MSVCRT:gs_report.obj
 0001:00048460       __clean_type_info_names    0000000180049460 f   MSVCRT:tncleanup.obj
 0001:0004846c       _onexit                    000000018004946c f   MSVCRT:atonexit.obj
 0001:0004851c       atexit                     000000018004951c f   MSVCRT:atonexit.obj
 0001:00048534       _RTC_Initialize            0000000180049534 f   MSVCRT:_initsect_.obj
 0001:0004856c       _RTC_Terminate             000000018004956c f   MSVCRT:_initsect_.obj
 0001:000485a4       _malloc_crt                00000001800495a4 f   MSVCRT:MSVCR100.dll
 0001:000485b0       _ValidateImageBase         00000001800495b0 f   MSVCRT:pesect.obj
 0001:000485e0       _FindPESection             00000001800495e0 f   MSVCRT:pesect.obj
 0001:00048630       _IsNonwritableInCurrentImage 0000000180049630 f   MSVCRT:pesect.obj
 0001:00048672       _initterm                  0000000180049672 f   MSVCRT:MSVCR100.dll
 0001:00048678       _initterm_e                0000000180049678 f   MSVCRT:MSVCR100.dll
 0001:0004867e       _encoded_null              000000018004967e f   MSVCRT:MSVCR100.dll
 0001:00048684       _amsg_exit                 0000000180049684 f   MSVCRT:MSVCR100.dll
 0001:0004868a       __C_specific_handler       000000018004968a f   MSVCRT:MSVCR100.dll
 0001:00048690       __CppXcptFilter            0000000180049690 f   MSVCRT:MSVCR100.dll
 0001:00048698       DllMain                    0000000180049698 f   MSVCRT:dllmain.obj
 0001:000486bc       __security_init_cookie     00000001800496bc f   MSVCRT:gs_support.obj
 0001:00048770       __crt_debugger_hook        0000000180049770 f   MSVCRT:MSVCR100.dll
 0001:00048776       __clean_type_info_names_internal 0000000180049776 f   MSVCRT:MSVCR100.dll
 0001:0004877c       _unlock                    000000018004977c f   MSVCRT:MSVCR100.dll
 0001:00048782       __dllonexit                0000000180049782 f   MSVCRT:MSVCR100.dll
 0001:00048788       _lock                      0000000180049788 f   MSVCRT:MSVCR100.dll
 0001:0004878e       EncodePointer              000000018004978e f   kernel32:KERNEL32.dll
 0001:00048794       DecodePointer              0000000180049794 f   kernel32:KERNEL32.dll
 0001:0004879a       Sleep                      000000018004979a f   kernel32:KERNEL32.dll
 0001:000487a0       TerminateProcess           00000001800497a0 f   kernel32:KERNEL32.dll
 0001:000487a6       GetCurrentProcess          00000001800497a6 f   kernel32:KERNEL32.dll
 0001:000487ac       UnhandledExceptionFilter   00000001800497ac f   kernel32:KERNEL32.dll
 0001:000487b2       SetUnhandledExceptionFilter 00000001800497b2 f   kernel32:KERNEL32.dll
 0001:000487b8       IsDebuggerPresent          00000001800497b8 f   kernel32:KERNEL32.dll
 0001:000487be       RtlVirtualUnwind           00000001800497be f   kernel32:KERNEL32.dll
 0001:000487c4       RtlLookupFunctionEntry     00000001800497c4 f   kernel32:KERNEL32.dll
 0001:000487ca       RtlCaptureContext          00000001800497ca f   kernel32:KERNEL32.dll
 0001:000487d0       DisableThreadLibraryCalls  00000001800497d0 f   kernel32:KERNEL32.dll
 0001:000487d6       QueryPerformanceCounter    00000001800497d6 f   kernel32:KERNEL32.dll
 0001:000487dc       GetTickCount               00000001800497dc f   kernel32:KERNEL32.dll
 0001:000487e2       GetCurrentThreadId         00000001800497e2 f   kernel32:KERNEL32.dll
 0001:000487e8       GetCurrentProcessId        00000001800497e8 f   kernel32:KERNEL32.dll
 0001:000487ee       GetSystemTimeAsFileTime    00000001800497ee f   kernel32:KERNEL32.dll
 0002:00000000       __imp_DisableThreadLibraryCalls 000000018004a000     kernel32:KERNEL32.dll
 0002:00000008       __imp_RtlCaptureContext    000000018004a008     kernel32:KERNEL32.dll
 0002:00000010       __imp_RtlLookupFunctionEntry 000000018004a010     kernel32:KERNEL32.dll
 0002:00000018       __imp_RtlVirtualUnwind     000000018004a018     kernel32:KERNEL32.dll
 0002:00000020       __imp_IsDebuggerPresent    000000018004a020     kernel32:KERNEL32.dll
 0002:00000028       __imp_SetUnhandledExceptionFilter 000000018004a028     kernel32:KERNEL32.dll
 0002:00000030       __imp_UnhandledExceptionFilter 000000018004a030     kernel32:KERNEL32.dll
 0002:00000038       __imp_GetCurrentProcess    000000018004a038     kernel32:KERNEL32.dll
 0002:00000040       __imp_TerminateProcess     000000018004a040     kernel32:KERNEL32.dll
 0002:00000048       __imp_Sleep                000000018004a048     kernel32:KERNEL32.dll
 0002:00000050       __imp_DecodePointer        000000018004a050     kernel32:KERNEL32.dll
 0002:00000058       __imp_EncodePointer        000000018004a058     kernel32:KERNEL32.dll
 0002:00000060       __imp_GetTickCount         000000018004a060     kernel32:KERNEL32.dll
 0002:00000068       __imp_GetCurrentThreadId   000000018004a068     kernel32:KERNEL32.dll
 0002:00000070       __imp_GetCurrentProcessId  000000018004a070     kernel32:KERNEL32.dll
 0002:00000078       __imp_GetSystemTimeAsFileTime 000000018004a078     kernel32:KERNEL32.dll
 0002:00000080       __imp_QueryPerformanceCounter 000000018004a080     kernel32:KERNEL32.dll
 0002:00000088       \177KERNEL32_NULL_THUNK_DATA 000000018004a088     kernel32:KERNEL32.dll
 0002:00000090       __imp_realloc              000000018004a090     MSVCRT:MSVCR100.dll
 0002:00000098       __imp__onexit              000000018004a098     MSVCRT:MSVCR100.dll
 0002:000000a0       __imp__lock                000000018004a0a0     MSVCRT:MSVCR100.dll
 0002:000000a8       __imp___dllonexit          000000018004a0a8     MSVCRT:MSVCR100.dll
 0002:000000b0       __imp__unlock              000000018004a0b0     MSVCRT:MSVCR100.dll
 0002:000000b8       __imp___clean_type_info_names_internal 000000018004a0b8     MSVCRT:MSVCR100.dll
 0002:000000c0       __imp___crt_debugger_hook  000000018004a0c0     MSVCRT:MSVCR100.dll
 0002:000000c8       __imp___CppXcptFilter      000000018004a0c8     MSVCRT:MSVCR100.dll
 0002:000000d0       __imp___C_specific_handler 000000018004a0d0     MSVCRT:MSVCR100.dll
 0002:000000d8       __imp__amsg_exit           000000018004a0d8     MSVCRT:MSVCR100.dll
 0002:000000e0       __imp__encoded_null        000000018004a0e0     MSVCRT:MSVCR100.dll
 0002:000000e8       __imp__initterm_e          000000018004a0e8     MSVCRT:MSVCR100.dll
 0002:000000f0       __imp__initterm            000000018004a0f0     MSVCRT:MSVCR100.dll
 0002:000000f8       __imp__malloc_crt          000000018004a0f8     MSVCRT:MSVCR100.dll
 0002:00000100       __imp_ldexp                000000018004a100     MSVCRT:MSVCR100.dll
 0002:00000108       __imp_strlen               000000018004a108     MSVCRT:MSVCR100.dll
 0002:00000110       __imp_calloc               000000018004a110     MSVCRT:MSVCR100.dll
 0002:00000118       __imp__setjmp              000000018004a118     MSVCRT:MSVCR100.dll
 0002:00000120       __imp_strrchr              000000018004a120     MSVCRT:MSVCR100.dll
 0002:00000128       __imp_ceil                 000000018004a128     MSVCRT:MSVCR100.dll
 0002:00000130       __imp_strncmp              000000018004a130     MSVCRT:MSVCR100.dll
 0002:00000138       __imp_longjmp              000000018004a138     MSVCRT:MSVCR100.dll
 0002:00000140       __imp_strncpy              000000018004a140     MSVCRT:MSVCR100.dll
 0002:00000148       __imp_memcpy               000000018004a148     MSVCRT:MSVCR100.dll
 0002:00000150       __imp_strcat               000000018004a150     MSVCRT:MSVCR100.dll
 0002:00000158       __imp_sprintf              000000018004a158     MSVCRT:MSVCR100.dll
 0002:00000160       __imp_strcmp               000000018004a160     MSVCRT:MSVCR100.dll
 0002:00000168       __imp_free                 000000018004a168     MSVCRT:MSVCR100.dll
 0002:00000170       __imp_malloc               000000018004a170     MSVCRT:MSVCR100.dll
 0002:00000178       __imp_memset               000000018004a178     MSVCRT:MSVCR100.dll
 0002:00000180       \177MSVCR100_NULL_THUNK_DATA 000000018004a180     MSVCRT:MSVCR100.dll
 0002:00000188       __imp_emlrtGetEnumUnderlyingArrayR2009a 000000018004a188     libemlrt:libemlrt.dll
 0002:00000190       __imp_emlrtIsEnumR2009a    000000018004a190     libemlrt:libemlrt.dll
 0002:00000198       __imp_emlrtCheckVsBuiltInR2012b 000000018004a198     libemlrt:libemlrt.dll
 0002:000001a0       __imp_emlrtTranslateUTF16MessagetoLCPstring 000000018004a1a0     libemlrt:libemlrt.dll
 0002:000001a8       __imp_emlrtForLoopVectorIsValidR2011b 000000018004a1a8     libemlrt:libemlrt.dll
 0002:000001b0       __imp_emlrtTranslateMessageIDtoLCPstring 000000018004a1b0     libemlrt:libemlrt.dll
 0002:000001b8       __imp_emlrtExtractMessageId 000000018004a1b8     libemlrt:libemlrt.dll
 0002:000001c0       __imp_emlrtCheckBuiltInR2012b 000000018004a1c0     libemlrt:libemlrt.dll
 0002:000001c8       __imp_emlrtDestroyRootTLS  000000018004a1c8     libemlrt:libemlrt.dll
 0002:000001d0       __imp_emlrtCreateRootTLS   000000018004a1d0     libemlrt:libemlrt.dll
 0002:000001d8       __imp_emlrtCheckEnumR2012b 000000018004a1d8     libemlrt:libemlrt.dll
[...]
 0001:0001dec0       sf_mex_check_fimath        000000018001eec0 f   sfc_mex:sfc_mex.obj
 0001:0001ea70       size_mismatch_error        000000018001fa70 f   sfc_mex:sfc_mex.obj
 0001:0001f510       check_array_dimensions     0000000180020510 f   sfc_mex:sfc_mex.obj
 0001:0001f580       check_input_mxarray        0000000180020580 f   sfc_mex:sfc_mex.obj
 0001:0001fcc0       sf_numeric_value_to_double 0000000180020cc0 f   sfc_mex:sfc_mex.obj
 0001:0001fd10       ml_generic_out_of_bounds_check 0000000180020d10 f   sfc_mex:sfc_mex.obj
 0001:0001fee0       ml_get_element_value_from_array 0000000180020ee0 f   sfc_mex:sfc_mex.obj
 0001:00020280       _ml_generic_castability_check 0000000180021280 f   sfc_mex:sfc_mex.obj
 0001:00020fe0       ml_generic_castability_check 0000000180021fe0 f   sfc_mex:sfc_mex.obj
 0001:00021080       ml_check_mx_array_for_single_castability 0000000180022080 f   sfc_mex:sfc_mex.obj
 0001:00021120       ml_check_mx_array_for_logical_castability 0000000180022120 f   sfc_mex:sfc_mex.obj
 0001:000211c0       ml_check_mx_array_for_int8_castability 00000001800221c0 f   sfc_mex:sfc_mex.obj
 0001:00021270       ml_check_mx_array_for_uint8_castability 0000000180022270 f   sfc_mex:sfc_mex.obj
 0001:000212d0       ml_check_mx_array_for_int16_castability 00000001800222d0 f   sfc_mex:sfc_mex.obj
 0001:00021330       ml_check_mx_array_for_uint16_castability 0000000180022330 f   sfc_mex:sfc_mex.obj
 0001:00021390       ml_check_mx_array_for_int32_castability 0000000180022390 f   sfc_mex:sfc_mex.obj
 0001:000213f0       ml_check_mx_array_for_uint32_castability 00000001800223f0 f   sfc_mex:sfc_mex.obj
 0001:00021450       ml_check_mx_array_for_castability 0000000180022450 f   sfc_mex:sfc_mex.obj
 0001:00021d80       set_data_value             0000000180022d80 f   sfc_mex:sfc_mex.obj
 0001:000220f0       get_data_value             00000001800230f0 f   sfc_mex:sfc_mex.obj
 0001:00022200       get_next_element_address   0000000180023200 f   sfc_mex:sfc_mex.obj
 0001:000222d0       sf_normalize_index         00000001800232d0 f   sfc_mex:sfc_mex.obj
 0001:00022660       ml_array_index_bound_check 0000000180023660 f   sfc_mex:sfc_mex.obj
 0001:00023180       mx_value                   0000000180024180 f   sfc_mex:sfc_mex.obj
 0001:000231d0       sf_create_numeric_array    00000001800241d0 f   sfc_mex:sfc_mex.obj
 0001:00023270       sf_mex_assign_to_mx_array  0000000180024270 f   sfc_mex:sfc_mex.obj
 0001:000235c0       assign_from_mx_array       00000001800245c0 f   sfc_mex:sfc_mex.obj
 0001:00023df0       sf_mex_import_v            0000000180024df0 f   sfc_mex:sfc_mex.obj
 0001:000244f0       get_machine_and_chart_file_number 00000001800254f0 f   sfc_mex:sfc_sf.obj
 0001:000245e0       get_sfun_block_specialization 00000001800255e0 f   sfc_mex:sfc_sf.obj
 0001:00024690       call_sf_machine_global_method_dispatcher 0000000180025690 f   sfc_mex:sfc_sf.obj
 0001:000248e0       mdl_zeroCrossings_processing 00000001800258e0 f   sfc_mex:sfc_sf.obj
 0001:000249b0       mdl_derivatives_processing 00000001800259b0 f   sfc_mex:sfc_sf.obj
 0001:00024c70       mdl_outputs_continuous_legacy 0000000180025c70 f   sfc_mex:sfc_sf.obj
 0001:00024cf0       mdl_outputs_processing     0000000180025cf0 f   sfc_mex:sfc_sf.obj
 0001:00024f60       mdl_enable_processing      0000000180025f60 f   sfc_mex:sfc_sf.obj
 0001:00025030       mdl_disable_processing     0000000180026030 f   sfc_mex:sfc_sf.obj
 0001:00025da0       sf_call_output_fcn_enable_disable 0000000180026da0 f   sfc_mex:sfc_sf.obj
 0001:00026020       set_dwork_information_from_mx_array 0000000180027020 f   sfc_mex:sfc_sf.obj
 0001:000268e0       ptr2mxStruct               00000001800278e0 f   sfc_mex:sfc_sf.obj
 0001:00026bf0       SNPRINTF_WRAPPER           0000000180027bf0 f   sfc_debug:sfcdebug.obj
 0001:00026c10       sf_debug_chart_instance_initialized_quick 0000000180027c10 f   sfc_debug:sfcdebug.obj
 0001:00026c20       sf_debug_chart_instance_initialized 0000000180027c20 f   sfc_debug:sfcdebug.obj
 0001:00026dc0       sfrtAddSize                0000000180027dc0 f   sfc_debug:sfcdebug.obj
 0001:00026e80       sfrtGenSizeString          0000000180027e80 f   sfc_debug:sfcdebug.obj
 0001:00027590       fill_single_message_info   0000000180028590 f   sfc_debug:sfcdebug.obj
 0001:00027750       sf_debug_sim_status_listener 0000000180028750 f   sfc_debug:sfcdebug.obj
 0001:00027cc0       sf_debug_form_mask_bits    0000000180028cc0 f   sfc_debug:sfcdebug.obj
 0001:00027d00       sf_debug_form_sf_data_type_offsets 0000000180028d00 f   sfc_debug:sfcdebug.obj
 0001:00027dc0       sf_debug_free_all          0000000180028dc0 f   sfc_debug:sfcdebug.obj
 0001:00027f70       sf_debug_append_debugger_context 0000000180028f70 f   sfc_debug:sfcdebug.obj
 0001:00028110       sf_debug_update_always_honor_breakpoints 0000000180029110 f   sfc_debug:sfcdebug.obj
 0001:000282e0       local_strdup               00000001800292e0 f   sfc_debug:sfcdebug.obj
 0001:000291c0       sf_debug_em_terminate      000000018002a1c0 f   sfc_debug:sfcdebug.obj
 0001:00029200       sf_debug_push_eml_function 000000018002a200 f   sfc_debug:sfcdebug.obj
 0001:000292a0       sf_debug_pop_eml_function  000000018002a2a0 f   sfc_debug:sfcdebug.obj
 0001:00029fa0       sf_debug_get_machine_number_from_id_or_name 000000018002afa0 f   sfc_debug:sfcdebug.obj
 0001:0002a0f0       sf_debug_get_chart_number_from_id 000000018002b0f0 f   sfc_debug:sfcdebug.obj
 0001:0002ae90       sf_debug_transfer_control_to_debugger_GUI 000000018002be90 f   sfc_debug:sfcdebug.obj
 0001:0002be20       sf_debug_scripts_rehash    000000018002ce20 f   sfc_debug:sfcdebug.obj
 0001:0002c060       sf_debug_get_script_line_count 000000018002d060 f   sfc_debug:sfcdebug.obj
 0001:0002c990       cv_eml_state_cvId          000000018002d990 f   sfc_debug:sfcdebug.obj
 0001:0002ca00       cv_eml_trans_cvId          000000018002da00 f   sfc_debug:sfcdebug.obj
 0001:0002dd90       sf_debug_data_array_bounds_error 000000018002ed90 f   sfc_debug:sfcdebug.obj
 0001:0002e1c0       eml_debug_runtime_error_doclink 000000018002f1c0 f   sfc_debug:sfcdebug.obj
 0001:0002e320       sf_debug_runtime_error     000000018002f320 f   sfc_debug:sfcdebug.obj
 0001:0002e390       sf_debug_matlab_error      000000018002f390 f   sfc_debug:sfcdebug.obj
 0001:0002ecd0       sf_debug_data_value_error  000000018002fcd0 f   sfc_debug:sfcdebug.obj
 0001:0002f5d0       sf_debug_data_loss_error   00000001800305d0 f   sfc_debug:sfcdebug.obj
 0001:00030560       call_cv_range_check        0000000180031560 f   sfc_debug:sfcdebug.obj
 0001:00030d30       sf_debug_invoke_cycle_detection_code 0000000180031d30 f   sfc_debug:sfcdebug.obj
 0001:00031bb0       sf_reset_debug_info_struct 0000000180032bb0 f   sfc_debug:sfcdebug.obj
 0001:00032410       cv_script_cvId             0000000180033410 f   sfc_debug:sfcdebug.obj
 0001:00033170       sfc_api_chart_visible      0000000180034170 f   sfc_debug:sfc_api.obj
 0001:000331f0       sfc_api_active_instance    00000001800341f0 f   sfc_debug:sfc_api.obj
 0001:00033270       sfc_api_machine_load       0000000180034270 f   sfc_debug:sfc_api.obj
 0001:00033340       sfc_api_debugger_alive     0000000180034340 f   sfc_debug:sfc_api.obj
 0001:00033350       sfc_api_go                 0000000180034350 f   sfc_debug:sfc_api.obj
 0001:00033360       sfc_api_step_over          0000000180034360 f   sfc_debug:sfc_api.obj
 0001:00033370       sfc_api_step_out           0000000180034370 f   sfc_debug:sfc_api.obj
 0001:00033380       sfc_api_resume             0000000180034380 f   sfc_debug:sfc_api.obj
 0001:00033390       sfc_api_break              0000000180034390 f   sfc_debug:sfc_api.obj
 0001:000333a0       sfc_api_stop_debugging     00000001800343a0 f   sfc_debug:sfc_api.obj
 0001:000333f0       sfc_api_is_cycle_detected  00000001800343f0 f   sfc_debug:sfc_api.obj
 0001:00033440       sfc_api_is_array_bounds_detected 0000000180034440 f   sfc_debug:sfc_api.obj
 0001:00033490       sfc_api_set_disable_all_breakpoints 0000000180034490 f   sfc_debug:sfc_api.obj
 0001:00033500       sfc_api_disable_all_breakpoints_and_go 0000000180034500 f   sfc_debug:sfc_api.obj
 0001:00033510       sfc_api_close              0000000180034510 f   sfc_debug:sfc_api.obj
 0001:00033520       sfc_api_browse_data        0000000180034520 f   sfc_debug:sfc_api.obj
 0001:00033590       sfc_api_watch_data         0000000180034590 f   sfc_debug:sfc_api.obj
 0001:00033690       sfc_api_extract_message_post_receive_info 0000000180034690 f   sfc_debug:sfc_api.obj
 0001:000336b0       sfc_api_assign_data        00000001800346b0 f   sfc_debug:sfc_api.obj
 0001:00033750       sfc_api_whos               0000000180034750 f   sfc_debug:sfc_api.obj
 0001:000337e0       sfc_api_get_consistency_info 00000001800347e0 f   sfc_debug:sfc_api.obj
 0001:000337f0       sfc_api_browse_trace       00000001800347f0 f   sfc_debug:sfc_api.obj
 0001:00033800       sfc_api_break_on_chart_entry 0000000180034800 f   sfc_debug:sfc_api.obj
 0001:00033820       sfc_api_break_on_event_broadcast 0000000180034820 f   sfc_debug:sfc_api.obj
 0001:00033840       sfc_api_break_on_state_entry 0000000180034840 f   sfc_debug:sfc_api.obj
 0001:00033860       sfc_api_set_watch          0000000180034860 f   sfc_debug:sfc_api.obj
 0001:00033900       sfc_api_set_breakpoints    0000000180034900 f   sfc_debug:sfc_api.obj
 0001:000339a0       sfc_api_set_eml_breakpoints 00000001800349a0 f   sfc_debug:sfc_api.obj
 0001:00033a20       sfc_api_set_script_breakpoints 0000000180034a20 f   sfc_debug:sfc_api.obj
 0001:00033a70       sfc_api_add_script_breakpoints 0000000180034a70 f   sfc_debug:sfc_api.obj
 0001:00033ac0       sfc_api_clear_script_breakpoints 0000000180034ac0 f   sfc_debug:sfc_api.obj
 0001:00033b10       sfc_api_query_script_breakpoints 0000000180034b10 f   sfc_debug:sfc_api.obj
 0001:00033b70       sfc_api_get_script_id      0000000180034b70 f   sfc_debug:sfc_api.obj
 0001:00033c30       sfc_api_get_active_states  0000000180034c30 f   sfc_debug:sfc_api.obj
 0001:00033cb0       sfc_api_break_between_times 0000000180034cb0 f   sfc_debug:sfc_api.obj
 0001:00033d10       sfc_api_get_instance_handle 0000000180034d10 f   sfc_debug:sfc_api.obj
 0001:00033dc0       sfc_api_set_animation      0000000180034dc0 f   sfc_debug:sfc_api.obj
 0001:00033e10       sfc_api_select_chart       0000000180034e10 f   sfc_debug:sfc_api.obj
 0001:00033e70       sfc_api_select_charts      0000000180034e70 f   sfc_debug:sfc_api.obj
 0001:00033ea0       sfc_api_cycle_detection_check 0000000180034ea0 f   sfc_debug:sfc_api.obj
 0001:00033ef0       sfc_api_data_range_check   0000000180034ef0 f   sfc_debug:sfc_api.obj
 0001:00033f40       sfc_api_transition_conflict_check 0000000180034f40 f   sfc_debug:sfc_api.obj
 0001:00033f90       sfc_api_state_consistency_check 0000000180034f90 f   sfc_debug:sfc_api.obj
 0001:00033fe0       sfc_api_set_instance_cv_ids 0000000180034fe0 f   sfc_debug:sfc_api.obj
 0001:000340f0       sfc_api_set_script_cv_ids  00000001800350f0 f   sfc_debug:sfc_api.obj
 0001:000341a0       sfc_api_get_current_machine_id 00000001800351a0 f   sfc_debug:sfc_api.obj
 0001:000341d0       sfc_api_get_current_machine_number 00000001800351d0 f   sfc_debug:sfc_api.obj
 0001:00034200       sfc_api_get_current_chart_number 0000000180035200 f   sfc_debug:sfc_api.obj
 0001:00034230       sfc_api_get_current_instance_number 0000000180035230 f   sfc_debug:sfc_api.obj
 0001:00034260       sfc_api_get_current_instance_handle 0000000180035260 f   sfc_debug:sfc_api.obj
 0001:00034280       sfc_api_get_current_is_minor_time_step 0000000180035280 f   sfc_debug:sfc_api.obj
 0001:000342b0       sfc_api_get_current_machine_name 00000001800352b0 f   sfc_debug:sfc_api.obj
 0001:000342d0       sfc_api_get_current_chart_id 00000001800352d0 f   sfc_debug:sfc_api.obj
 0001:00034300       sfc_api_get_current_object_type 0000000180035300 f   sfc_debug:sfc_api.obj
 0001:00034330       sfc_api_get_current_event_type 0000000180035330 f   sfc_debug:sfc_api.obj
 0001:00034360       sfc_api_get_current_object_id 0000000180035360 f   sfc_debug:sfc_api.obj
 0001:00034390       sfc_get_current_active_event_type 0000000180035390 f   sfc_debug:sfc_api.obj
 0001:000343c0       sfc_api_get_current_active_event_id 00000001800353c0 f   sfc_debug:sfc_api.obj
 0001:000343f0       sfc_api_get_current_simulation_time 00000001800353f0 f   sfc_debug:sfc_api.obj
 0001:00034410       sfc_get_current_tag_type   0000000180035410 f   sfc_debug:sfc_api.obj
 0001:00034440       sfc_get_current_coverage_percentage 0000000180035440 f   sfc_debug:sfc_api.obj
 0001:00034460       sfc_get_current_statement_context 0000000180035460 f   sfc_debug:sfc_api.obj
 0001:00034480       sfc_get_current_optional_integer 0000000180035480 f   sfc_debug:sfc_api.obj
 0001:000344b0       sfc_get_current_statement_info 00000001800354b0 f   sfc_debug:sfc_api.obj
 0001:00034550       sfc_api_get                0000000180035550 f   sfc_debug:sfc_api.obj
 0001:000351c0       sf_debug_sm_fill_state_activity_data 00000001800361c0 f   sfc_debug:sfdb_animation.obj
 0001:00037ac0       void_ptr_stack_vector_free_total 0000000180038ac0 f   sfc_debug:sfdb_data_browse.obj
 0001:00037b50       sf_debug_st_terminate_machine 0000000180038b50 f   sfc_debug:sfdb_data_browse.obj
 0001:00037b90       sf_debug_st_terminate_instance 0000000180038b90 f   sfc_debug:sfdb_data_browse.obj
 0001:00037f40       push_on_to_void_ptr_stack  0000000180038f40 f   sfc_debug:sfdb_data_browse.obj
 0001:000380d0       pop_from_void_ptr_stack    00000001800390d0 f   sfc_debug:sfdb_data_browse.obj
 0001:00038200       sf_debug_st_get_data_value 0000000180039200 f   sfc_debug:sfdb_data_browse.obj
 0001:00038790       mx_value                   0000000180039790 f   sfc_debug:sfdb_data_browse.obj
 0001:000387d0       sf_debug_st_fill_data_struct 00000001800397d0 f   sfc_debug:sfdb_data_browse.obj
 0001:00038b10       data_type_format_strings   0000000180039b10 f   sfc_debug:sfdb_data_browse.obj
 0001:00038bc0       sf_debug_st_fill_data      0000000180039bc0 f   sfc_debug:sfdb_data_browse.obj
 0001:00039910       sf_debug_hm_get_simulink_handle 000000018003a910 f   sfc_debug:sfdb_handle_management.obj
 0001:0003a410       sf_debug_hm_initialize_globals 000000018003b410 f   sfc_debug:sfdb_handle_management.obj
 0001:0003a510       sf_debug_hm_get_machine_debug_flag 000000018003b510 f   sfc_debug:sfdb_handle_management.obj
 0001:0003a680       sf_debug_hm_get_machine_id 000000018003b680 f   sfc_debug:sfdb_handle_management.obj
 0001:0003a7a0       sf_debug_hm_get_chart_id   000000018003b7a0 f   sfc_debug:sfdb_handle_management.obj
 0001:0003a940       sf_debug_hm_register_executing_SFunction 000000018003b940 f   sfc_debug:sfdb_handle_management.obj
 0001:0003acd0       sf_debug_hm_form_object_boolean_properties 000000018003bcd0 f   sfc_debug:sfdb_handle_management.obj
 0001:0003afa0       sf_debug_hm_form_object_properties 000000018003bfa0 f   sfc_debug:sfdb_handle_management.obj
 0001:0003b1e0       sf_debug_hm_terminate_charts 000000018003c1e0 f   sfc_debug:sfdb_handle_management.obj
 0001:0003b940       sf_debug_hm_terminate_machines 000000018003c940 f   sfc_debug:sfdb_handle_management.obj
 0001:0003d540       sf_debug_ss_copy_dimension 000000018003e540 f   sfc_debug:sfdb_symbol_scope.obj
 0001:0003d600       sf_debug_ss_get_number_elements 000000018003e600 f   sfc_debug:sfdb_symbol_scope.obj
 0001:0003d620       sf_debug_ss_fill_data_struct 000000018003e620 f   sfc_debug:sfdb_symbol_scope.obj
 0001:0003d970       sf_debug_ss_reset_data_info 000000018003e970 f   sfc_debug:sfdb_symbol_scope.obj
 0001:0003d9d0       sf_debug_fill_data_info_by_symbol_scope_entry 000000018003e9d0 f   sfc_debug:sfdb_symbol_scope.obj
 0001:0003da90       sf_debug_fill_data_info_by_data_vector 000000018003ea90 f   sfc_debug:sfdb_symbol_scope.obj
 0001:0003dce0       get_data_info_helper       000000018003ece0 f   sfc_debug:sfdb_symbol_scope.obj
 0001:0003dde0       sf_debug_ss_get_data_info  000000018003ede0 f   sfc_debug:sfdb_symbol_scope.obj
 0001:0003e010       sf_debug_select_mex_function 000000018003f010 f   sfc_debug:sfdb_symbol_scope.obj
 0001:0003e040       sf_debug_is_dyn_matrix_initialized 000000018003f040 f   sfc_debug:sfdb_symbol_scope.obj
 0001:0003e060       sf_debug_ss_set_data_value_try 000000018003f060 f   sfc_debug:sfdb_symbol_scope.obj
 0001:0003e230       sf_debug_ss_get_data_value 000000018003f230 f   sfc_debug:sfdb_symbol_scope.obj
 0001:0003e9a0       sf_debug_ss_data_bytes_string 000000018003f9a0 f   sfc_debug:sfdb_symbol_scope.obj
 0001:0003ea50       sf_debug_ss_data_class_string 000000018003fa50 f   sfc_debug:sfdb_symbol_scope.obj
 0001:0003ede0       sf_debug_ss_data_size_string 000000018003fde0 f   sfc_debug:sfdb_symbol_scope.obj
 0001:0003eec0       sf_debug_ss_data_create_data_info_struct 000000018003fec0 f   sfc_debug:sfdb_symbol_scope.obj
 0001:0003f190       sf_debug_ss_data_create_name_value_pair 0000000180040190 f   sfc_debug:sfdb_symbol_scope.obj
 0001:0003f230       sf_debug_ss_data_get_whos_info 0000000180040230 f   sfc_debug:sfdb_symbol_scope.obj
 0001:0003f240       same_named_data_in_data_array 0000000180040240 f   sfc_debug:sfdb_symbol_scope.obj
 0001:00040ad0       sf_debug_cc_terminate_chart 0000000180041ad0 f   sfc_debug:sfdb_coverage.obj
 0001:00040e70       sf_debug_cc_terminate_instance 0000000180041e70 f   sfc_debug:sfdb_coverage.obj
 0001:00041a60       sf_debug_cc_mark_object_if_needed 0000000180042a60 f   sfc_debug:sfdb_coverage.obj
 0001:00042360       sf_debug_bm_initialize_eml 0000000180043360 f   sfc_debug:sfdb_breakpoints.obj
 0001:000434a0       sf_debug_bm_map_debug_tag_to_breakpoint_tag 00000001800444a0 f   sfc_debug:sfdb_breakpoints.obj
 0001:00043580       sf_debug_bm_is_a_eml_breakpoint_impl 0000000180044580 f   sfc_debug:sfdb_breakpoints.obj
 0001:000450c0       sf_debug_sc_push_on_error_stack 00000001800460c0 f   sfc_debug:sfdb_state_consistency.obj
 0001:000451f0       sf_debug_sc_reset_error_stack 00000001800461f0 f   sfc_debug:sfdb_state_consistency.obj
 0001:00045380       sf_debug_sc_is_state_inconsistent 0000000180046380 f   sfc_debug:sfdb_state_consistency.obj
 0001:00045680       sf_debug_sc_fill_consistency_info 0000000180046680 f   sfc_debug:sfdb_state_consistency.obj
 0001:00045c60       void_assertion_fcn         0000000180046c60 f   sfc_debug:sfdb_call_stack.obj
 0001:000461e0       sf_debug_tm_fill_local_trace 00000001800471e0 f   sfc_debug:sfdb_call_stack.obj
 0001:000467b0       sf_debug_cd_terminate_instance 00000001800477b0 f   sfc_debug:sfdb_cycle_detection.obj
 0001:00046810       sf_debug_cd_free_checksum_stack 0000000180047810 f   sfc_debug:sfdb_cycle_detection.obj
 0001:00046860       sf_debug_cd_reset_pack_strings 0000000180047860 f   sfc_debug:sfdb_cycle_detection.obj
 0001:00046f20       md5file_clear              0000000180047f20 f   sfc_debug:ckmd5.obj
 0001:00046f50       Encode                     0000000180047f50 f   sfc_debug:ckmd5.obj
 0001:00046fa0       Decode                     0000000180047fa0 f   sfc_debug:ckmd5.obj
 0001:00047040       MD5Transform               0000000180048040 f   sfc_debug:ckmd5.obj
 0001:00047890       md5file_addn               0000000180048890 f   sfc_debug:ckmd5.obj
 0001:00047960       md5file_hash               0000000180048960 f   sfc_debug:ckmd5.obj
 0001:00047ea8       pre_c_init                 0000000180048ea8 f   MSVCRT:crtdll.obj
 0001:00048164       __DllMainCRTStartup        0000000180049164 f   MSVCRT:crtdll.obj
 0001:00048800       __DllMainCRTStartup$filt$0 0000000180049800 f   MSVCRT:crtdll.obj
 0001:00048830       __DllMainCRTStartup$fin$1  0000000180049830 f   MSVCRT:crtdll.obj
 0001:0004884a       _onexit$fin$0              000000018004984a f   MSVCRT:atonexit.obj
 0001:00048870       _IsNonwritableInCurrentImage$filt$0 0000000180049870 f   MSVCRT:pesect.obj
