 robot_dynamics_model_sfun

 Timestamp is 5e4ebbf7 (Thu Feb 20 11:03:51 2020)

 Preferred load address is 0000000180000000

 Start         Length     Name                   Class
 0001:00000000 00046e84H .text                   CODE
 0001:00046e90 00000092H .text$x                 CODE
 0002:00000000 000004a0H .idata$5                DATA
 0002:000004a0 00000008H .CRT$XCA                DATA
 0002:000004a8 00000008H .CRT$XCZ                DATA
 0002:000004b0 00000008H .CRT$XIA                DATA
 0002:000004b8 00000008H .CRT$XIAA               DATA
 0002:000004c0 00000008H .CRT$XIZ                DATA
 0002:000004d0 00004bdcH .rdata                  DATA
 0002:000050b0 00000008H .rtc$IAA                DATA
 0002:000050b8 00000008H .rtc$IZZ                DATA
 0002:000050c0 00000008H .rtc$TAA                DATA
 0002:000050c8 00000008H .rtc$TZZ                DATA
 0002:000050d0 0000436cH .xdata                  DATA
 0002:0000943c 000000a0H .idata$2                DATA
 0002:000094dc 00000014H .idata$3                DATA
 0002:000094f0 000004a0H .idata$4                DATA
 0002:00009990 00000ac0H .idata$6                DATA
 0002:0000a450 0000005fH .edata                  DATA
 0003:00000000 00006a98H .data                   DATA
 0003:00006aa0 000ecd18H .bss                    DATA
 0004:00000000 0000345cH .pdata                  DATA

  Address         Publics by Value              Rva+Base               Lib:Object

 0000:00000000       ___safe_se_handler_table   0000000000000000     <absolute>
 0000:00000000       ___safe_se_handler_count   0000000000000000     <absolute>
 0000:00000000       __ImageBase                0000000180000000     <linker-defined>
 0001:00000000       sf_c1_robot_dynamics_model_get_eml_resolved_functions_info 0000000180001000 f   c1_robot_dynamics_model.obj
 0001:00002bf0       sf_c1_robot_dynamics_model_get_check_sum 0000000180003bf0 f   c1_robot_dynamics_model.obj
 0001:00002c70       sf_c1_robot_dynamics_model_get_autoinheritance_info 0000000180003c70 f   c1_robot_dynamics_model.obj
 0001:00002f10       sf_internal_get_sim_state_c1_robot_dynamics_model 0000000180003f10 f   c1_robot_dynamics_model.obj
 0001:000031d0       sf_internal_set_sim_state_c1_robot_dynamics_model 00000001800041d0 f   c1_robot_dynamics_model.obj
 0001:000034a0       sf_c1_robot_dynamics_model_get_testpoint_info 00000001800044a0 f   c1_robot_dynamics_model.obj
 0001:000034e0       c1_robot_dynamics_model_method_dispatcher 00000001800044e0 f   c1_robot_dynamics_model.obj
 0001:0000d920       sf_c2_robot_dynamics_model_get_eml_resolved_functions_info 000000018000e920 f   c2_robot_dynamics_model.obj
 0001:0000ef30       sf_c2_robot_dynamics_model_get_check_sum 000000018000ff30 f   c2_robot_dynamics_model.obj
 0001:0000efb0       sf_c2_robot_dynamics_model_get_autoinheritance_info 000000018000ffb0 f   c2_robot_dynamics_model.obj
 0001:0000f520       sf_internal_get_sim_state_c2_robot_dynamics_model 0000000180010520 f   c2_robot_dynamics_model.obj
 0001:0000f8e0       sf_internal_set_sim_state_c2_robot_dynamics_model 00000001800108e0 f   c2_robot_dynamics_model.obj
 0001:0000fdd0       sf_c2_robot_dynamics_model_get_testpoint_info 0000000180010dd0 f   c2_robot_dynamics_model.obj
 0001:0000fe10       c2_robot_dynamics_model_method_dispatcher 0000000180010e10 f   c2_robot_dynamics_model.obj
 0001:000145e0       sf_process_check_sum_call  00000001800155e0 f   robot_dynamics_model_sfun_registry.obj
 0001:00014630       sf_process_testpoint_info_call 0000000180015630 f   robot_dynamics_model_sfun_registry.obj
 0001:00014680       sf_process_autoinheritance_call 0000000180015680 f   robot_dynamics_model_sfun_registry.obj
 0001:00014820       sf_process_get_eml_resolved_functions_info_call 0000000180015820 f   robot_dynamics_model_sfun_registry.obj
 0001:000149a0       sf_mex_unlock_call         00000001800159a0 f   robot_dynamics_model_sfun_registry.obj
 0001:00014a50       sf_machine_global_initializer_called 0000000180015a50 f   robot_dynamics_model_sfun_registry.obj
 0001:00014a80       sf_machine_global_method_dispatcher 0000000180015a80 f   robot_dynamics_model_sfun_registry.obj
 0001:00014ae0       sf_machine_global_terminator 0000000180015ae0 f   robot_dynamics_model_sfun_registry.obj
 0001:00014b20       sf_register_machine_exported_symbols 0000000180015b20 f   robot_dynamics_model_sfun_registry.obj
 0001:00014b40       callCustomFcn              0000000180015b40 f   robot_dynamics_model_sfun_registry.obj
 0001:00014b50       sf_machine_global_initializer 0000000180015b50 f   robot_dynamics_model_sfun_registry.obj
 0001:00014bc0       _ssSetStateAbsTol          0000000180015bc0 f   robot_dynamics_model_sfun_registry.obj
 0001:00014ca0       _ssGetAbsTol               0000000180015ca0 f   robot_dynamics_model_sfun_registry.obj
 0001:00014d10       _ssSetInputPortMatrixDimensions 0000000180015d10 f   robot_dynamics_model_sfun_registry.obj
 0001:00014e20       _ssSetOutputPortMatrixDimensions 0000000180015e20 f   robot_dynamics_model_sfun_registry.obj
 0001:00014f30       _ssSetInputPortVectorDimension 0000000180015f30 f   robot_dynamics_model_sfun_registry.obj
 0001:00015000       _ssSetOutputPortVectorDimension 0000000180016000 f   robot_dynamics_model_sfun_registry.obj
 0001:000150d0       ssIsRunTimeParamTunable    00000001800160d0 f   robot_dynamics_model_sfun_registry.obj
 0001:00015140       ssGetSFuncBlockHandle      0000000180016140 f   robot_dynamics_model_sfun_registry.obj
 0001:000151b0       _ssGetCurrentInputPortWidth 00000001800161b0 f   robot_dynamics_model_sfun_registry.obj
 0001:000152d0       _ssGetCurrentOutputPortWidth 00000001800162d0 f   robot_dynamics_model_sfun_registry.obj
 0001:000153f0       _ssGetCallSystemNumFcnCallDestinations 00000001800163f0 f   robot_dynamics_model_sfun_registry.obj
 0001:00015460       ssWarning                  0000000180016460 f   robot_dynamics_model_sfun_registry.obj
 0001:00015570       ssGetIsZeroCrossControlDisabled 0000000180016570 f   robot_dynamics_model_sfun_registry.obj
 0001:000155e0       ssSetIsInputPortUsedForContZcSignal 00000001800165e0 f   robot_dynamics_model_sfun_registry.obj
 0001:00015650       ssSetZcSignalIsZcElementDisc 0000000180016650 f   robot_dynamics_model_sfun_registry.obj
 0001:00015700       ssSetZcSignalName          0000000180016700 f   robot_dynamics_model_sfun_registry.obj
 0001:00015770       ssSetZcSignalWidth         0000000180016770 f   robot_dynamics_model_sfun_registry.obj
 0001:000157e0       ssSetZcSignalZcEventType   00000001800167e0 f   robot_dynamics_model_sfun_registry.obj
 0001:00015850       ssSetZcSignalType          0000000180016850 f   robot_dynamics_model_sfun_registry.obj
 0001:000158c0       ssSetZcSignalZcTol         00000001800168c0 f   robot_dynamics_model_sfun_registry.obj
 0001:00015930       ssSetZcSignalNeedsEventNotification 0000000180016930 f   robot_dynamics_model_sfun_registry.obj
 0001:000159a0       ssCreateAndAddZcSignalInfo 00000001800169a0 f   robot_dynamics_model_sfun_registry.obj
 0001:00015a10       ssCloneAndAddZcSignalInfo  0000000180016a10 f   robot_dynamics_model_sfun_registry.obj
 0001:00015a80       ssGetNumZcSignals          0000000180016a80 f   robot_dynamics_model_sfun_registry.obj
 0001:00015af0       ssGetZcSignalVector        0000000180016af0 f   robot_dynamics_model_sfun_registry.obj
 0001:00015b60       ssGetZcSignalZcEvents      0000000180016b60 f   robot_dynamics_model_sfun_registry.obj
 0001:00015bd0       ssGetZcSignalName          0000000180016bd0 f   robot_dynamics_model_sfun_registry.obj
 0001:00015c40       ssGetZcSignalWidth         0000000180016c40 f   robot_dynamics_model_sfun_registry.obj
 0001:00015cb0       ssGetZcSignalZcEventType   0000000180016cb0 f   robot_dynamics_model_sfun_registry.obj
 0001:00015d20       ssGetZcSignalType          0000000180016d20 f   robot_dynamics_model_sfun_registry.obj
 0001:00015d90       ssGetZcSignalZcTol         0000000180016d90 f   robot_dynamics_model_sfun_registry.obj
 0001:00015e10       ssGetZcSignalNeedsEventNotification 0000000180016e10 f   robot_dynamics_model_sfun_registry.obj
 0001:00015e80       ssGetZcSignalIsZcElementDisc 0000000180016e80 f   robot_dynamics_model_sfun_registry.obj
 0001:00015f20       ssGetIsInputPortElementContinuous 0000000180016f20 f   robot_dynamics_model_sfun_registry.obj
 0001:00015fc0       _ssGetInputPortSignalPtrsFcn 0000000180016fc0 f   robot_dynamics_model_sfun_registry.obj
 0001:00016280       _ssGetInputPortSignalFcn   0000000180017280 f   robot_dynamics_model_sfun_registry.obj
 0001:000164a0       _ssSetInputPortDirectFeedThroughFcn 00000001800174a0 f   robot_dynamics_model_sfun_registry.obj
 0001:00016600       _ssSetInputPortReusableFcn 0000000180017600 f   robot_dynamics_model_sfun_registry.obj
 0001:000166f0       _ssSetOutputPortReusableFcn 00000001800176f0 f   robot_dynamics_model_sfun_registry.obj
 0001:000167d0       ssGetDTypeIdFromMxArray    00000001800177d0 f   robot_dynamics_model_sfun_registry.obj
 0001:000168f0       ssWriteRTWStr              00000001800178f0 f   robot_dynamics_model_sfun_registry.obj
 0001:00016950       ssWriteRTWMxVectParam      0000000180017950 f   robot_dynamics_model_sfun_registry.obj
 0001:000169b0       ssWriteRTWMx2dMatParam     00000001800179b0 f   robot_dynamics_model_sfun_registry.obj
 0001:00016a30       ssWriteRTWNameValuePair    0000000180017a30 f   robot_dynamics_model_sfun_registry.obj
 0001:00016f20       ssWriteRTWParameters       0000000180017f20 f   robot_dynamics_model_sfun_registry.obj
 0001:00017520       ssWriteRTWParamSettings    0000000180018520 f   robot_dynamics_model_sfun_registry.obj
 0001:00017bf0       ssWriteRTWWorkVect         0000000180018bf0 f   robot_dynamics_model_sfun_registry.obj
 0001:000180f0       mexFunction                00000001800190f0 f   robot_dynamics_model_sfun_registry.obj
 0001:00019dd0       ProcessMexSfunctionEveryCall 000000018001add0 f   robot_dynamics_model_sfun_registry.obj
 0001:00019f40       robot_dynamics_model_initializer 000000018001af40 f   robot_dynamics_model_sfun.obj
 0001:00019f50       robot_dynamics_model_terminator 000000018001af50 f   robot_dynamics_model_sfun.obj
 0001:00019f60       sf_robot_dynamics_model_method_dispatcher 000000018001af60 f   robot_dynamics_model_sfun.obj
 0001:00019fd0       sf_robot_dynamics_model_process_testpoint_info_call 000000018001afd0 f   robot_dynamics_model_sfun.obj
 0001:0001a170       sf_robot_dynamics_model_process_check_sum_call 000000018001b170 f   robot_dynamics_model_sfun.obj
 0001:0001a590       sf_robot_dynamics_model_autoinheritance_info 000000018001b590 f   robot_dynamics_model_sfun.obj
 0001:0001a750       sf_robot_dynamics_model_get_eml_resolved_functions_info 000000018001b750 f   robot_dynamics_model_sfun.obj
 0001:0001a8c0       robot_dynamics_model_debug_initialize 000000018001b8c0 f   robot_dynamics_model_sfun.obj
 0001:0001a930       robot_dynamics_model_register_exported_symbols 000000018001b930 f   robot_dynamics_model_sfun.obj
 0001:0001a940       load_robot_dynamics_model_optimization_info 000000018001b940 f   robot_dynamics_model_sfun.obj
 0001:0001a990       unload_robot_dynamics_model_optimization_info 000000018001b990 f   robot_dynamics_model_sfun.obj
 0001:0001aab0       sf_mex_mx_is_numeric       000000018001bab0 f   sfc_mex:sfc_mex.obj
 0001:0001aaf0       strcmp_ignore_ws           000000018001baf0 f   sfc_mex:sfc_mex.obj
 0001:0001ac30       sf_mex_duplicatearraysafe  000000018001bc30 f   sfc_mex:sfc_mex.obj
 0001:0001ad90       sf_set_error_debugger_context_message_fcn 000000018001bd90 f   sfc_mex:sfc_mex.obj
 0001:0001ada0       sf_set_debugger_matlab_error_fcn 000000018001bda0 f   sfc_mex:sfc_mex.obj
 0001:0001add0       sf_set_error_prefix_string 000000018001bdd0 f   sfc_mex:sfc_mex.obj
 0001:0001ae00       sf_get_error_prefix_string 000000018001be00 f   sfc_mex:sfc_mex.obj
 0001:0001ae10       sf_mex_enter_parallel_region 000000018001be10 f   sfc_mex:sfc_mex.obj
 0001:0001ae20       sf_mex_exit_parallel_region 000000018001be20 f   sfc_mex:sfc_mex.obj
 0001:0001ae30       sf_get_current_jmp_buf_ptr 000000018001be30 f   sfc_mex:sfc_mex.obj
 0001:0001ae40       sf_set_current_jmp_buf_ptr 000000018001be40 f   sfc_mex:sfc_mex.obj
 0001:0001ae50       sf_mex_set_halt_simulation 000000018001be50 f   sfc_mex:sfc_mex.obj
 0001:0001ae60       sf_mex_get_halt_simulation 000000018001be60 f   sfc_mex:sfc_mex.obj
 0001:0001ae70       sf_mex_clear_error_message 000000018001be70 f   sfc_mex:sfc_mex.obj
 0001:0001ae90       sf_mex_get_error_message_for_read 000000018001be90 f   sfc_mex:sfc_mex.obj
 0001:0001aea0       sf_mex_get_error_message_buffer_length 000000018001bea0 f   sfc_mex:sfc_mex.obj
 0001:0001af80       sf_mex_warning_message     000000018001bf80 f   sfc_mex:sfc_mex.obj
 0001:0001aff0       sf_mex_v_errbuf_createf    000000018001bff0 f   sfc_mex:sfc_mex.obj
 0001:0001b000       sf_mex_errbuf_createf      000000018001c000 f   sfc_mex:sfc_mex.obj
 0001:0001b030       sf_mex_v_errbuf_catf       000000018001c030 f   sfc_mex:sfc_mex.obj
 0001:0001b070       sf_mex_errbuf_catf         000000018001c070 f   sfc_mex:sfc_mex.obj
 0001:0001b0c0       sf_mex_errbuf_copy         000000018001c0c0 f   sfc_mex:sfc_mex.obj
 0001:0001b0d0       sf_mex_errbuf_clear        000000018001c0d0 f   sfc_mex:sfc_mex.obj
 0001:0001b0e0       sf_mex_errbuf_isempty      000000018001c0e0 f   sfc_mex:sfc_mex.obj
 0001:0001b1f0       sf_mex_set_error_status    000000018001c1f0 f   sfc_mex:sfc_mex.obj
 0001:0001b240       sf_mex_error_direct_call   000000018001c240 f   sfc_mex:sfc_mex.obj
 0001:0001b260       sf_mex_error_message_no_long_jump 000000018001c260 f   sfc_mex:sfc_mex.obj
 0001:0001b280       sf_mex_long_jump_on_error  000000018001c280 f   sfc_mex:sfc_mex.obj
 0001:0001b2b0       sf_mex_call_matlab         000000018001c2b0 f   sfc_mex:sfc_mex.obj
 0001:0001b3d0       sf_mex_check_builtin       000000018001c3d0 f   sfc_mex:sfc_mex.obj
 0001:0001b470       sf_mex_check_builtin_vs    000000018001c470 f   sfc_mex:sfc_mex.obj
 0001:0001b530       sf_mex_check_enum          000000018001c530 f   sfc_mex:sfc_mex.obj
 0001:0001b5b0       sf_mex_create_enum         000000018001c5b0 f   sfc_mex:sfc_mex.obj
 0001:0001b620       sf_mex_get_enum_element    000000018001c620 f   sfc_mex:sfc_mex.obj
 0001:0001b630       sf_mex_createcellarray     000000018001c630 f   sfc_mex:sfc_mex.obj
 0001:0001b640       sf_mex_setcell             000000018001c640 f   sfc_mex:sfc_mex.obj
 0001:0001b650       sf_mex_getcell             000000018001c650 f   sfc_mex:sfc_mex.obj
 0001:0001b660       sf_mex_dup                 000000018001c660 f   sfc_mex:sfc_mex.obj
 0001:0001b680       sf_mex_assign              000000018001c680 f   sfc_mex:sfc_mex.obj
 0001:0001b700       sf_mex_destroy             000000018001c700 f   sfc_mex:sfc_mex.obj
 0001:0001b730       mx_array_has_fi_type       000000018001c730 f   sfc_mex:sfc_mex.obj
 0001:0001b760       sf_mex_convert_from_fi     000000018001c760 f   sfc_mex:sfc_mex.obj
 0001:0001b890       sf_mex_convert_to_double   000000018001c890 f   sfc_mex:sfc_mex.obj
 0001:0001b9b0       sf_mex_import_fi_vs        000000018001c9b0 f   sfc_mex:sfc_mex.obj
 0001:0001bb70       sf_matrix_matrix_index_ok  000000018001cb70 f   sfc_mex:sfc_mex.obj
 0001:0001bc00       sf_vector_vector_index_ok  000000018001cc00 f   sfc_mex:sfc_mex.obj
 0001:0001bc30       ssGetCurrentInputPortDimensions_wrapper 000000018001cc30 f   sfc_mex:sfc_mex.obj
 0001:0001bc50       ssGetCurrentOutputPortDimensions_wrapper 000000018001cc50 f   sfc_mex:sfc_mex.obj
 0001:0001bc70       sf_mex_emlrt_context_is_debug_mode 000000018001cc70 f   sfc_mex:sfc_mex.obj
 0001:0001bc80       sf_mex_emlrt_context_set_debug_mode 000000018001cc80 f   sfc_mex:sfc_mex.obj
 0001:0001bc90       sf_mex_emlrtNameCapturePostProcessR2012a 000000018001cc90 f   sfc_mex:sfc_mex.obj
 0001:0001bd00       sf_clear_error_manager_info 000000018001cd00 f   sfc_mex:sfc_mex.obj
 0001:0001bd60       sf_mex_stop_simulation_abruptly_wo_error 000000018001cd60 f   sfc_mex:sfc_mex.obj
 0001:0001bda0       sf_mex_error_message       000000018001cda0 f   sfc_mex:sfc_mex.obj
 0001:0001be00       sf_react_to_error_in_matlab_call 000000018001ce00 f   sfc_mex:sfc_mex.obj
 0001:0001be30       sf_mex_addfield            000000018001ce30 f   sfc_mex:sfc_mex.obj
 0001:0001bed0       sf_mex_getfield            000000018001ced0 f   sfc_mex:sfc_mex.obj
 0001:0001c1d0       sf_mex_check_class         000000018001d1d0 f   sfc_mex:sfc_mex.obj
 0001:0001c270       sf_mex_is_real             000000018001d270 f   sfc_mex:sfc_mex.obj
 0001:0001c6e0       sf_mex_decode_encoded_mx_struct_array 000000018001d6e0 f   sfc_mex:sfc_mex.obj
 0001:0001c9c0       sf_mex_lw_bounds_check     000000018001d9c0 f   sfc_mex:sfc_mex.obj
 0001:0001c9f0       sf_mex_lw_size_eq_check_1d 000000018001d9f0 f   sfc_mex:sfc_mex.obj
 0001:0001ca10       sf_mex_lw_size_eq_check_nd 000000018001da10 f   sfc_mex:sfc_mex.obj
 0001:0001cbf0       sf_mex_lw_dim_size_eq_check 000000018001dbf0 f   sfc_mex:sfc_mex.obj
 0001:0001cc20       sf_mex_lw_dim_size_geq_check 000000018001dc20 f   sfc_mex:sfc_mex.obj
 0001:0001cc50       sf_mex_lw_sub_assign_size_check_nd 000000018001dc50 f   sfc_mex:sfc_mex.obj
 0001:0001ce80       sf_mex_lw_runtime_error_msgid 000000018001de80 f   sfc_mex:sfc_mex.obj
 0001:0001cf70       sf_mex_lw_matrix_matrix_index_check 000000018001df70 f   sfc_mex:sfc_mex.obj
 0001:0001cf90       sf_mex_lw_vector_vector_index_check 000000018001df90 f   sfc_mex:sfc_mex.obj
 0001:0001cfd0       sf_mex_lw_for_loop_vector_check 000000018001dfd0 f   sfc_mex:sfc_mex.obj
 0001:0001d060       sf_mex_lw_non_negative_check 000000018001e060 f   sfc_mex:sfc_mex.obj
 0001:0001d0a0       sf_mex_overflow_error      000000018001e0a0 f   sfc_mex:sfc_mex.obj
 0001:0001d0b0       sf_mex_dividebyzero_error  000000018001e0b0 f   sfc_mex:sfc_mex.obj
 0001:0001d0c0       sf_mex_unsafe_enum_error   000000018001e0c0 f   sfc_mex:sfc_mex.obj
 0001:0001d0d0       sf_emlrtErrHandler         000000018001e0d0 f   sfc_mex:sfc_mex.obj
 0001:0001d1b0       sf_mex_size_one_check      000000018001e1b0 f   sfc_mex:sfc_mex.obj
 0001:0001d1d0       sf_mex_printf              000000018001e1d0 f   sfc_mex:sfc_mex.obj
 0001:0001d3a0       sf_mex_check_size          000000018001e3a0 f   sfc_mex:sfc_mex.obj
 0001:0001d670       sf_mex_check_struct        000000018001e670 f   sfc_mex:sfc_mex.obj
 0001:0001d8d0       sf_mex_check_struct_vs     000000018001e8d0 f   sfc_mex:sfc_mex.obj
 0001:0001d960       sf_mex_check_fi            000000018001e960 f   sfc_mex:sfc_mex.obj
 0001:0001da60       sf_mex_check_fi_vs         000000018001ea60 f   sfc_mex:sfc_mex.obj
 0001:0001db00       sf_echo_expression         000000018001eb00 f   sfc_mex:sfc_mex.obj
 0001:0001db60       sf_assertion_failed        000000018001eb60 f   sfc_mex:sfc_mex.obj
 0001:0001de40       sf_mex_evalin              000000018001ee40 f   sfc_mex:sfc_mex.obj
 0001:0001e0b0       sf_mex_export              000000018001f0b0 f   sfc_mex:sfc_mex.obj
 0001:0001e170       sf_mex_get_ml_var_no_error 000000018001f170 f   sfc_mex:sfc_mex.obj
 0001:0001e310       sf_mex_get_ml_var          000000018001f310 f   sfc_mex:sfc_mex.obj
 0001:0001e7b0       ml_set_element_value_in_array 000000018001f7b0 f   sfc_mex:sfc_mex.obj
 0001:0001fe80       sf_mex_call_impl           0000000180020e80 f   sfc_mex:sfc_mex.obj
 0001:000203b0       sf_mex_call_debug          00000001800213b0 f   sfc_mex:sfc_mex.obj
 0001:000203e0       sf_mex_call                00000001800213e0 f   sfc_mex:sfc_mex.obj
 0001:00020a30       sf_mex_createstruct        0000000180021a30 f   sfc_mex:sfc_mex.obj
 0001:00020b20       sf_mex_createstructarray   0000000180021b20 f   sfc_mex:sfc_mex.obj
 0001:00020ba0       sf_mex_get_mx_datatype_from_sf_datatype 0000000180021ba0 f   sfc_mex:sfc_mex.obj
 0001:00020eb0       sf_mex_ml_var_sub          0000000180021eb0 f   sfc_mex:sfc_mex.obj
 0001:00021080       sf_mex_ml_var_subsasgn     0000000180022080 f   sfc_mex:sfc_mex.obj
 0001:00021470       sf_mex_sub                 0000000180022470 f   sfc_mex:sfc_mex.obj
 0001:00021670       sf_mex_subsasgn            0000000180022670 f   sfc_mex:sfc_mex.obj
 0001:00021b50       sf_mex_create              0000000180022b50 f   sfc_mex:sfc_mex.obj
 0001:000225a0       sf_mex_import_named        00000001800235a0 f   sfc_mex:sfc_mex.obj
 0001:00022600       sf_mex_import              0000000180023600 f   sfc_mex:sfc_mex.obj
 0001:00022650       sf_mex_import_vs           0000000180023650 f   sfc_mex:sfc_mex.obj
 0001:00022760       sf_mex_lower_fixpt_mx_array 0000000180023760 f   sfc_mex:sfc_mex.obj
 0001:00022a50       sf_send_message_wrapper    0000000180023a50 f   sfc_mex:sfc_sf.obj
 0001:00022a80       sf_receive_message_wrapper 0000000180023a80 f   sfc_mex:sfc_sf.obj
 0001:00022ac0       sf_check_out_message_wrapper 0000000180023ac0 f   sfc_mex:sfc_sf.obj
 0001:00022b00       sf_check_in_message_wrapper 0000000180023b00 f   sfc_mex:sfc_sf.obj
 0001:00022b40       sf_no_message_wrapper      0000000180023b40 f   sfc_mex:sfc_sf.obj
 0001:00022ed0       sim_mode_is_rtw_gen        0000000180023ed0 f   sfc_mex:sfc_sf.obj
 0001:00022f00       sim_mode_is_external       0000000180023f00 f   sfc_mex:sfc_sf.obj
 0001:00022f10       sim_mode_is_modelref_sim   0000000180023f10 f   sfc_mex:sfc_sf.obj
 0001:00022f30       mdlInitializeSizes         0000000180023f30 f   sfc_mex:sfc_sf.obj
 0001:00022f50       mdlInitializeSampleTimes   0000000180023f50 f   sfc_mex:sfc_sf.obj
 0001:00022f90       mdlZeroCrossings           0000000180023f90 f   sfc_mex:sfc_sf.obj
 0001:00023070       mdlDerivatives             0000000180024070 f   sfc_mex:sfc_sf.obj
 0001:00023120       mdl_initialize_conditions_processing 0000000180024120 f   sfc_mex:sfc_sf.obj
 0001:00023150       mdlInitializeConditions    0000000180024150 f   sfc_mex:sfc_sf.obj
 0001:00023210       mdlGetSimState             0000000180024210 f   sfc_mex:sfc_sf.obj
 0001:00023220       mdlSetSimState             0000000180024220 f   sfc_mex:sfc_sf.obj
 0001:00023230       mdl_ext_mode_exec_processing 0000000180024230 f   sfc_mex:sfc_sf.obj
 0001:00023250       mdlExtModeExec             0000000180024250 f   sfc_mex:sfc_sf.obj
 0001:000233e0       mdlTerminate               00000001800243e0 f   sfc_mex:sfc_sf.obj
 0001:00023450       mdlRTW                     0000000180024450 f   sfc_mex:sfc_sf.obj
 0001:00023480       mdlSetWorkWidths           0000000180024480 f   sfc_mex:sfc_sf.obj
 0001:00023490       mdlProcessParameters       0000000180024490 f   sfc_mex:sfc_sf.obj
 0001:000234a0       mdl_start_processing       00000001800244a0 f   sfc_mex:sfc_sf.obj
 0001:00023500       mdlStart                   0000000180024500 f   sfc_mex:sfc_sf.obj
 0001:00023610       mdlEnable                  0000000180024610 f   sfc_mex:sfc_sf.obj
 0001:000236e0       mdlDisable                 00000001800246e0 f   sfc_mex:sfc_sf.obj
 0001:00023790       sf_get_chart_instance_ptr  0000000180024790 f   sfc_mex:sfc_sf.obj
 0001:000237b0       sf_load_rtw_optimization_info 00000001800247b0 f   sfc_mex:sfc_sf.obj
 0001:00023880       sf_rtw_info_uint_prop      0000000180024880 f   sfc_mex:sfc_sf.obj
 0001:000239c0       sf_is_chart_inlinable      00000001800249c0 f   sfc_mex:sfc_sf.obj
 0001:000239e0       sf_mark_output_events_with_multiple_callers 00000001800249e0 f   sfc_mex:sfc_sf.obj
 0001:00023b70       sf_mark_chart_reusable_outputs 0000000180024b70 f   sfc_mex:sfc_sf.obj
 0001:00023dd0       sf_mark_chart_expressionable_inputs 0000000180024dd0 f   sfc_mex:sfc_sf.obj
 0001:00024030       sf_get_subchart_simstruct  0000000180025030 f   sfc_mex:sfc_sf.obj
 0001:00024080       sf_get_fixpt_data_type_id  0000000180025080 f   sfc_mex:sfc_sf.obj
 0001:000240c0       sf_get_enum_data_type_id   00000001800250c0 f   sfc_mex:sfc_sf.obj
 0001:00024100       sf_get_param_data_type_id  0000000180025100 f   sfc_mex:sfc_sf.obj
 0001:00024130       sf_mex_listen_for_ctrl_c_force 0000000180025130 f   sfc_mex:sfc_sf.obj
 0001:00024240       sf_mex_draw_now            0000000180025240 f   sfc_mex:sfc_sf.obj
 0001:00024280       sf_mex_set_debugger_sim_status_listener_fcn 0000000180025280 f   sfc_mex:sfc_sf.obj
 0001:00024290       sf_mex_listen_for_ctrl_c   0000000180025290 f   sfc_mex:sfc_sf.obj
 0001:00024320       sf_mex_get_sfun_param      0000000180025320 f   sfc_mex:sfc_sf.obj
 0001:00024370       sf_get_runtime_param_data  0000000180025370 f   sfc_mex:sfc_sf.obj
 0001:000243b0       sf_call_output_fcn_call    00000001800253b0 f   sfc_mex:sfc_sf.obj
 0001:000244f0       sf_call_output_fcn_enable  00000001800254f0 f   sfc_mex:sfc_sf.obj
 0001:00024580       sf_call_output_fcn_disable 0000000180025580 f   sfc_mex:sfc_sf.obj
 0001:00024610       sf_clear_rtw_identifier    0000000180025610 f   sfc_mex:sfc_sf.obj
 0001:00024e00       sf_set_encoded_dwork_info  0000000180025e00 f   sfc_mex:sfc_sf.obj
 0001:00024e50       sf_get_dwork_info_from_mat_file 0000000180025e50 f   sfc_mex:sfc_sf.obj
 0001:00025010       sf_set_rtw_dwork_info      0000000180026010 f   sfc_mex:sfc_sf.obj
 0001:00025180       mdlOutputs                 0000000180026180 f   sfc_mex:sfc_sf.obj
 0001:00025320       sf_debug_disp              0000000180026320 f   sfc_debug:sfcdebug.obj
 0001:00025580       sf_debug_data_runtime_size_mismatch_error_check 0000000180026580 f   sfc_debug:sfcdebug.obj
 0001:00025620       sf_debug_try_loading_machine 0000000180026620 f   sfc_debug:sfcdebug.obj
 0001:00025720       sf_debug_reset_current_state_configuration 0000000180026720 f   sfc_debug:sfcdebug.obj
 0001:000257b0       sf_debug_store_current_state_configuration 00000001800267b0 f   sfc_debug:sfcdebug.obj
 0001:00025840       sf_debug_restore_previous_state_configuration 0000000180026840 f   sfc_debug:sfcdebug.obj
 0001:000258d0       sf_debug_restore_previous_state_configuration2 00000001800268d0 f   sfc_debug:sfcdebug.obj
 0001:00025960       sf_debug_get_event_scope   0000000180026960 f   sfc_debug:sfcdebug.obj
 0001:00025ad0       use_debugger_step_animation 0000000180026ad0 f   sfc_debug:sfcdebug.obj
 0001:00025af0       sf_debug_get_script_id     0000000180026af0 f   sfc_debug:sfcdebug.obj
 0001:00025b80       sf_debug_set_script_translation 0000000180026b80 f   sfc_debug:sfcdebug.obj
 0001:00025d00       sf_debug_extract_message_post_receive_info 0000000180026d00 f   sfc_debug:sfcdebug.obj
 0001:00025e00       sf_debug_get_current_machine_id 0000000180026e00 f   sfc_debug:sfcdebug.obj
 0001:00025e20       sf_debug_get_current_optional_integer 0000000180026e20 f   sfc_debug:sfcdebug.obj
 0001:00025e30       sf_debug_get_current_machine_number 0000000180026e30 f   sfc_debug:sfcdebug.obj
 0001:00025e50       sf_debug_get_current_machine_name 0000000180026e50 f   sfc_debug:sfcdebug.obj
 0001:00025e70       sf_debug_get_current_chart_id 0000000180026e70 f   sfc_debug:sfcdebug.obj
 0001:00025ec0       sf_debug_get_current_chart_number 0000000180026ec0 f   sfc_debug:sfcdebug.obj
 0001:00025ed0       sf_debug_get_current_instance_number 0000000180026ed0 f   sfc_debug:sfcdebug.obj
 0001:00025ee0       sf_debug_get_current_is_minor_time_step 0000000180026ee0 f   sfc_debug:sfcdebug.obj
 0001:00025f60       sf_debug_get_current_object_type 0000000180026f60 f   sfc_debug:sfcdebug.obj
 0001:00025f70       sf_debug_get_current_instance_handle 0000000180026f70 f   sfc_debug:sfcdebug.obj
 0001:00025fd0       sf_debug_get_current_event_type 0000000180026fd0 f   sfc_debug:sfcdebug.obj
 0001:00025fe0       sf_debug_get_current_object_id 0000000180026fe0 f   sfc_debug:sfcdebug.obj
 0001:00026020       sf_debug_get_current_active_event_type 0000000180027020 f   sfc_debug:sfcdebug.obj
 0001:00026030       sf_debug_get_current_active_event_id 0000000180027030 f   sfc_debug:sfcdebug.obj
 0001:00026070       sf_debug_get_current_tag_type 0000000180027070 f   sfc_debug:sfcdebug.obj
 0001:00026080       sf_debug_get_current_simulation_time 0000000180027080 f   sfc_debug:sfcdebug.obj
 0001:00026090       sf_debug_get_current_coverage_percentage 0000000180027090 f   sfc_debug:sfcdebug.obj
 0001:000260a0       sf_debug_current_statement_context 00000001800270a0 f   sfc_debug:sfcdebug.obj
 0001:00026130       sf_debug_get_current_statement_info 0000000180027130 f   sfc_debug:sfcdebug.obj
 0001:000262b0       sf_debug_terminate_instance 00000001800272b0 f   sfc_debug:sfcdebug.obj
 0001:000265f0       sf_debug_assertion_failed  00000001800275f0 f   sfc_debug:sfcdebug.obj
 0001:00026850       sf_debug_set_number_of_data_with_change_event_for_machine 0000000180027850 f   sfc_debug:sfcdebug.obj
 0001:00026890       sf_debug_set_machine_event_thresholds 0000000180027890 f   sfc_debug:sfcdebug.obj
 0001:000268b0       sf_debug_set_machine_event_scope 00000001800278b0 f   sfc_debug:sfcdebug.obj
 0001:000268f0       sf_debug_set_machine_data_thresholds 00000001800278f0 f   sfc_debug:sfcdebug.obj
 0001:00026930       sf_debug_set_machine_data_scope 0000000180027930 f   sfc_debug:sfcdebug.obj
 0001:000269c0       sf_debug_set_machine_data_name 00000001800279c0 f   sfc_debug:sfcdebug.obj
 0001:00026a60       sf_debug_set_machine_data_size 0000000180027a60 f   sfc_debug:sfcdebug.obj
 0001:00026ba0       sf_debug_set_machine_data_type 0000000180027ba0 f   sfc_debug:sfcdebug.obj
 0001:00026d10       sf_debug_get_chart_data_number 0000000180027d10 f   sfc_debug:sfcdebug.obj
 0001:00026d30       sf_debug_get_chart_event_number 0000000180027d30 f   sfc_debug:sfcdebug.obj
 0001:00026d50       sf_debug_set_chart_state_info 0000000180027d50 f   sfc_debug:sfcdebug.obj
 0001:00026dd0       sf_debug_set_chart_decomposition 0000000180027dd0 f   sfc_debug:sfcdebug.obj
 0001:00026e40       sf_debug_set_chart_substate_count 0000000180027e40 f   sfc_debug:sfcdebug.obj
 0001:00026f20       sf_debug_set_chart_substate_index 0000000180027f20 f   sfc_debug:sfcdebug.obj
 0001:00026f90       sf_debug_set_chart_state_substate_count 0000000180027f90 f   sfc_debug:sfcdebug.obj
 0001:000270a0       sf_debug_set_chart_state_substate_index 00000001800280a0 f   sfc_debug:sfcdebug.obj
 0001:00027120       sf_debug_set_number_of_data_with_change_event_for_chart 0000000180028120 f   sfc_debug:sfcdebug.obj
 0001:000271a0       sf_debug_set_number_of_states_with_entry_event_for_chart 00000001800281a0 f   sfc_debug:sfcdebug.obj
 0001:00027210       sf_debug_set_number_of_states_with_exit_event_for_chart 0000000180028210 f   sfc_debug:sfcdebug.obj
 0001:00027280       sf_debug_set_chart_disable_implicit_casting 0000000180028280 f   sfc_debug:sfcdebug.obj
 0001:000272f0       sf_debug_set_chart_event_thresholds 00000001800282f0 f   sfc_debug:sfcdebug.obj
 0001:00027360       sf_debug_set_chart_data_compiled_props 0000000180028360 f   sfc_debug:sfcdebug.obj
 0001:000276b0       sf_debug_set_chart_data_props 00000001800286b0 f   sfc_debug:sfcdebug.obj
 0001:000279d0       sf_debug_check_fi_license  00000001800289d0 f   sfc_debug:sfcdebug.obj
 0001:00027bc0       sf_debug_symbol_scope_push 0000000180028bc0 f   sfc_debug:sfcdebug.obj
 0001:00027c00       sf_debug_symbol_scope_push_eml 0000000180028c00 f   sfc_debug:sfcdebug.obj
 0001:00027c50       sf_debug_symbol_scope_pop  0000000180028c50 f   sfc_debug:sfcdebug.obj
 0001:00027c90       sf_debug_symbol_scope_add_importable 0000000180028c90 f   sfc_debug:sfcdebug.obj
 0001:00027d10       sf_debug_symbol_scope_add  0000000180028d10 f   sfc_debug:sfcdebug.obj
 0001:00027d90       sf_debug_symbol_scope_add_dyn_importable 0000000180028d90 f   sfc_debug:sfcdebug.obj
 0001:00027e50       sf_debug_symbol_scope_add_dyn 0000000180028e50 f   sfc_debug:sfcdebug.obj
 0001:00027e80       sf_debug_symbol_scope_add_eml_importable 0000000180028e80 f   sfc_debug:sfcdebug.obj
 0001:00027ec0       sf_debug_symbol_scope_add_eml 0000000180028ec0 f   sfc_debug:sfcdebug.obj
 0001:00027f00       sf_debug_symbol_scope_add_eml_dyn_importable 0000000180028f00 f   sfc_debug:sfcdebug.obj
 0001:00027f70       sf_debug_symbol_scope_add_eml_dyn 0000000180028f70 f   sfc_debug:sfcdebug.obj
 0001:00027fd0       sf_debug_symbol_switch     0000000180028fd0 f   sfc_debug:sfcdebug.obj
 0001:00027ff0       sf_debug_symbol_scope_add_verbose 0000000180028ff0 f   sfc_debug:sfcdebug.obj
 0001:000280c0       sf_debug_set_machine_data_value_ptr 00000001800290c0 f   sfc_debug:sfcdebug.obj
 0001:00028100       sf_debug_set_instance_data_value_ptr 0000000180029100 f   sfc_debug:sfcdebug.obj
 0001:000281c0       sf_debug_unset_instance_data_value_ptr 00000001800291c0 f   sfc_debug:sfcdebug.obj
 0001:00028270       sf_debug_set_chart_event_scope 0000000180029270 f   sfc_debug:sfcdebug.obj
 0001:000282f0       sf_debug_set_chart_transition_coverage_maps 00000001800292f0 f   sfc_debug:sfcdebug.obj
 0001:00028400       sf_debug_set_chart_state_coverage_maps 0000000180029400 f   sfc_debug:sfcdebug.obj
 0001:000284e0       sf_debug_set_instance_transition_coverage_weights 00000001800294e0 f   sfc_debug:sfcdebug.obj
 0001:00028580       sf_debug_set_instance_state_coverage_weights 0000000180029580 f   sfc_debug:sfcdebug.obj
 0001:000287d0       sf_debug_unload_machine    00000001800297d0 f   sfc_debug:sfcdebug.obj
 0001:00028820       sf_debug_load_machine      0000000180029820 f   sfc_debug:sfcdebug.obj
 0001:00028920       sf_debug_set_active_instance_in_data_dictionary 0000000180029920 f   sfc_debug:sfcdebug.obj
 0001:00028b00       sf_debug_set_active_instance 0000000180029b00 f   sfc_debug:sfcdebug.obj
 0001:00028c60       sf_debug_chart_visiblity_change 0000000180029c60 f   sfc_debug:sfcdebug.obj
 0001:00028d60       sf_debug_select_chart      0000000180029d60 f   sfc_debug:sfcdebug.obj
 0001:00028ed0       sf_debug_set_instance_cv_ids 0000000180029ed0 f   sfc_debug:sfcdebug.obj
 0001:000291e0       sf_debug_select_charts     000000018002a1e0 f   sfc_debug:sfcdebug.obj
 0001:00029370       sf_debug_initialized       000000018002a370 f   sfc_debug:sfcdebug.obj
 0001:00029380       sf_debug_is_uninterruptible 000000018002a380 f   sfc_debug:sfcdebug.obj
 0001:000293b0       sf_debug_initialize_debugger_gui 000000018002a3b0 f   sfc_debug:sfcdebug.obj
 0001:000297a0       sf_debug_resume            000000018002a7a0 f   sfc_debug:sfcdebug.obj
 0001:000297c0       sf_debug_go                000000018002a7c0 f   sfc_debug:sfcdebug.obj
 0001:000297d0       sf_debug_break             000000018002a7d0 f   sfc_debug:sfcdebug.obj
 0001:000297e0       sf_debug_step_over         000000018002a7e0 f   sfc_debug:sfcdebug.obj
 0001:000297f0       sf_debug_step_out          000000018002a7f0 f   sfc_debug:sfcdebug.obj
 0001:00029800       sf_debug_set_disable_all_breakpoints 000000018002a800 f   sfc_debug:sfcdebug.obj
 0001:00029810       sf_debug_disable_all_breakpoints_and_go 000000018002a810 f   sfc_debug:sfcdebug.obj
 0001:00029820       sf_debug_break_on_chart_entry 000000018002a820 f   sfc_debug:sfcdebug.obj
 0001:00029830       sf_debug_break_on_event_broadcast 000000018002a830 f   sfc_debug:sfcdebug.obj
 0001:00029840       sf_debug_break_on_state_entry 000000018002a840 f   sfc_debug:sfcdebug.obj
 0001:00029850       sf_debug_break_between_times 000000018002a850 f   sfc_debug:sfcdebug.obj
 0001:00029870       sf_debug_browse_data       000000018002a870 f   sfc_debug:sfcdebug.obj
 0001:00029890       sf_debug_watch_data        000000018002a890 f   sfc_debug:sfcdebug.obj
 0001:000298b0       sf_debug_assign_data       000000018002a8b0 f   sfc_debug:sfcdebug.obj
 0001:000298d0       sf_debug_whos              000000018002a8d0 f   sfc_debug:sfcdebug.obj
 0001:000298f0       sf_debug_get_consistency_info 000000018002a8f0 f   sfc_debug:sfcdebug.obj
 0001:00029900       sf_debug_browse_trace      000000018002a900 f   sfc_debug:sfcdebug.obj
 0001:00029910       sf_debug_set_breakpoints   000000018002a910 f   sfc_debug:sfcdebug.obj
 0001:00029a70       sf_debug_set_eml_breakpoints 000000018002aa70 f   sfc_debug:sfcdebug.obj
 0001:00029bd0       sf_debug_set_script_breakpoints 000000018002abd0 f   sfc_debug:sfcdebug.obj
 0001:00029c50       sf_debug_add_script_breakpoints 000000018002ac50 f   sfc_debug:sfcdebug.obj
 0001:00029cc0       sf_debug_clear_script_breakpoints 000000018002acc0 f   sfc_debug:sfcdebug.obj
 0001:00029d30       sf_debug_query_script_breakpoints 000000018002ad30 f   sfc_debug:sfcdebug.obj
 0001:00029df0       sf_debug_get_eml_script_id 000000018002adf0 f   sfc_debug:sfcdebug.obj
 0001:00029e40       sf_debug_set_watch         000000018002ae40 f   sfc_debug:sfcdebug.obj
 0001:0002a070       sf_debug_get_instance_handle 000000018002b070 f   sfc_debug:sfcdebug.obj
 0001:0002a100       sf_debug_get_active_states 000000018002b100 f   sfc_debug:sfcdebug.obj
 0001:0002a110       sf_debug_get_animation     000000018002b110 f   sfc_debug:sfcdebug.obj
 0001:0002a120       sf_debug_set_animation     000000018002b120 f   sfc_debug:sfcdebug.obj
 0001:0002a130       sf_debug_animate           000000018002b130 f   sfc_debug:sfcdebug.obj
 0001:0002a160       sf_debug_cycle_detection_check 000000018002b160 f   sfc_debug:sfcdebug.obj
 0001:0002a170       sf_debug_data_range_check  000000018002b170 f   sfc_debug:sfcdebug.obj
 0001:0002a180       sf_debug_transition_conflict_check 000000018002b180 f   sfc_debug:sfcdebug.obj
 0001:0002a190       sf_debug_state_consistency_check 000000018002b190 f   sfc_debug:sfcdebug.obj
 0001:0002a1a0       sf_debug_data_range_check_enabled 000000018002b1a0 f   sfc_debug:sfcdebug.obj
 0001:0002a1c0       sf_debug_transition_conflict_check_enabled 000000018002b1c0 f   sfc_debug:sfcdebug.obj
 0001:0002a1e0       sf_debug_transition_conflict_check_begin 000000018002b1e0 f   sfc_debug:sfcdebug.obj
 0001:0002a200       sf_debug_transition_conflict_check_end 000000018002b200 f   sfc_debug:sfcdebug.obj
 0001:0002a220       sf_debug_stop_debugging    000000018002b220 f   sfc_debug:sfcdebug.obj
 0001:0002a250       sf_debug_is_cycle_detected 000000018002b250 f   sfc_debug:sfcdebug.obj
 0001:0002a260       sf_debug_is_array_bounds_detected 000000018002b260 f   sfc_debug:sfcdebug.obj
 0001:0002a270       sf_debug_get_state_vectors_data_size 000000018002b270 f   sfc_debug:sfcdebug.obj
 0001:0002a2b0       sf_debug_get_state_vectors_data 000000018002b2b0 f   sfc_debug:sfcdebug.obj
 0001:0002a3b0       sf_debug_set_state_vectors_data 000000018002b3b0 f   sfc_debug:sfcdebug.obj
 0001:0002a670       sf_debug_get_script_index  000000018002b670 f   sfc_debug:sfcdebug.obj
 0001:0002a800       sf_debug_add_script        000000018002b800 f   sfc_debug:sfcdebug.obj
 0001:0002a990       cv_eval_point              000000018002b990 f   sfc_debug:sfcdebug.obj
 0001:0002ab00       cv_eval_testobjective      000000018002bb00 f   sfc_debug:sfcdebug.obj
 0001:0002ac20       sf_debug_cv_init_state     000000018002bc20 f   sfc_debug:sfcdebug.obj
 0001:0002ad40       sf_debug_cv_init_chart     000000018002bd40 f   sfc_debug:sfcdebug.obj
 0001:0002ae20       sf_debug_cv_init_trans     000000018002be20 f   sfc_debug:sfcdebug.obj
 0001:0002af20       sf_debug_cv_init_testobjectives 000000018002bf20 f   sfc_debug:sfcdebug.obj
 0001:0002b100       cv_eml_init_script         000000018002c100 f   sfc_debug:sfcdebug.obj
 0001:0002b210       cv_eml_init_fcn            000000018002c210 f   sfc_debug:sfcdebug.obj
 0001:0002b2c0       cv_eml_init_testobjective  000000018002c2c0 f   sfc_debug:sfcdebug.obj
 0001:0002b390       cv_eml_init_saturation     000000018002c390 f   sfc_debug:sfcdebug.obj
 0001:0002b450       cv_eml_init_if             000000018002c450 f   sfc_debug:sfcdebug.obj
 0001:0002b520       cv_eml_init_for            000000018002c520 f   sfc_debug:sfcdebug.obj
 0001:0002b5e0       cv_eml_init_while          000000018002c5e0 f   sfc_debug:sfcdebug.obj
 0001:0002b6a0       cv_eml_init_mcdc           000000018002c6a0 f   sfc_debug:sfcdebug.obj
 0001:0002b7b0       cv_eml_init_switch         000000018002c7b0 f   sfc_debug:sfcdebug.obj
 0001:0002b8a0       cv_eml_eval                000000018002c8a0 f   sfc_debug:sfcdebug.obj
 0001:0002b980       sf_debug_bm_is_a_eml_breakpoint 000000018002c980 f   sfc_debug:sfcdebug.obj
 0001:0002bad0       sf_debug_temporal_threshold 000000018002cad0 f   sfc_debug:sfcdebug.obj
 0001:0002be30       sf_debug_transition_conflict_error 000000018002ce30 f   sfc_debug:sfcdebug.obj
 0001:0002c1b0       sf_debug_state_inconsistency_error 000000018002d1b0 f   sfc_debug:sfcdebug.obj
 0001:0002c2d0       sf_debug_check_for_state_inconsistency 000000018002d2d0 f   sfc_debug:sfcdebug.obj
 0001:0002c300       sf_debug_cycle_detecton_error 000000018002d300 f   sfc_debug:sfcdebug.obj
 0001:0002cad0       sf_debug_size_eq_check_1d  000000018002dad0 f   sfc_debug:sfcdebug.obj
 0001:0002caf0       sf_debug_size_eq_check_nd  000000018002daf0 f   sfc_debug:sfcdebug.obj
 0001:0002ccd0       sf_debug_dim_size_eq_check 000000018002dcd0 f   sfc_debug:sfcdebug.obj
 0001:0002cd00       sf_debug_dim_size_geq_check 000000018002dd00 f   sfc_debug:sfcdebug.obj
 0001:0002cd30       sf_debug_sub_assign_size_check_nd 000000018002dd30 f   sfc_debug:sfcdebug.obj
 0001:0002cf70       sf_debug_matrix_matrix_index_check 000000018002df70 f   sfc_debug:sfcdebug.obj
 0001:0002cfa0       sf_debug_vector_vector_index_check 000000018002dfa0 f   sfc_debug:sfcdebug.obj
 0001:0002cfd0       sf_debug_for_loop_vector_check 000000018002dfd0 f   sfc_debug:sfcdebug.obj
 0001:0002d060       sf_debug_runtime_error_msgid 000000018002e060 f   sfc_debug:sfcdebug.obj
 0001:0002d0f0       sf_debug_data_array_bounds_error_check 000000018002e0f0 f   sfc_debug:sfcdebug.obj
 0001:0002d200       sf_debug_eml_data_array_bounds_error_check 000000018002e200 f   sfc_debug:sfcdebug.obj
 0001:0002d6e0       sf_debug_integer_check     000000018002e6e0 f   sfc_debug:sfcdebug.obj
 0001:0002d7c0       sf_debug_not_nan_check     000000018002e7c0 f   sfc_debug:sfcdebug.obj
 0001:0002d880       sf_debug_non_negative_check 000000018002e880 f   sfc_debug:sfcdebug.obj
 0001:0002d940       sf_debug_overflow_detection 000000018002e940 f   sfc_debug:sfcdebug.obj
 0001:0002e030       sf_debug_cast_to_real32_T  000000018002f030 f   sfc_debug:sfcdebug.obj
 0001:0002e0f0       sf_debug_cast_to_int8_T    000000018002f0f0 f   sfc_debug:sfcdebug.obj
 0001:0002e1b0       sf_debug_cast_to_uint8_T   000000018002f1b0 f   sfc_debug:sfcdebug.obj
 0001:0002e270       sf_debug_cast_to_int16_T   000000018002f270 f   sfc_debug:sfcdebug.obj
 0001:0002e330       sf_debug_cast_to_uint16_T  000000018002f330 f   sfc_debug:sfcdebug.obj
 0001:0002e3f0       sf_debug_cast_to_int32_T   000000018002f3f0 f   sfc_debug:sfcdebug.obj
 0001:0002e4b0       sf_debug_cast_to_uint32_T  000000018002f4b0 f   sfc_debug:sfcdebug.obj
 0001:0002e570       sf_debug_data_range_error  000000018002f570 f   sfc_debug:sfcdebug.obj
 0001:0002e8c0       sf_debug_read_before_write_check 000000018002f8c0 f   sfc_debug:sfcdebug.obj
 0001:0002ed20       sf_debug_data_range_error_wrapper_min_max 000000018002fd20 f   sfc_debug:sfcdebug.obj
 0001:0002ee10       sf_debug_data_range_error_wrapper_min 000000018002fe10 f   sfc_debug:sfcdebug.obj
 0001:0002eef0       sf_debug_data_range_error_wrapper_max 000000018002fef0 f   sfc_debug:sfcdebug.obj
 0001:0002efd0       sf_debug_data_range_wrapper 000000018002ffd0 f   sfc_debug:sfcdebug.obj
 0001:0002f080       sf_debug_set_current_status_info 0000000180030080 f   sfc_debug:sfcdebug.obj
 0001:0002f430       sf_debug_register_message_post_receive_info 0000000180030430 f   sfc_debug:sfcdebug.obj
 0001:0002f6a0       sf_debug_call              00000001800306a0 f   sfc_debug:sfcdebug.obj
 0001:00030300       sf_debug_initialize_machine 0000000180031300 f   sfc_debug:sfcdebug.obj
 0001:00030610       sf_debug_initialize_chart  0000000180031610 f   sfc_debug:sfcdebug.obj
 0001:00030a60       sf_debug_ensure_script     0000000180031a60 f   sfc_debug:sfcdebug.obj
 0001:00030b20       cv_script_init_script      0000000180031b20 f   sfc_debug:sfcdebug.obj
 0001:00030c10       cv_script_init_fcn         0000000180031c10 f   sfc_debug:sfcdebug.obj
 0001:00030cc0       cv_script_init_testobjective 0000000180031cc0 f   sfc_debug:sfcdebug.obj
 0001:00030d70       cv_script_init_if          0000000180031d70 f   sfc_debug:sfcdebug.obj
 0001:00030e20       cv_script_init_for         0000000180031e20 f   sfc_debug:sfcdebug.obj
 0001:00030ed0       cv_script_init_while       0000000180031ed0 f   sfc_debug:sfcdebug.obj
 0001:00030f80       cv_script_init_mcdc        0000000180031f80 f   sfc_debug:sfcdebug.obj
 0001:00031080       cv_script_init_switch      0000000180032080 f   sfc_debug:sfcdebug.obj
 0001:00031160       cv_script_eval             0000000180032160 f   sfc_debug:sfcdebug.obj
 0001:00031240       eml_debug_line_call        0000000180032240 f   sfc_debug:sfcdebug.obj
 0001:000313f0       sf_debug_terminate         00000001800323f0 f   sfc_debug:sfcdebug.obj
 0001:00031560       sf_debug_set_script_cv_ids 0000000180032560 f   sfc_debug:sfcdebug.obj
 0001:00031690       sf_debug_api               0000000180032690 f   sfc_debug:sfc_api.obj
 0001:00032d40       sf_debug_sm_terminate      0000000180033d40 f   sfc_debug:sfdb_animation.obj
 0001:00032f00       sf_debug_reset_path_objects 0000000180033f00 f   sfc_debug:sfdb_animation.obj
 0001:00032f80       sf_debug_sm_reset_object_selection_status 0000000180033f80 f   sfc_debug:sfdb_animation.obj
 0001:00033020       sf_debug_sm_reset_state_buffer 0000000180034020 f   sfc_debug:sfdb_animation.obj
 0001:000330f0       sf_debug_sm_store_state_buffer 00000001800340f0 f   sfc_debug:sfdb_animation.obj
 0001:00033170       sf_debug_sm_restore_state_buffer1 0000000180034170 f   sfc_debug:sfdb_animation.obj
 0001:000331e0       sf_debug_sm_restore_state_buffer2 00000001800341e0 f   sfc_debug:sfdb_animation.obj
 0001:00033250       sf_debug_sm_chart_active   0000000180034250 f   sfc_debug:sfdb_animation.obj
 0001:000332a0       sf_debug_sm_select_active_objects 00000001800342a0 f   sfc_debug:sfdb_animation.obj
 0001:00033790       sf_debug_sm_is_chart_active 0000000180034790 f   sfc_debug:sfdb_animation.obj
 0001:000337d0       sf_debug_sm_is_state_active 00000001800347d0 f   sfc_debug:sfdb_animation.obj
 0001:00033a10       sf_debug_sm_get_active_states 0000000180034a10 f   sfc_debug:sfdb_animation.obj
 0001:00033fd0       sf_debug_sm_initialize_instance 0000000180034fd0 f   sfc_debug:sfdb_animation.obj
 0001:000341f0       sf_debug_sm_change_object_selection_status 00000001800351f0 f   sfc_debug:sfdb_animation.obj
 0001:00034500       cv_create_interface        0000000180035500 f   sfc_debug:cv_sfinterface.obj
 0001:00034860       cv_init_trans              0000000180035860 f   sfc_debug:cv_sfinterface.obj
 0001:000348b0       cv_init_testobjective      00000001800358b0 f   sfc_debug:cv_sfinterface.obj
 0001:000348f0       cv_init_state              00000001800358f0 f   sfc_debug:cv_sfinterface.obj
 0001:00034960       cv_init_chart              0000000180035960 f   sfc_debug:cv_sfinterface.obj
 0001:000349b0       cv_dec_update_call         00000001800359b0 f   sfc_debug:cv_sfinterface.obj
 0001:000349f0       cv_cond_update_call        00000001800359f0 f   sfc_debug:cv_sfinterface.obj
 0001:00034a30       cv_testobjective_update_call 0000000180035a30 f   sfc_debug:cv_sfinterface.obj
 0001:00034a70       cv_sigrange_update         0000000180035a70 f   sfc_debug:cv_sfinterface.obj
 0001:00034ab0       cvsf_eml_eval              0000000180035ab0 f   sfc_debug:cv_sfinterface.obj
 0001:00034ba0       cvsf_eml_init_script       0000000180035ba0 f   sfc_debug:cv_sfinterface.obj
 0001:00034c30       cvsf_eml_init_fcn          0000000180035c30 f   sfc_debug:cv_sfinterface.obj
 0001:00034c90       cvsf_eml_init_testobjective 0000000180035c90 f   sfc_debug:cv_sfinterface.obj
 0001:00034cf0       cvsf_eml_init_saturation   0000000180035cf0 f   sfc_debug:cv_sfinterface.obj
 0001:00034d40       cvsf_eml_init_if           0000000180035d40 f   sfc_debug:cv_sfinterface.obj
 0001:00034da0       cvsf_eml_init_for          0000000180035da0 f   sfc_debug:cv_sfinterface.obj
 0001:00034df0       cvsf_eml_init_while        0000000180035df0 f   sfc_debug:cv_sfinterface.obj
 0001:00034e40       cvsf_eml_init_mcdc         0000000180035e40 f   sfc_debug:cv_sfinterface.obj
 0001:00034ed0       cvsf_eml_init_switch       0000000180035ed0 f   sfc_debug:cv_sfinterface.obj
 0001:00034f40       cvsf_script_eval           0000000180035f40 f   sfc_debug:cv_sfinterface.obj
 0001:00035030       cvsf_script_init_script    0000000180036030 f   sfc_debug:cv_sfinterface.obj
 0001:000350c0       cvsf_script_init_fcn       00000001800360c0 f   sfc_debug:cv_sfinterface.obj
 0001:00035120       cvsf_script_init_testobjective 0000000180036120 f   sfc_debug:cv_sfinterface.obj
 0001:00035180       cvsf_script_init_saturation 0000000180036180 f   sfc_debug:cv_sfinterface.obj
 0001:000351d0       cvsf_script_init_if        00000001800361d0 f   sfc_debug:cv_sfinterface.obj
 0001:00035230       cvsf_script_init_for       0000000180036230 f   sfc_debug:cv_sfinterface.obj
 0001:00035280       cvsf_script_init_while     0000000180036280 f   sfc_debug:cv_sfinterface.obj
 0001:000352d0       cvsf_script_init_mcdc      00000001800362d0 f   sfc_debug:cv_sfinterface.obj
 0001:00035360       cvsf_script_init_switch    0000000180036360 f   sfc_debug:cv_sfinterface.obj
 0001:000353d0       cv_destroy_interface       00000001800363d0 f   sfc_debug:cv_sfinterface.obj
 0001:000353f0       cv_create_instance_objects 00000001800363f0 f   sfc_debug:cv_sfinterface.obj
 0001:000358a0       cv_is_enabled              00000001800368a0 f   sfc_debug:cv_sfinterface.obj
 0001:000358b0       sf_debug_cv_initialize_script 00000001800368b0 f   sfc_debug:cv_sfinterface.obj
 0001:00035a60       sf_debug_cv_initialize_instance 0000000180036a60 f   sfc_debug:cv_sfinterface.obj
 0001:00035e00       sf_debug_cv_terminate_chart 0000000180036e00 f   sfc_debug:cv_sfinterface.obj
 0001:00035f40       cv_call_trans_test         0000000180036f40 f   sfc_debug:cv_sfinterface.obj
 0001:00035f50       cv_call_sub_cond_test      0000000180036f50 f   sfc_debug:cv_sfinterface.obj
 0001:00035f90       sf_debug_st_initialize_machine 0000000180036f90 f   sfc_debug:sfdb_data_browse.obj
 0001:00036050       sf_debug_st_initialize_instance 0000000180037050 f   sfc_debug:sfdb_data_browse.obj
 0001:00036280       sf_debug_st_terminate      0000000180037280 f   sfc_debug:sfdb_data_browse.obj
 0001:00036620       sf_debug_st_set_data_value_ptr_in_machine 0000000180037620 f   sfc_debug:sfdb_data_browse.obj
 0001:000366b0       sf_debug_st_set_data_value_ptr_in_instance 00000001800376b0 f   sfc_debug:sfdb_data_browse.obj
 0001:00036790       sf_debug_st_unset_data_value_ptr_in_machine 0000000180037790 f   sfc_debug:sfdb_data_browse.obj
 0001:00036800       sf_debug_st_unset_data_value_ptr_in_instance 0000000180037800 f   sfc_debug:sfdb_data_browse.obj
 0001:00036b10       sf_debug_mx_value          0000000180037b10 f   sfc_debug:sfdb_data_browse.obj
 0001:00036b70       sf_debug_mx_packed_vector  0000000180037b70 f   sfc_debug:sfdb_data_browse.obj
 0001:00036c50       sf_debug_mx_uint_vector    0000000180037c50 f   sfc_debug:sfdb_data_browse.obj
 0001:00036d10       sf_debug_st_get_double_value_from_void_ptr_vector 0000000180037d10 f   sfc_debug:sfdb_data_browse.obj
 0001:00037800       sf_debug_st_browse_data    0000000180038800 f   sfc_debug:sfdb_data_browse.obj
 0001:00038090       sf_debug_hm_initialize_instance 0000000180039090 f   sfc_debug:sfdb_handle_management.obj
 0001:000385c0       sf_debug_hm_get_object_id  00000001800395c0 f   sfc_debug:sfdb_handle_management.obj
 0001:00039170       sf_debug_hm_update_chart_visibility 000000018003a170 f   sfc_debug:sfdb_handle_management.obj
 0001:0003a450       sf_debug_object_is_eml_function 000000018003b450 f   sfc_debug:sfdb_handle_management.obj
 0001:0003a4c0       sf_debug_hm_initialize_ids_in_machine 000000018003b4c0 f   sfc_debug:sfdb_handle_management.obj
 0001:0003a630       sf_debug_hm_initialize_ids_in_chart 000000018003b630 f   sfc_debug:sfdb_handle_management.obj
 0001:0003a730       sf_debug_hm_initialize_chart 000000018003b730 f   sfc_debug:sfdb_handle_management.obj
 0001:0003aed0       sf_debug_hm_terminate      000000018003bed0 f   sfc_debug:sfdb_handle_management.obj
 0001:0003af30       sf_debug_hm_initialize_machine 000000018003bf30 f   sfc_debug:sfdb_handle_management.obj
 0001:0003b6e0       sf_debug_ss_initialize     000000018003c6e0 f   sfc_debug:sfdb_symbol_scope.obj
 0001:0003b700       sf_debug_ss_terminate      000000018003c700 f   sfc_debug:sfdb_symbol_scope.obj
 0001:0003b790       sf_debug_ss_push_symbol_scope 000000018003c790 f   sfc_debug:sfdb_symbol_scope.obj
 0001:0003b890       sf_debug_ss_push_symbol_scope_eml 000000018003c890 f   sfc_debug:sfdb_symbol_scope.obj
 0001:0003b8f0       sf_debug_ss_pop_symbol_scope 000000018003c8f0 f   sfc_debug:sfdb_symbol_scope.obj
 0001:0003b9a0       sf_debug_ss_add_symbol     000000018003c9a0 f   sfc_debug:sfdb_symbol_scope.obj
 0001:0003bb00       sf_debug_ss_add_symbol_eml 000000018003cb00 f   sfc_debug:sfdb_symbol_scope.obj
 0001:0003c820       sf_debug_ss_set_data_value 000000018003d820 f   sfc_debug:sfdb_symbol_scope.obj
 0001:0003ccf0       getInstanceNumber          000000018003dcf0 f   sfc_debug:sfdb_symbol_scope.obj
 0001:0003cdc0       sf_debug_ss_watch_data     000000018003ddc0 f   sfc_debug:sfdb_symbol_scope.obj
 0001:0003cf60       sf_debug_ss_assign_data    000000018003df60 f   sfc_debug:sfdb_symbol_scope.obj
 0001:0003d980       get_data_entry_name        000000018003e980 f   sfc_debug:sfdb_symbol_scope.obj
 0001:0003d9d0       sf_debug_ss_whos           000000018003e9d0 f   sfc_debug:sfdb_symbol_scope.obj
 0001:0003e0f0       sf_debug_cc_initialize_chart 000000018003f0f0 f   sfc_debug:sfdb_coverage.obj
 0001:0003eae0       sf_debug_cc_initialize_instance 000000018003fae0 f   sfc_debug:sfdb_coverage.obj
 0001:0003f8f0       sf_debug_cc_terminate      00000001800408f0 f   sfc_debug:sfdb_coverage.obj
 0001:0003f9e0       sf_debug_cc_set_transition_maps 00000001800409e0 f   sfc_debug:sfdb_coverage.obj
 0001:0003fb10       sf_debug_cc_set_state_maps 0000000180040b10 f   sfc_debug:sfdb_coverage.obj
 0001:0003fbf0       sf_debug_cc_set_transition_weights 0000000180040bf0 f   sfc_debug:sfdb_coverage.obj
 0001:0003fec0       sf_debug_cc_set_state_weights 0000000180040ec0 f   sfc_debug:sfdb_coverage.obj
 0001:00040190       sf_debug_cc_mark_transition_guard 0000000180041190 f   sfc_debug:sfdb_coverage.obj
 0001:00040220       sf_debug_cc_mark_transition_trigger 0000000180041220 f   sfc_debug:sfdb_coverage.obj
 0001:000402b0       sf_debug_cc_mark_transition_decision 00000001800412b0 f   sfc_debug:sfdb_coverage.obj
 0001:00040320       sf_debug_cc_mark_transition_condition_action 0000000180041320 f   sfc_debug:sfdb_coverage.obj
 0001:00040370       sf_debug_cc_mark_transition_transition_action 0000000180041370 f   sfc_debug:sfdb_coverage.obj
 0001:000403c0       sf_debug_cc_mark_state_entry 00000001800413c0 f   sfc_debug:sfdb_coverage.obj
 0001:00040410       sf_debug_cc_mark_state_during 0000000180041410 f   sfc_debug:sfdb_coverage.obj
 0001:00040460       sf_debug_cc_mark_state_exit 0000000180041460 f   sfc_debug:sfdb_coverage.obj
 0001:000404b0       sf_debug_bm_clear_script_breakpoints 00000001800414b0 f   sfc_debug:sfdb_breakpoints.obj
 0001:000404e0       sf_debug_bm_set_script_breakpoint 00000001800414e0 f   sfc_debug:sfdb_breakpoints.obj
 0001:00040560       sf_debug_bm_clear_single_script_breakpoint 0000000180041560 f   sfc_debug:sfdb_breakpoints.obj
 0001:000405e0       sf_debug_bm_query_script_breakpoint 00000001800415e0 f   sfc_debug:sfdb_breakpoints.obj
 0001:00040630       sf_debug_bm_initialize_scripts 0000000180041630 f   sfc_debug:sfdb_breakpoints.obj
 0001:00040d50       sf_debug_bm_terminate      0000000180041d50 f   sfc_debug:sfdb_breakpoints.obj
 0001:00041040       sf_debug_bm_remove_all_breakpoints_in_machine 0000000180042040 f   sfc_debug:sfdb_breakpoints.obj
 0001:000410b0       sf_debug_bm_remove_all_breakpoints_in_chart 00000001800420b0 f   sfc_debug:sfdb_breakpoints.obj
 0001:00041200       sf_debug_bm_initialize_global_breakpoints 0000000180042200 f   sfc_debug:sfdb_breakpoints.obj
 0001:00041380       sf_debug_bm_set_breakpoint 0000000180042380 f   sfc_debug:sfdb_breakpoints.obj
 0001:00041980       sf_debug_bm_set_eml_breakpoint 0000000180042980 f   sfc_debug:sfdb_breakpoints.obj
 0001:00041a20       sf_debug_bm_initialize_machine_breakpoint_map 0000000180042a20 f   sfc_debug:sfdb_breakpoints.obj
 0001:00041e40       sf_debug_bm_is_a_breakpoint 0000000180042e40 f   sfc_debug:sfdb_breakpoints.obj
 0001:00042420       sf_debug_bm_get_all_breakpoints_in_machine 0000000180043420 f   sfc_debug:sfdb_breakpoints.obj
 0001:00042720       sf_debug_bm_get_all_breakpoints_in_chart 0000000180043720 f   sfc_debug:sfdb_breakpoints.obj
 0001:000433e0       sf_debug_bm_initialize_machine 00000001800443e0 f   sfc_debug:sfdb_breakpoints.obj
 0001:000434b0       sf_debug_bm_initialize_chart 00000001800444b0 f   sfc_debug:sfdb_breakpoints.obj
 0001:000438d0       sf_debug_sc_terminate      00000001800448d0 f   sfc_debug:sfdb_state_consistency.obj
 0001:00043c00       sf_debug_sc_is_chart_consistent 0000000180044c00 f   sfc_debug:sfdb_state_consistency.obj
 0001:00043eb0       sf_debug_sc_get_consistency_error_info 0000000180044eb0 f   sfc_debug:sfdb_state_consistency.obj
 0001:00044300       sf_debug_tm_terminate      0000000180045300 f   sfc_debug:sfdb_call_stack.obj
 0001:000443c0       sf_debug_tm_push_chart_instance 00000001800453c0 f   sfc_debug:sfdb_call_stack.obj
 0001:00044510       sf_debug_tm_pop_chart_instance 0000000180045510 f   sfc_debug:sfdb_call_stack.obj
 0001:00044570       sf_debug_tm_push_trace_node 0000000180045570 f   sfc_debug:sfdb_call_stack.obj
 0001:00044700       sf_debug_tm_pop_trace_node 0000000180045700 f   sfc_debug:sfdb_call_stack.obj
 0001:00044780       sf_debug_tm_get_current_global_trace_index 0000000180045780 f   sfc_debug:sfdb_call_stack.obj
 0001:00044790       sf_debug_tm_get_current_local_trace_index 0000000180045790 f   sfc_debug:sfdb_call_stack.obj
 0001:000447c0       sf_debug_tm_set_cycle_detected_flag 00000001800457c0 f   sfc_debug:sfdb_call_stack.obj
 0001:00044800       sf_debug_tm_set_cycle_started_flag 0000000180045800 f   sfc_debug:sfdb_call_stack.obj
 0001:00044840       sf_debug_tm_get_chart_number_from_stack 0000000180045840 f   sfc_debug:sfdb_call_stack.obj
 0001:00044a40       sf_debug_tm_browse_trace   0000000180045a40 f   sfc_debug:sfdb_call_stack.obj
 0001:00044d80       sf_debug_cd_initialize_instance 0000000180045d80 f   sfc_debug:sfdb_cycle_detection.obj
 0001:00045030       sf_debug_cd_mark_processed_transition_in_instance 0000000180046030 f   sfc_debug:sfdb_cycle_detection.obj
 0001:000450d0       sf_debug_cd_checksum_push  00000001800460d0 f   sfc_debug:sfdb_cycle_detection.obj
 0001:00045390       sf_debug_cd_checksum_pop   0000000180046390 f   sfc_debug:sfdb_cycle_detection.obj
 0001:00045400       sf_debug_cd_turn_off_cycle_detection 0000000180046400 f   sfc_debug:sfdb_cycle_detection.obj
 0001:00045450       sf_debug_cd_terminate      0000000180046450 f   sfc_debug:sfdb_cycle_detection.obj
 0001:00045690       md5_initialize_state       0000000180046690 f   sfc_debug:ckmd5.obj
 0001:00046100       md5_update_state           0000000180047100 f   sfc_debug:ckmd5.obj
 0001:00046120       md5_get_hash               0000000180047120 f   sfc_debug:ckmd5.obj
 0001:00046150       md5_get_hash_for_a_single_string 0000000180047150 f   sfc_debug:ckmd5.obj
 0001:000461b4       mxGetPr                    00000001800471b4 f   libmx:libmx.dll
 0001:000461ba       mxCreateDoubleScalar       00000001800471ba f   libmx:libmx.dll
 0001:000461c0       mxCreateDoubleMatrix_730   00000001800471c0 f   libmx:libmx.dll
 0001:000461c6       mxSetField_730             00000001800471c6 f   libmx:libmx.dll
 0001:000461cc       mxCreateString             00000001800471cc f   libmx:libmx.dll
 0001:000461d2       mxCreateStructMatrix_730   00000001800471d2 f   libmx:libmx.dll
 0001:000461d8       mxDestroyArray             00000001800471d8 f   libmx:libmx.dll
 0001:000461de       mxDuplicateArray           00000001800471de f   libmx:libmx.dll
 0001:000461e4       mxGetString_730            00000001800471e4 f   libmx:libmx.dll
 0001:000461ea       mxIsChar                   00000001800471ea f   libmx:libmx.dll
 0001:000461f0       mxGetClassID               00000001800471f0 f   libmx:libmx.dll
 0001:000461f6       mxIsNumeric                00000001800471f6 f   libmx:libmx.dll
 0001:000461fc       mxIsComplex                00000001800471fc f   libmx:libmx.dll
 0001:00046202       mxGetN                     0000000180047202 f   libmx:libmx.dll
 0001:00046208       mxGetM                     0000000180047208 f   libmx:libmx.dll
 0001:0004620e       mxCalloc                   000000018004720e f   libmx:libmx.dll
 0001:00046214       mxGetScalar                0000000180047214 f   libmx:libmx.dll
 0001:0004621a       mxIsLogical                000000018004721a f   libmx:libmx.dll
 0001:00046220       mxCreateDoubleMatrix_700   0000000180047220 f   libmx:libmx.dll
 0001:00046226       mxFree                     0000000180047226 f   libmx:libmx.dll
 0001:0004622c       mxArrayToString            000000018004722c f   libmx:libmx.dll
 0001:00046232       mxCreateCellMatrix_700     0000000180047232 f   libmx:libmx.dll
 0001:00046238       mxSetCell_700              0000000180047238 f   libmx:libmx.dll
 0001:0004623e       mxGetCell_700              000000018004723e f   libmx:libmx.dll
 0001:00046244       mxGetClassName             0000000180047244 f   libmx:libmx.dll
 0001:0004624a       mxSetField_700             000000018004724a f   libmx:libmx.dll
 0001:00046250       mxAddField                 0000000180047250 f   libmx:libmx.dll
 0001:00046256       mxGetField_700             0000000180047256 f   libmx:libmx.dll
 0001:0004625c       mxGetNumberOfElements      000000018004725c f   libmx:libmx.dll
 0001:00046262       mxIsStruct                 0000000180047262 f   libmx:libmx.dll
 0001:00046268       mxIsA                      0000000180047268 f   libmx:libmx.dll
 0001:0004626e       mxIsClass                  000000018004726e f   libmx:libmx.dll
 0001:00046274       mxGetLogicals              0000000180047274 f   libmx:libmx.dll
 0001:0004627a       mxIsSparse                 000000018004727a f   libmx:libmx.dll
 0001:00046280       mxSetFieldByNumber_700     0000000180047280 f   libmx:libmx.dll
 0001:00046286       mxGetFieldByNumber_700     0000000180047286 f   libmx:libmx.dll
 0001:0004628c       mxGetFieldNameByNumber     000000018004728c f   libmx:libmx.dll
 0001:00046292       mxGetNumberOfFields        0000000180047292 f   libmx:libmx.dll
 0001:00046298       mxCreateStructMatrix_700   0000000180047298 f   libmx:libmx.dll
 0001:0004629e       mxGetFieldNumber           000000018004729e f   libmx:libmx.dll
 0001:000462a4       mxIsNaN                    00000001800472a4 f   libmx:libmx.dll
 0001:000462aa       mxIsEmpty                  00000001800472aa f   libmx:libmx.dll
 0001:000462b0       mxGetData                  00000001800472b0 f   libmx:libmx.dll
 0001:000462b6       mxGetImagData              00000001800472b6 f   libmx:libmx.dll
 0001:000462bc       mxArrayClassIDName         00000001800472bc f   libmx:libmx.dll
 0001:000462c2       mxCreateNumericMatrix_700  00000001800472c2 f   libmx:libmx.dll
 0001:000462c8       mxCreateStructArray_700    00000001800472c8 f   libmx:libmx.dll
 0001:000462ce       mxCalcSingleSubscript_700  00000001800472ce f   libmx:libmx.dll
 0001:000462d4       mxGetDimensions_700        00000001800472d4 f   libmx:libmx.dll
 0001:000462da       mxGetNumberOfDimensions_700 00000001800472da f   libmx:libmx.dll
 0001:000462e0       mxCreateNumericArray_700   00000001800472e0 f   libmx:libmx.dll
 0001:000462e6       mxGetElementSize           00000001800472e6 f   libmx:libmx.dll
 0001:000462ec       mxCreateStringFromNChars_700 00000001800472ec f   libmx:libmx.dll
 0001:000462f2       mxGetString_700            00000001800472f2 f   libmx:libmx.dll
 0001:000462f8       mxIsLogicalScalarTrue      00000001800472f8 f   libmx:libmx.dll
 0001:000462fe       mxCreateLogicalScalar      00000001800472fe f   libmx:libmx.dll
 0001:00046304       mexUnlock                  0000000180047304 f   libmex:libmex.dll
 0001:0004630a       mexIsLocked                000000018004730a f   libmex:libmex.dll
 0001:00046310       mexWarnMsgTxt              0000000180047310 f   libmex:libmex.dll
 0001:00046316       mexCallMATLAB              0000000180047316 f   libmex:libmex.dll
 0001:0004631c       mexErrMsgTxt               000000018004731c f   libmex:libmex.dll
 0001:00046322       mexMakeArrayPersistent     0000000180047322 f   libmex:libmex.dll
 0001:00046328       mexSetTrapFlag             0000000180047328 f   libmex:libmex.dll
 0001:0004632e       mexPutVariable             000000018004732e f   libmex:libmex.dll
 0001:00046334       mexGetVariable             0000000180047334 f   libmex:libmex.dll
 0001:0004633a       mexLock                    000000018004733a f   libmex:libmex.dll
 0001:00046340       mexMakeMemoryPersistent    0000000180047340 f   libmex:libmex.dll
 0001:00046346       mexFunctionName            0000000180047346 f   libmex:libmex.dll
 0001:0004634c       ssRegisterDataTypeFxpFSlopeFixExpBias 000000018004734c f   libfixedpoint:libfixedpoint.dll
 0001:00046352       utVSNprintf                0000000180047352 f   libut:libut.dll
 0001:00046358       utCPUtime                  0000000180047358 f   libut:libut.dll
 0001:0004635e       utFree                     000000018004735e f   libut:libut.dll
 0001:00046364       utMalloc                   0000000180047364 f   libut:libut.dll
 0001:0004636a       muDoubleScalarSin          000000018004736a f   libmwmathutil:libmwmathutil.dll
 0001:00046370       muDoubleScalarCos          0000000180047370 f   libmwmathutil:libmwmathutil.dll
 0001:00046376       muDoubleScalarAbs          0000000180047376 f   libmwmathutil:libmwmathutil.dll
 0001:0004637c       muDoubleScalarPower        000000018004737c f   libmwmathutil:libmwmathutil.dll
 0001:00046382       emlrtCreateRootTLS         0000000180047382 f   libemlrt:libemlrt.dll
 0001:00046388       emlrtDestroyRootTLS        0000000180047388 f   libemlrt:libemlrt.dll
 0001:0004638e       emlrtCheckBuiltInR2012b    000000018004738e f   libemlrt:libemlrt.dll
 0001:00046394       emlrtCheckVsBuiltInR2012b  0000000180047394 f   libemlrt:libemlrt.dll
 0001:0004639a       emlrtCheckEnumR2012b       000000018004739a f   libemlrt:libemlrt.dll
 0001:000463a0       emlrtCreateEnumR2012b      00000001800473a0 f   libemlrt:libemlrt.dll
 0001:000463a6       emlrtGetEnumElementR2009a  00000001800473a6 f   libemlrt:libemlrt.dll
 0001:000463ac       emlrtCreateReference       00000001800473ac f   libemlrt:libemlrt.dll
 0001:000463b2       emlrtImportVsFiArrayR2009b 00000001800473b2 f   libemlrt:libemlrt.dll
 0001:000463b8       emlrtNameCapturePostProcessR2012a 00000001800473b8 f   libemlrt:libemlrt.dll
 0001:000463be       emlrtExtractMessageId      00000001800473be f   libemlrt:libemlrt.dll
 0001:000463c4       emlrtTranslateMessageIDtoLCPstring 00000001800473c4 f   libemlrt:libemlrt.dll
 0001:000463ca       emlrtForLoopVectorIsValidR2011b 00000001800473ca f   libemlrt:libemlrt.dll
 0001:000463d0       emlrtTranslateUTF16MessagetoLCPstring 00000001800473d0 f   libemlrt:libemlrt.dll
 0001:000463d6       emlrtGetEnumUnderlyingArrayR2009a 00000001800473d6 f   libemlrt:libemlrt.dll
 0001:000463dc       emlrtIsEnumR2009a          00000001800473dc f   libemlrt:libemlrt.dll
 0001:000463e4       __GSHandlerCheckCommon     00000001800473e4 f   MSVCRT:gshandler.obj
 0001:00046448       __GSHandlerCheck           0000000180047448 f   MSVCRT:gshandler.obj
 0001:00046466       strlen                     0000000180047466 f   MSVCRT:MSVCR100.dll
 0001:00046480       __security_check_cookie    0000000180047480 f   MSVCRT:amdsecgs.obj
 0001:000464a0       memset                     00000001800474a0 f   MSVCRT:MSVCR100.dll
 0001:000464a6       malloc                     00000001800474a6 f   MSVCRT:MSVCR100.dll
 0001:000464c0       __chkstk                   00000001800474c0 f   MSVCRT:chkstk.obj
 0001:000464c0       _alloca_probe              00000001800474c0     MSVCRT:chkstk.obj
 0001:0004650e       free                       000000018004750e f   MSVCRT:MSVCR100.dll
 0001:00046514       strcmp                     0000000180047514 f   MSVCRT:MSVCR100.dll
 0001:0004651a       sprintf                    000000018004751a f   MSVCRT:MSVCR100.dll
 0001:00046520       strcat                     0000000180047520 f   MSVCRT:MSVCR100.dll
 0001:00046526       memcpy                     0000000180047526 f   MSVCRT:MSVCR100.dll
 0001:0004652c       NtCurrentTeb               000000018004752c f i MSVCRT:crtdll.obj
 0001:00046598       _CRT_INIT                  0000000180047598 f   MSVCRT:crtdll.obj
 0001:00046930       _DllMainCRTStartup         0000000180047930 f   MSVCRT:crtdll.obj
 0001:0004696e       strncpy                    000000018004796e f   MSVCRT:MSVCR100.dll
 0001:00046974       longjmp                    0000000180047974 f   MSVCRT:MSVCR100.dll
 0001:0004697a       strncmp                    000000018004797a f   MSVCRT:MSVCR100.dll
 0001:00046980       ceil                       0000000180047980 f   MSVCRT:MSVCR100.dll
 0001:00046986       strrchr                    0000000180047986 f   MSVCRT:MSVCR100.dll
 0001:0004698c       _setjmp                    000000018004798c f   MSVCRT:MSVCR100.dll
 0001:00046992       calloc                     0000000180047992 f   MSVCRT:MSVCR100.dll
 0001:00046998       realloc                    0000000180047998 f   MSVCRT:MSVCR100.dll
 0001:0004699e       ldexp                      000000018004799e f   MSVCRT:MSVCR100.dll
 0001:000469a4       __report_gsfailure         00000001800479a4 f   MSVCRT:gs_report.obj
 0001:00046af0       __clean_type_info_names    0000000180047af0 f   MSVCRT:tncleanup.obj
 0001:00046afc       _onexit                    0000000180047afc f   MSVCRT:atonexit.obj
 0001:00046bac       atexit                     0000000180047bac f   MSVCRT:atonexit.obj
 0001:00046bc4       _RTC_Initialize            0000000180047bc4 f   MSVCRT:_initsect_.obj
 0001:00046bfc       _RTC_Terminate             0000000180047bfc f   MSVCRT:_initsect_.obj
 0001:00046c34       _malloc_crt                0000000180047c34 f   MSVCRT:MSVCR100.dll
 0001:00046c40       _ValidateImageBase         0000000180047c40 f   MSVCRT:pesect.obj
 0001:00046c70       _FindPESection             0000000180047c70 f   MSVCRT:pesect.obj
 0001:00046cc0       _IsNonwritableInCurrentImage 0000000180047cc0 f   MSVCRT:pesect.obj
 0001:00046d02       _initterm                  0000000180047d02 f   MSVCRT:MSVCR100.dll
 0001:00046d08       _initterm_e                0000000180047d08 f   MSVCRT:MSVCR100.dll
 0001:00046d0e       _encoded_null              0000000180047d0e f   MSVCRT:MSVCR100.dll
 0001:00046d14       _amsg_exit                 0000000180047d14 f   MSVCRT:MSVCR100.dll
 0001:00046d1a       __C_specific_handler       0000000180047d1a f   MSVCRT:MSVCR100.dll
 0001:00046d20       __CppXcptFilter            0000000180047d20 f   MSVCRT:MSVCR100.dll
 0001:00046d28       DllMain                    0000000180047d28 f   MSVCRT:dllmain.obj
 0001:00046d4c       __security_init_cookie     0000000180047d4c f   MSVCRT:gs_support.obj
 0001:00046e00       __crt_debugger_hook        0000000180047e00 f   MSVCRT:MSVCR100.dll
 0001:00046e06       __clean_type_info_names_internal 0000000180047e06 f   MSVCRT:MSVCR100.dll
 0001:00046e0c       _unlock                    0000000180047e0c f   MSVCRT:MSVCR100.dll
 0001:00046e12       __dllonexit                0000000180047e12 f   MSVCRT:MSVCR100.dll
 0001:00046e18       _lock                      0000000180047e18 f   MSVCRT:MSVCR100.dll
 0001:00046e1e       EncodePointer              0000000180047e1e f   kernel32:KERNEL32.dll
 0001:00046e24       DecodePointer              0000000180047e24 f   kernel32:KERNEL32.dll
 0001:00046e2a       Sleep                      0000000180047e2a f   kernel32:KERNEL32.dll
 0001:00046e30       TerminateProcess           0000000180047e30 f   kernel32:KERNEL32.dll
 0001:00046e36       GetCurrentProcess          0000000180047e36 f   kernel32:KERNEL32.dll
 0001:00046e3c       UnhandledExceptionFilter   0000000180047e3c f   kernel32:KERNEL32.dll
 0001:00046e42       SetUnhandledExceptionFilter 0000000180047e42 f   kernel32:KERNEL32.dll
 0001:00046e48       IsDebuggerPresent          0000000180047e48 f   kernel32:KERNEL32.dll
 0001:00046e4e       RtlVirtualUnwind           0000000180047e4e f   kernel32:KERNEL32.dll
 0001:00046e54       RtlLookupFunctionEntry     0000000180047e54 f   kernel32:KERNEL32.dll
 0001:00046e5a       RtlCaptureContext          0000000180047e5a f   kernel32:KERNEL32.dll
 0001:00046e60       DisableThreadLibraryCalls  0000000180047e60 f   kernel32:KERNEL32.dll
 0001:00046e66       QueryPerformanceCounter    0000000180047e66 f   kernel32:KERNEL32.dll
 0001:00046e6c       GetTickCount               0000000180047e6c f   kernel32:KERNEL32.dll
 0001:00046e72       GetCurrentThreadId         0000000180047e72 f   kernel32:KERNEL32.dll
 0001:00046e78       GetCurrentProcessId        0000000180047e78 f   kernel32:KERNEL32.dll
 0001:00046e7e       GetSystemTimeAsFileTime    0000000180047e7e f   kernel32:KERNEL32.dll
 0002:00000000       __imp_DisableThreadLibraryCalls 0000000180048000     kernel32:KERNEL32.dll
 0002:00000008       __imp_RtlCaptureContext    0000000180048008     kernel32:KERNEL32.dll
 0002:00000010       __imp_RtlLookupFunctionEntry 0000000180048010     kernel32:KERNEL32.dll
 0002:00000018       __imp_RtlVirtualUnwind     0000000180048018     kernel32:KERNEL32.dll
 0002:00000020       __imp_IsDebuggerPresent    0000000180048020     kernel32:KERNEL32.dll
 0002:00000028       __imp_SetUnhandledExceptionFilter 0000000180048028     kernel32:KERNEL32.dll
 0002:00000030       __imp_UnhandledExceptionFilter 0000000180048030     kernel32:KERNEL32.dll
 0002:00000038       __imp_GetCurrentProcess    0000000180048038     kernel32:KERNEL32.dll
 0002:00000040       __imp_TerminateProcess     0000000180048040     kernel32:KERNEL32.dll
 0002:00000048       __imp_Sleep                0000000180048048     kernel32:KERNEL32.dll
 0002:00000050       __imp_DecodePointer        0000000180048050     kernel32:KERNEL32.dll
 0002:00000058       __imp_EncodePointer        0000000180048058     kernel32:KERNEL32.dll
 0002:00000060       __imp_GetTickCount         0000000180048060     kernel32:KERNEL32.dll
 0002:00000068       __imp_GetCurrentThreadId   0000000180048068     kernel32:KERNEL32.dll
 0002:00000070       __imp_GetCurrentProcessId  0000000180048070     kernel32:KERNEL32.dll
 0002:00000078       __imp_GetSystemTimeAsFileTime 0000000180048078     kernel32:KERNEL32.dll
 0002:00000080       __imp_QueryPerformanceCounter 0000000180048080     kernel32:KERNEL32.dll
 0002:00000088       \177KERNEL32_NULL_THUNK_DATA 0000000180048088     kernel32:KERNEL32.dll
 0002:00000090       __imp_realloc              0000000180048090     MSVCRT:MSVCR100.dll
 0002:00000098       __imp__onexit              0000000180048098     MSVCRT:MSVCR100.dll
 0002:000000a0       __imp__lock                00000001800480a0     MSVCRT:MSVCR100.dll
 0002:000000a8       __imp___dllonexit          00000001800480a8     MSVCRT:MSVCR100.dll
 0002:000000b0       __imp__unlock              00000001800480b0     MSVCRT:MSVCR100.dll
 0002:000000b8       __imp___clean_type_info_names_internal 00000001800480b8     MSVCRT:MSVCR100.dll
 0002:000000c0       __imp___crt_debugger_hook  00000001800480c0     MSVCRT:MSVCR100.dll
 0002:000000c8       __imp___CppXcptFilter      00000001800480c8     MSVCRT:MSVCR100.dll
 0002:000000d0       __imp___C_specific_handler 00000001800480d0     MSVCRT:MSVCR100.dll
 0002:000000d8       __imp__amsg_exit           00000001800480d8     MSVCRT:MSVCR100.dll
 0002:000000e0       __imp__encoded_null        00000001800480e0     MSVCRT:MSVCR100.dll
 0002:000000e8       __imp__initterm_e          00000001800480e8     MSVCRT:MSVCR100.dll
 0002:000000f0       __imp__initterm            00000001800480f0     MSVCRT:MSVCR100.dll
 0002:000000f8       __imp__malloc_crt          00000001800480f8     MSVCRT:MSVCR100.dll
 0002:00000100       __imp_ldexp                0000000180048100     MSVCRT:MSVCR100.dll
 0002:00000108       __imp_strlen               0000000180048108     MSVCRT:MSVCR100.dll
 0002:00000110       __imp_calloc               0000000180048110     MSVCRT:MSVCR100.dll
 0002:00000118       __imp__setjmp              0000000180048118     MSVCRT:MSVCR100.dll
 0002:00000120       __imp_strrchr              0000000180048120     MSVCRT:MSVCR100.dll
 0002:00000128       __imp_ceil                 0000000180048128     MSVCRT:MSVCR100.dll
 0002:00000130       __imp_strncmp              0000000180048130     MSVCRT:MSVCR100.dll
 0002:00000138       __imp_longjmp              0000000180048138     MSVCRT:MSVCR100.dll
 0002:00000140       __imp_strncpy              0000000180048140     MSVCRT:MSVCR100.dll
 0002:00000148       __imp_memcpy               0000000180048148     MSVCRT:MSVCR100.dll
 0002:00000150       __imp_strcat               0000000180048150     MSVCRT:MSVCR100.dll
 0002:00000158       __imp_sprintf              0000000180048158     MSVCRT:MSVCR100.dll
 0002:00000160       __imp_strcmp               0000000180048160     MSVCRT:MSVCR100.dll
 0002:00000168       __imp_free                 0000000180048168     MSVCRT:MSVCR100.dll
 0002:00000170       __imp_malloc               0000000180048170     MSVCRT:MSVCR100.dll
 0002:00000178       __imp_memset               0000000180048178     MSVCRT:MSVCR100.dll
 0002:00000180       \177MSVCR100_NULL_THUNK_DATA 0000000180048180     MSVCRT:MSVCR100.dll
 0002:00000188       __imp_emlrtGetEnumUnderlyingArrayR2009a 0000000180048188     libemlrt:libemlrt.dll
 0002:00000190       __imp_emlrtIsEnumR2009a    0000000180048190     libemlrt:libemlrt.dll
 0002:00000198       __imp_emlrtCheckVsBuiltInR2012b 0000000180048198     libemlrt:libemlrt.dll
 0002:000001a0       __imp_emlrtTranslateUTF16MessagetoLCPstring 00000001800481a0     libemlrt:libemlrt.dll
 0002:000001a8       __imp_emlrtForLoopVectorIsValidR2011b 00000001800481a8     libemlrt:libemlrt.dll
 0002:000001b0       __imp_emlrtTranslateMessageIDtoLCPstring 00000001800481b0     libemlrt:libemlrt.dll
 0002:000001b8       __imp_emlrtExtractMessageId 00000001800481b8     libemlrt:libemlrt.dll
 0002:000001c0       __imp_emlrtCheckBuiltInR2012b 00000001800481c0     libemlrt:libemlrt.dll
 0002:000001c8       __imp_emlrtDestroyRootTLS  00000001800481c8     libemlrt:libemlrt.dll
 0002:000001d0       __imp_emlrtCreateRootTLS   00000001800481d0     libemlrt:libemlrt.dll
 0002:000001d8       __imp_emlrtCheckEnumR2012b 00000001800481d8     libemlrt:libemlrt.dll
 0002:000001e0       __imp_emlrtCreateEnumR2012b 00000001800481e0     libemlrt:libemlrt.dll
 0002:000001e8       __imp_emlrtGetEnumElementR2009a 00000001800481e8     libemlrt:libemlrt.dll
 0002:000001f0       __imp_emlrtCreateReference 00000001800481f0     libemlrt:libemlrt.dll
 0002:000001f8       __imp_emlrtImportVsFiArrayR2009b 00000001800481f8     libemlrt:libemlrt.dll
 0002:00000200       __imp_emlrtNameCapturePostProcessR2012a 0000000180048200     libemlrt:libemlrt.dll
 0002:00000208       \177libemlrt_NULL_THUNK_DATA 0000000180048208     libemlrt:libemlrt.dll
 0002:00000210       __imp_ssRegisterDataTypeFxpFSlopeFixExpBias 0000000180048210     libfixedpoint:libfixedpoint.dll
[...]
 0001:0001c550       sf_mex_check_fimath        000000018001d550 f   sfc_mex:sfc_mex.obj
 0001:0001d100       size_mismatch_error        000000018001e100 f   sfc_mex:sfc_mex.obj
 0001:0001dba0       check_array_dimensions     000000018001eba0 f   sfc_mex:sfc_mex.obj
 0001:0001dc10       check_input_mxarray        000000018001ec10 f   sfc_mex:sfc_mex.obj
 0001:0001e350       sf_numeric_value_to_double 000000018001f350 f   sfc_mex:sfc_mex.obj
 0001:0001e3a0       ml_generic_out_of_bounds_check 000000018001f3a0 f   sfc_mex:sfc_mex.obj
 0001:0001e570       ml_get_element_value_from_array 000000018001f570 f   sfc_mex:sfc_mex.obj
 0001:0001e910       _ml_generic_castability_check 000000018001f910 f   sfc_mex:sfc_mex.obj
 0001:0001f670       ml_generic_castability_check 0000000180020670 f   sfc_mex:sfc_mex.obj
 0001:0001f710       ml_check_mx_array_for_single_castability 0000000180020710 f   sfc_mex:sfc_mex.obj
 0001:0001f7b0       ml_check_mx_array_for_logical_castability 00000001800207b0 f   sfc_mex:sfc_mex.obj
 0001:0001f850       ml_check_mx_array_for_int8_castability 0000000180020850 f   sfc_mex:sfc_mex.obj
 0001:0001f900       ml_check_mx_array_for_uint8_castability 0000000180020900 f   sfc_mex:sfc_mex.obj
 0001:0001f960       ml_check_mx_array_for_int16_castability 0000000180020960 f   sfc_mex:sfc_mex.obj
 0001:0001f9c0       ml_check_mx_array_for_uint16_castability 00000001800209c0 f   sfc_mex:sfc_mex.obj
 0001:0001fa20       ml_check_mx_array_for_int32_castability 0000000180020a20 f   sfc_mex:sfc_mex.obj
 0001:0001fa80       ml_check_mx_array_for_uint32_castability 0000000180020a80 f   sfc_mex:sfc_mex.obj
 0001:0001fae0       ml_check_mx_array_for_castability 0000000180020ae0 f   sfc_mex:sfc_mex.obj
 0001:00020410       set_data_value             0000000180021410 f   sfc_mex:sfc_mex.obj
 0001:00020780       get_data_value             0000000180021780 f   sfc_mex:sfc_mex.obj
 0001:00020890       get_next_element_address   0000000180021890 f   sfc_mex:sfc_mex.obj
 0001:00020960       sf_normalize_index         0000000180021960 f   sfc_mex:sfc_mex.obj
 0001:00020cf0       ml_array_index_bound_check 0000000180021cf0 f   sfc_mex:sfc_mex.obj
 0001:00021810       mx_value                   0000000180022810 f   sfc_mex:sfc_mex.obj
 0001:00021860       sf_create_numeric_array    0000000180022860 f   sfc_mex:sfc_mex.obj
 0001:00021900       sf_mex_assign_to_mx_array  0000000180022900 f   sfc_mex:sfc_mex.obj
 0001:00021c50       assign_from_mx_array       0000000180022c50 f   sfc_mex:sfc_mex.obj
 0001:00022480       sf_mex_import_v            0000000180023480 f   sfc_mex:sfc_mex.obj
 0001:00022b80       get_machine_and_chart_file_number 0000000180023b80 f   sfc_mex:sfc_sf.obj
 0001:00022c70       get_sfun_block_specialization 0000000180023c70 f   sfc_mex:sfc_sf.obj
 0001:00022d20       call_sf_machine_global_method_dispatcher 0000000180023d20 f   sfc_mex:sfc_sf.obj
 0001:00022f70       mdl_zeroCrossings_processing 0000000180023f70 f   sfc_mex:sfc_sf.obj
 0001:00023040       mdl_derivatives_processing 0000000180024040 f   sfc_mex:sfc_sf.obj
 0001:00023300       mdl_outputs_continuous_legacy 0000000180024300 f   sfc_mex:sfc_sf.obj
 0001:00023380       mdl_outputs_processing     0000000180024380 f   sfc_mex:sfc_sf.obj
 0001:000235f0       mdl_enable_processing      00000001800245f0 f   sfc_mex:sfc_sf.obj
 0001:000236c0       mdl_disable_processing     00000001800246c0 f   sfc_mex:sfc_sf.obj
 0001:00024430       sf_call_output_fcn_enable_disable 0000000180025430 f   sfc_mex:sfc_sf.obj
 0001:000246b0       set_dwork_information_from_mx_array 00000001800256b0 f   sfc_mex:sfc_sf.obj
 0001:00024f70       ptr2mxStruct               0000000180025f70 f   sfc_mex:sfc_sf.obj
 0001:00025280       SNPRINTF_WRAPPER           0000000180026280 f   sfc_debug:sfcdebug.obj
 0001:000252a0       sf_debug_chart_instance_initialized_quick 00000001800262a0 f   sfc_debug:sfcdebug.obj
 0001:000252b0       sf_debug_chart_instance_initialized 00000001800262b0 f   sfc_debug:sfcdebug.obj
 0001:00025450       sfrtAddSize                0000000180026450 f   sfc_debug:sfcdebug.obj
 0001:00025510       sfrtGenSizeString          0000000180026510 f   sfc_debug:sfcdebug.obj
 0001:00025c20       fill_single_message_info   0000000180026c20 f   sfc_debug:sfcdebug.obj
 0001:00025de0       sf_debug_sim_status_listener 0000000180026de0 f   sfc_debug:sfcdebug.obj
 0001:00026350       sf_debug_form_mask_bits    0000000180027350 f   sfc_debug:sfcdebug.obj
 0001:00026390       sf_debug_form_sf_data_type_offsets 0000000180027390 f   sfc_debug:sfcdebug.obj
 0001:00026450       sf_debug_free_all          0000000180027450 f   sfc_debug:sfcdebug.obj
 0001:00026600       sf_debug_append_debugger_context 0000000180027600 f   sfc_debug:sfcdebug.obj
 0001:000267a0       sf_debug_update_always_honor_breakpoints 00000001800277a0 f   sfc_debug:sfcdebug.obj
 0001:00026970       local_strdup               0000000180027970 f   sfc_debug:sfcdebug.obj
 0001:00027850       sf_debug_em_terminate      0000000180028850 f   sfc_debug:sfcdebug.obj
 0001:00027890       sf_debug_push_eml_function 0000000180028890 f   sfc_debug:sfcdebug.obj
 0001:00027930       sf_debug_pop_eml_function  0000000180028930 f   sfc_debug:sfcdebug.obj
 0001:00028630       sf_debug_get_machine_number_from_id_or_name 0000000180029630 f   sfc_debug:sfcdebug.obj
 0001:00028780       sf_debug_get_chart_number_from_id 0000000180029780 f   sfc_debug:sfcdebug.obj
 0001:00029520       sf_debug_transfer_control_to_debugger_GUI 000000018002a520 f   sfc_debug:sfcdebug.obj
 0001:0002a4b0       sf_debug_scripts_rehash    000000018002b4b0 f   sfc_debug:sfcdebug.obj
 0001:0002a6f0       sf_debug_get_script_line_count 000000018002b6f0 f   sfc_debug:sfcdebug.obj
 0001:0002b020       cv_eml_state_cvId          000000018002c020 f   sfc_debug:sfcdebug.obj
 0001:0002b090       cv_eml_trans_cvId          000000018002c090 f   sfc_debug:sfcdebug.obj
 0001:0002c420       sf_debug_data_array_bounds_error 000000018002d420 f   sfc_debug:sfcdebug.obj
 0001:0002c850       eml_debug_runtime_error_doclink 000000018002d850 f   sfc_debug:sfcdebug.obj
 0001:0002c9b0       sf_debug_runtime_error     000000018002d9b0 f   sfc_debug:sfcdebug.obj
 0001:0002ca20       sf_debug_matlab_error      000000018002da20 f   sfc_debug:sfcdebug.obj
 0001:0002d360       sf_debug_data_value_error  000000018002e360 f   sfc_debug:sfcdebug.obj
 0001:0002dc60       sf_debug_data_loss_error   000000018002ec60 f   sfc_debug:sfcdebug.obj
 0001:0002ebf0       call_cv_range_check        000000018002fbf0 f   sfc_debug:sfcdebug.obj
 0001:0002f3c0       sf_debug_invoke_cycle_detection_code 00000001800303c0 f   sfc_debug:sfcdebug.obj
 0001:00030240       sf_reset_debug_info_struct 0000000180031240 f   sfc_debug:sfcdebug.obj
 0001:00030aa0       cv_script_cvId             0000000180031aa0 f   sfc_debug:sfcdebug.obj
 0001:00031800       sfc_api_chart_visible      0000000180032800 f   sfc_debug:sfc_api.obj
 0001:00031880       sfc_api_active_instance    0000000180032880 f   sfc_debug:sfc_api.obj
 0001:00031900       sfc_api_machine_load       0000000180032900 f   sfc_debug:sfc_api.obj
 0001:000319d0       sfc_api_debugger_alive     00000001800329d0 f   sfc_debug:sfc_api.obj
 0001:000319e0       sfc_api_go                 00000001800329e0 f   sfc_debug:sfc_api.obj
 0001:000319f0       sfc_api_step_over          00000001800329f0 f   sfc_debug:sfc_api.obj
 0001:00031a00       sfc_api_step_out           0000000180032a00 f   sfc_debug:sfc_api.obj
 0001:00031a10       sfc_api_resume             0000000180032a10 f   sfc_debug:sfc_api.obj
 0001:00031a20       sfc_api_break              0000000180032a20 f   sfc_debug:sfc_api.obj
 0001:00031a30       sfc_api_stop_debugging     0000000180032a30 f   sfc_debug:sfc_api.obj
 0001:00031a80       sfc_api_is_cycle_detected  0000000180032a80 f   sfc_debug:sfc_api.obj
 0001:00031ad0       sfc_api_is_array_bounds_detected 0000000180032ad0 f   sfc_debug:sfc_api.obj
 0001:00031b20       sfc_api_set_disable_all_breakpoints 0000000180032b20 f   sfc_debug:sfc_api.obj
 0001:00031b90       sfc_api_disable_all_breakpoints_and_go 0000000180032b90 f   sfc_debug:sfc_api.obj
 0001:00031ba0       sfc_api_close              0000000180032ba0 f   sfc_debug:sfc_api.obj
 0001:00031bb0       sfc_api_browse_data        0000000180032bb0 f   sfc_debug:sfc_api.obj
 0001:00031c20       sfc_api_watch_data         0000000180032c20 f   sfc_debug:sfc_api.obj
 0001:00031d20       sfc_api_extract_message_post_receive_info 0000000180032d20 f   sfc_debug:sfc_api.obj
 0001:00031d40       sfc_api_assign_data        0000000180032d40 f   sfc_debug:sfc_api.obj
 0001:00031de0       sfc_api_whos               0000000180032de0 f   sfc_debug:sfc_api.obj
 0001:00031e70       sfc_api_get_consistency_info 0000000180032e70 f   sfc_debug:sfc_api.obj
 0001:00031e80       sfc_api_browse_trace       0000000180032e80 f   sfc_debug:sfc_api.obj
 0001:00031e90       sfc_api_break_on_chart_entry 0000000180032e90 f   sfc_debug:sfc_api.obj
 0001:00031eb0       sfc_api_break_on_event_broadcast 0000000180032eb0 f   sfc_debug:sfc_api.obj
 0001:00031ed0       sfc_api_break_on_state_entry 0000000180032ed0 f   sfc_debug:sfc_api.obj
 0001:00031ef0       sfc_api_set_watch          0000000180032ef0 f   sfc_debug:sfc_api.obj
 0001:00031f90       sfc_api_set_breakpoints    0000000180032f90 f   sfc_debug:sfc_api.obj
 0001:00032030       sfc_api_set_eml_breakpoints 0000000180033030 f   sfc_debug:sfc_api.obj
 0001:000320b0       sfc_api_set_script_breakpoints 00000001800330b0 f   sfc_debug:sfc_api.obj
 0001:00032100       sfc_api_add_script_breakpoints 0000000180033100 f   sfc_debug:sfc_api.obj
 0001:00032150       sfc_api_clear_script_breakpoints 0000000180033150 f   sfc_debug:sfc_api.obj
 0001:000321a0       sfc_api_query_script_breakpoints 00000001800331a0 f   sfc_debug:sfc_api.obj
 0001:00032200       sfc_api_get_script_id      0000000180033200 f   sfc_debug:sfc_api.obj
 0001:000322c0       sfc_api_get_active_states  00000001800332c0 f   sfc_debug:sfc_api.obj
 0001:00032340       sfc_api_break_between_times 0000000180033340 f   sfc_debug:sfc_api.obj
 0001:000323a0       sfc_api_get_instance_handle 00000001800333a0 f   sfc_debug:sfc_api.obj
 0001:00032450       sfc_api_set_animation      0000000180033450 f   sfc_debug:sfc_api.obj
 0001:000324a0       sfc_api_select_chart       00000001800334a0 f   sfc_debug:sfc_api.obj
 0001:00032500       sfc_api_select_charts      0000000180033500 f   sfc_debug:sfc_api.obj
 0001:00032530       sfc_api_cycle_detection_check 0000000180033530 f   sfc_debug:sfc_api.obj
 0001:00032580       sfc_api_data_range_check   0000000180033580 f   sfc_debug:sfc_api.obj
 0001:000325d0       sfc_api_transition_conflict_check 00000001800335d0 f   sfc_debug:sfc_api.obj
 0001:00032620       sfc_api_state_consistency_check 0000000180033620 f   sfc_debug:sfc_api.obj
 0001:00032670       sfc_api_set_instance_cv_ids 0000000180033670 f   sfc_debug:sfc_api.obj
 0001:00032780       sfc_api_set_script_cv_ids  0000000180033780 f   sfc_debug:sfc_api.obj
 0001:00032830       sfc_api_get_current_machine_id 0000000180033830 f   sfc_debug:sfc_api.obj
 0001:00032860       sfc_api_get_current_machine_number 0000000180033860 f   sfc_debug:sfc_api.obj
 0001:00032890       sfc_api_get_current_chart_number 0000000180033890 f   sfc_debug:sfc_api.obj
 0001:000328c0       sfc_api_get_current_instance_number 00000001800338c0 f   sfc_debug:sfc_api.obj
 0001:000328f0       sfc_api_get_current_instance_handle 00000001800338f0 f   sfc_debug:sfc_api.obj
 0001:00032910       sfc_api_get_current_is_minor_time_step 0000000180033910 f   sfc_debug:sfc_api.obj
 0001:00032940       sfc_api_get_current_machine_name 0000000180033940 f   sfc_debug:sfc_api.obj
 0001:00032960       sfc_api_get_current_chart_id 0000000180033960 f   sfc_debug:sfc_api.obj
 0001:00032990       sfc_api_get_current_object_type 0000000180033990 f   sfc_debug:sfc_api.obj
 0001:000329c0       sfc_api_get_current_event_type 00000001800339c0 f   sfc_debug:sfc_api.obj
 0001:000329f0       sfc_api_get_current_object_id 00000001800339f0 f   sfc_debug:sfc_api.obj
 0001:00032a20       sfc_get_current_active_event_type 0000000180033a20 f   sfc_debug:sfc_api.obj
 0001:00032a50       sfc_api_get_current_active_event_id 0000000180033a50 f   sfc_debug:sfc_api.obj
 0001:00032a80       sfc_api_get_current_simulation_time 0000000180033a80 f   sfc_debug:sfc_api.obj
 0001:00032aa0       sfc_get_current_tag_type   0000000180033aa0 f   sfc_debug:sfc_api.obj
 0001:00032ad0       sfc_get_current_coverage_percentage 0000000180033ad0 f   sfc_debug:sfc_api.obj
 0001:00032af0       sfc_get_current_statement_context 0000000180033af0 f   sfc_debug:sfc_api.obj
 0001:00032b10       sfc_get_current_optional_integer 0000000180033b10 f   sfc_debug:sfc_api.obj
 0001:00032b40       sfc_get_current_statement_info 0000000180033b40 f   sfc_debug:sfc_api.obj
 0001:00032be0       sfc_api_get                0000000180033be0 f   sfc_debug:sfc_api.obj
 0001:00033850       sf_debug_sm_fill_state_activity_data 0000000180034850 f   sfc_debug:sfdb_animation.obj
 0001:00036150       void_ptr_stack_vector_free_total 0000000180037150 f   sfc_debug:sfdb_data_browse.obj
 0001:000361e0       sf_debug_st_terminate_machine 00000001800371e0 f   sfc_debug:sfdb_data_browse.obj
 0001:00036220       sf_debug_st_terminate_instance 0000000180037220 f   sfc_debug:sfdb_data_browse.obj
 0001:000365d0       push_on_to_void_ptr_stack  00000001800375d0 f   sfc_debug:sfdb_data_browse.obj
 0001:00036760       pop_from_void_ptr_stack    0000000180037760 f   sfc_debug:sfdb_data_browse.obj
 0001:00036890       sf_debug_st_get_data_value 0000000180037890 f   sfc_debug:sfdb_data_browse.obj
 0001:00036e20       mx_value                   0000000180037e20 f   sfc_debug:sfdb_data_browse.obj
 0001:00036e60       sf_debug_st_fill_data_struct 0000000180037e60 f   sfc_debug:sfdb_data_browse.obj
 0001:000371a0       data_type_format_strings   00000001800381a0 f   sfc_debug:sfdb_data_browse.obj
 0001:00037250       sf_debug_st_fill_data      0000000180038250 f   sfc_debug:sfdb_data_browse.obj
 0001:00037fa0       sf_debug_hm_get_simulink_handle 0000000180038fa0 f   sfc_debug:sfdb_handle_management.obj
 0001:00038aa0       sf_debug_hm_initialize_globals 0000000180039aa0 f   sfc_debug:sfdb_handle_management.obj
 0001:00038ba0       sf_debug_hm_get_machine_debug_flag 0000000180039ba0 f   sfc_debug:sfdb_handle_management.obj
 0001:00038d10       sf_debug_hm_get_machine_id 0000000180039d10 f   sfc_debug:sfdb_handle_management.obj
 0001:00038e30       sf_debug_hm_get_chart_id   0000000180039e30 f   sfc_debug:sfdb_handle_management.obj
 0001:00038fd0       sf_debug_hm_register_executing_SFunction 0000000180039fd0 f   sfc_debug:sfdb_handle_management.obj
 0001:00039360       sf_debug_hm_form_object_boolean_properties 000000018003a360 f   sfc_debug:sfdb_handle_management.obj
 0001:00039630       sf_debug_hm_form_object_properties 000000018003a630 f   sfc_debug:sfdb_handle_management.obj
 0001:00039870       sf_debug_hm_terminate_charts 000000018003a870 f   sfc_debug:sfdb_handle_management.obj
 0001:00039fd0       sf_debug_hm_terminate_machines 000000018003afd0 f   sfc_debug:sfdb_handle_management.obj
 0001:0003bbd0       sf_debug_ss_copy_dimension 000000018003cbd0 f   sfc_debug:sfdb_symbol_scope.obj
 0001:0003bc90       sf_debug_ss_get_number_elements 000000018003cc90 f   sfc_debug:sfdb_symbol_scope.obj
 0001:0003bcb0       sf_debug_ss_fill_data_struct 000000018003ccb0 f   sfc_debug:sfdb_symbol_scope.obj
 0001:0003c000       sf_debug_ss_reset_data_info 000000018003d000 f   sfc_debug:sfdb_symbol_scope.obj
 0001:0003c060       sf_debug_fill_data_info_by_symbol_scope_entry 000000018003d060 f   sfc_debug:sfdb_symbol_scope.obj
 0001:0003c120       sf_debug_fill_data_info_by_data_vector 000000018003d120 f   sfc_debug:sfdb_symbol_scope.obj
 0001:0003c370       get_data_info_helper       000000018003d370 f   sfc_debug:sfdb_symbol_scope.obj
 0001:0003c470       sf_debug_ss_get_data_info  000000018003d470 f   sfc_debug:sfdb_symbol_scope.obj
 0001:0003c6a0       sf_debug_select_mex_function 000000018003d6a0 f   sfc_debug:sfdb_symbol_scope.obj
 0001:0003c6d0       sf_debug_is_dyn_matrix_initialized 000000018003d6d0 f   sfc_debug:sfdb_symbol_scope.obj
 0001:0003c6f0       sf_debug_ss_set_data_value_try 000000018003d6f0 f   sfc_debug:sfdb_symbol_scope.obj
 0001:0003c8c0       sf_debug_ss_get_data_value 000000018003d8c0 f   sfc_debug:sfdb_symbol_scope.obj
 0001:0003d030       sf_debug_ss_data_bytes_string 000000018003e030 f   sfc_debug:sfdb_symbol_scope.obj
 0001:0003d0e0       sf_debug_ss_data_class_string 000000018003e0e0 f   sfc_debug:sfdb_symbol_scope.obj
 0001:0003d470       sf_debug_ss_data_size_string 000000018003e470 f   sfc_debug:sfdb_symbol_scope.obj
 0001:0003d550       sf_debug_ss_data_create_data_info_struct 000000018003e550 f   sfc_debug:sfdb_symbol_scope.obj
 0001:0003d820       sf_debug_ss_data_create_name_value_pair 000000018003e820 f   sfc_debug:sfdb_symbol_scope.obj
 0001:0003d8c0       sf_debug_ss_data_get_whos_info 000000018003e8c0 f   sfc_debug:sfdb_symbol_scope.obj
 0001:0003d8d0       same_named_data_in_data_array 000000018003e8d0 f   sfc_debug:sfdb_symbol_scope.obj
 0001:0003f160       sf_debug_cc_terminate_chart 0000000180040160 f   sfc_debug:sfdb_coverage.obj
 0001:0003f500       sf_debug_cc_terminate_instance 0000000180040500 f   sfc_debug:sfdb_coverage.obj
 0001:000400f0       sf_debug_cc_mark_object_if_needed 00000001800410f0 f   sfc_debug:sfdb_coverage.obj
 0001:000409f0       sf_debug_bm_initialize_eml 00000001800419f0 f   sfc_debug:sfdb_breakpoints.obj
 0001:00041b30       sf_debug_bm_map_debug_tag_to_breakpoint_tag 0000000180042b30 f   sfc_debug:sfdb_breakpoints.obj
 0001:00041c10       sf_debug_bm_is_a_eml_breakpoint_impl 0000000180042c10 f   sfc_debug:sfdb_breakpoints.obj
 0001:00043750       sf_debug_sc_push_on_error_stack 0000000180044750 f   sfc_debug:sfdb_state_consistency.obj
 0001:00043880       sf_debug_sc_reset_error_stack 0000000180044880 f   sfc_debug:sfdb_state_consistency.obj
 0001:00043a10       sf_debug_sc_is_state_inconsistent 0000000180044a10 f   sfc_debug:sfdb_state_consistency.obj
 0001:00043d10       sf_debug_sc_fill_consistency_info 0000000180044d10 f   sfc_debug:sfdb_state_consistency.obj
 0001:000442f0       void_assertion_fcn         00000001800452f0 f   sfc_debug:sfdb_call_stack.obj
 0001:00044870       sf_debug_tm_fill_local_trace 0000000180045870 f   sfc_debug:sfdb_call_stack.obj
 0001:00044e40       sf_debug_cd_terminate_instance 0000000180045e40 f   sfc_debug:sfdb_cycle_detection.obj
 0001:00044ea0       sf_debug_cd_free_checksum_stack 0000000180045ea0 f   sfc_debug:sfdb_cycle_detection.obj
 0001:00044ef0       sf_debug_cd_reset_pack_strings 0000000180045ef0 f   sfc_debug:sfdb_cycle_detection.obj
 0001:000455b0       md5file_clear              00000001800465b0 f   sfc_debug:ckmd5.obj
 0001:000455e0       Encode                     00000001800465e0 f   sfc_debug:ckmd5.obj
 0001:00045630       Decode                     0000000180046630 f   sfc_debug:ckmd5.obj
 0001:000456d0       MD5Transform               00000001800466d0 f   sfc_debug:ckmd5.obj
 0001:00045f20       md5file_addn               0000000180046f20 f   sfc_debug:ckmd5.obj
 0001:00045ff0       md5file_hash               0000000180046ff0 f   sfc_debug:ckmd5.obj
 0001:00046538       pre_c_init                 0000000180047538 f   MSVCRT:crtdll.obj
 0001:000467f4       __DllMainCRTStartup        00000001800477f4 f   MSVCRT:crtdll.obj
 0001:00046e90       __DllMainCRTStartup$filt$0 0000000180047e90 f   MSVCRT:crtdll.obj
 0001:00046ec0       __DllMainCRTStartup$fin$1  0000000180047ec0 f   MSVCRT:crtdll.obj
 0001:00046eda       _onexit$fin$0              0000000180047eda f   MSVCRT:atonexit.obj
 0001:00046f00       _IsNonwritableInCurrentImage$filt$0 0000000180047f00 f   MSVCRT:pesect.obj
