 physical_dynamics_transfer_model_sfun

 Timestamp is 5e613da5 (Thu Mar 05 11:57:57 2020)

 Preferred load address is 0000000180000000

 Start         Length     Name                   Class
 0001:00000000 000326b4H .text                   CODE
 0001:000326c0 00000092H .text$x                 CODE
 0002:00000000 00000468H .idata$5                DATA
 0002:00000468 00000008H .CRT$XCA                DATA
 0002:00000470 00000008H .CRT$XCZ                DATA
 0002:00000478 00000008H .CRT$XIA                DATA
 0002:00000480 00000008H .CRT$XIAA               DATA
 0002:00000488 00000008H .CRT$XIZ                DATA
 0002:00000490 00004accH .rdata                  DATA
 0002:00004f60 00000008H .rtc$IAA                DATA
 0002:00004f68 00000008H .rtc$IZZ                DATA
 0002:00004f70 00000008H .rtc$TAA                DATA
 0002:00004f78 00000008H .rtc$TZZ                DATA
 0002:00004f80 00003e8cH .xdata                  DATA
 0002:00008e0c 0000008cH .idata$2                DATA
 0002:00008e98 00000014H .idata$3                DATA
 0002:00008eb0 00000468H .idata$4                DATA
 0002:00009318 00000a2eH .idata$6                DATA
 0002:00009d50 0000006bH .edata                  DATA
 0003:00000000 00000f58H .data                   DATA
 0003:00000f60 000026d8H .bss                    DATA
 0004:00000000 00002ef8H .pdata                  DATA

  Address         Publics by Value              Rva+Base               Lib:Object

 0000:00000000       ___safe_se_handler_table   0000000000000000     <absolute>
 0000:00000000       ___safe_se_handler_count   0000000000000000     <absolute>
 0000:00000000       __ImageBase                0000000180000000     <linker-defined>
 0001:00000000       sf_process_check_sum_call  0000000180001000 f   physical_dynamics_transfer_model_sfun_registry.obj
 0001:00000050       sf_process_testpoint_info_call 0000000180001050 f   physical_dynamics_transfer_model_sfun_registry.obj
 0001:000000a0       sf_process_autoinheritance_call 00000001800010a0 f   physical_dynamics_transfer_model_sfun_registry.obj
 0001:00000240       sf_process_get_eml_resolved_functions_info_call 0000000180001240 f   physical_dynamics_transfer_model_sfun_registry.obj
 0001:000003c0       sf_mex_unlock_call         00000001800013c0 f   physical_dynamics_transfer_model_sfun_registry.obj
 0001:00000470       sf_machine_global_initializer_called 0000000180001470 f   physical_dynamics_transfer_model_sfun_registry.obj
 0001:000004a0       sf_machine_global_method_dispatcher 00000001800014a0 f   physical_dynamics_transfer_model_sfun_registry.obj
 0001:00000500       sf_machine_global_terminator 0000000180001500 f   physical_dynamics_transfer_model_sfun_registry.obj
 0001:00000540       sf_register_machine_exported_symbols 0000000180001540 f   physical_dynamics_transfer_model_sfun_registry.obj
 0001:00000560       callCustomFcn              0000000180001560 f   physical_dynamics_transfer_model_sfun_registry.obj
 0001:00000570       sf_machine_global_initializer 0000000180001570 f   physical_dynamics_transfer_model_sfun_registry.obj
 0001:000005e0       _ssSetStateAbsTol          00000001800015e0 f   physical_dynamics_transfer_model_sfun_registry.obj
 0001:000006c0       _ssGetAbsTol               00000001800016c0 f   physical_dynamics_transfer_model_sfun_registry.obj
 0001:00000730       _ssSetInputPortMatrixDimensions 0000000180001730 f   physical_dynamics_transfer_model_sfun_registry.obj
 0001:00000840       _ssSetOutputPortMatrixDimensions 0000000180001840 f   physical_dynamics_transfer_model_sfun_registry.obj
 0001:00000950       _ssSetInputPortVectorDimension 0000000180001950 f   physical_dynamics_transfer_model_sfun_registry.obj
 0001:00000a20       _ssSetOutputPortVectorDimension 0000000180001a20 f   physical_dynamics_transfer_model_sfun_registry.obj
 0001:00000af0       ssIsRunTimeParamTunable    0000000180001af0 f   physical_dynamics_transfer_model_sfun_registry.obj
 0001:00000b60       ssGetSFuncBlockHandle      0000000180001b60 f   physical_dynamics_transfer_model_sfun_registry.obj
 0001:00000bd0       _ssGetCurrentInputPortWidth 0000000180001bd0 f   physical_dynamics_transfer_model_sfun_registry.obj
 0001:00000cf0       _ssGetCurrentOutputPortWidth 0000000180001cf0 f   physical_dynamics_transfer_model_sfun_registry.obj
 0001:00000e10       _ssGetCallSystemNumFcnCallDestinations 0000000180001e10 f   physical_dynamics_transfer_model_sfun_registry.obj
 0001:00000e80       ssWarning                  0000000180001e80 f   physical_dynamics_transfer_model_sfun_registry.obj
 0001:00000f90       ssGetIsZeroCrossControlDisabled 0000000180001f90 f   physical_dynamics_transfer_model_sfun_registry.obj
 0001:00001000       ssSetIsInputPortUsedForContZcSignal 0000000180002000 f   physical_dynamics_transfer_model_sfun_registry.obj
 0001:00001070       ssSetZcSignalIsZcElementDisc 0000000180002070 f   physical_dynamics_transfer_model_sfun_registry.obj
 0001:00001120       ssSetZcSignalName          0000000180002120 f   physical_dynamics_transfer_model_sfun_registry.obj
 0001:00001190       ssSetZcSignalWidth         0000000180002190 f   physical_dynamics_transfer_model_sfun_registry.obj
 0001:00001200       ssSetZcSignalZcEventType   0000000180002200 f   physical_dynamics_transfer_model_sfun_registry.obj
 0001:00001270       ssSetZcSignalType          0000000180002270 f   physical_dynamics_transfer_model_sfun_registry.obj
 0001:000012e0       ssSetZcSignalZcTol         00000001800022e0 f   physical_dynamics_transfer_model_sfun_registry.obj
 0001:00001350       ssSetZcSignalNeedsEventNotification 0000000180002350 f   physical_dynamics_transfer_model_sfun_registry.obj
 0001:000013c0       ssCreateAndAddZcSignalInfo 00000001800023c0 f   physical_dynamics_transfer_model_sfun_registry.obj
 0001:00001430       ssCloneAndAddZcSignalInfo  0000000180002430 f   physical_dynamics_transfer_model_sfun_registry.obj
 0001:000014a0       ssGetNumZcSignals          00000001800024a0 f   physical_dynamics_transfer_model_sfun_registry.obj
 0001:00001510       ssGetZcSignalVector        0000000180002510 f   physical_dynamics_transfer_model_sfun_registry.obj
 0001:00001580       ssGetZcSignalZcEvents      0000000180002580 f   physical_dynamics_transfer_model_sfun_registry.obj
 0001:000015f0       ssGetZcSignalName          00000001800025f0 f   physical_dynamics_transfer_model_sfun_registry.obj
 0001:00001660       ssGetZcSignalWidth         0000000180002660 f   physical_dynamics_transfer_model_sfun_registry.obj
 0001:000016d0       ssGetZcSignalZcEventType   00000001800026d0 f   physical_dynamics_transfer_model_sfun_registry.obj
 0001:00001740       ssGetZcSignalType          0000000180002740 f   physical_dynamics_transfer_model_sfun_registry.obj
 0001:000017b0       ssGetZcSignalZcTol         00000001800027b0 f   physical_dynamics_transfer_model_sfun_registry.obj
 0001:00001830       ssGetZcSignalNeedsEventNotification 0000000180002830 f   physical_dynamics_transfer_model_sfun_registry.obj
 0001:000018a0       ssGetZcSignalIsZcElementDisc 00000001800028a0 f   physical_dynamics_transfer_model_sfun_registry.obj
 0001:00001940       ssGetIsInputPortElementContinuous 0000000180002940 f   physical_dynamics_transfer_model_sfun_registry.obj
 0001:000019e0       _ssGetInputPortSignalPtrsFcn 00000001800029e0 f   physical_dynamics_transfer_model_sfun_registry.obj
 0001:00001ca0       _ssGetInputPortSignalFcn   0000000180002ca0 f   physical_dynamics_transfer_model_sfun_registry.obj
 0001:00001ec0       _ssSetInputPortDirectFeedThroughFcn 0000000180002ec0 f   physical_dynamics_transfer_model_sfun_registry.obj
 0001:00002020       _ssSetInputPortReusableFcn 0000000180003020 f   physical_dynamics_transfer_model_sfun_registry.obj
 0001:00002110       _ssSetOutputPortReusableFcn 0000000180003110 f   physical_dynamics_transfer_model_sfun_registry.obj
 0001:000021f0       ssGetDTypeIdFromMxArray    00000001800031f0 f   physical_dynamics_transfer_model_sfun_registry.obj
 0001:00002310       ssWriteRTWStr              0000000180003310 f   physical_dynamics_transfer_model_sfun_registry.obj
 0001:00002370       ssWriteRTWMxVectParam      0000000180003370 f   physical_dynamics_transfer_model_sfun_registry.obj
 0001:000023d0       ssWriteRTWMx2dMatParam     00000001800033d0 f   physical_dynamics_transfer_model_sfun_registry.obj
 0001:00002450       ssWriteRTWNameValuePair    0000000180003450 f   physical_dynamics_transfer_model_sfun_registry.obj
 0001:00002940       ssWriteRTWParameters       0000000180003940 f   physical_dynamics_transfer_model_sfun_registry.obj
 0001:00002f40       ssWriteRTWParamSettings    0000000180003f40 f   physical_dynamics_transfer_model_sfun_registry.obj
 0001:00003610       ssWriteRTWWorkVect         0000000180004610 f   physical_dynamics_transfer_model_sfun_registry.obj
 0001:00003b10       mexFunction                0000000180004b10 f   physical_dynamics_transfer_model_sfun_registry.obj
 0001:000057f0       ProcessMexSfunctionEveryCall 00000001800067f0 f   physical_dynamics_transfer_model_sfun_registry.obj
 0001:00005960       physical_dynamics_transfer_model_initializer 0000000180006960 f   physical_dynamics_transfer_model_sfun.obj
 0001:00005970       physical_dynamics_transfer_model_terminator 0000000180006970 f   physical_dynamics_transfer_model_sfun.obj
 0001:00005980       sf_physical_dynamics_transfer_model_method_dispatcher 0000000180006980 f   physical_dynamics_transfer_model_sfun.obj
 0001:000059a0       sf_physical_dynamics_transfer_model_process_testpoint_info_call 00000001800069a0 f   physical_dynamics_transfer_model_sfun.obj
 0001:00005b00       sf_physical_dynamics_transfer_model_process_check_sum_call 0000000180006b00 f   physical_dynamics_transfer_model_sfun.obj
 0001:00005f00       sf_physical_dynamics_transfer_model_autoinheritance_info 0000000180006f00 f   physical_dynamics_transfer_model_sfun.obj
 0001:00006020       sf_physical_dynamics_transfer_model_get_eml_resolved_functions_info 0000000180007020 f   physical_dynamics_transfer_model_sfun.obj
 0001:00006100       physical_dynamics_transfer_model_debug_initialize 0000000180007100 f   physical_dynamics_transfer_model_sfun.obj
 0001:00006170       physical_dynamics_transfer_model_register_exported_symbols 0000000180007170 f   physical_dynamics_transfer_model_sfun.obj
 0001:00006180       load_physical_dynamics_transfer_model_optimization_info 0000000180007180 f   physical_dynamics_transfer_model_sfun.obj
 0001:000061d0       unload_physical_dynamics_transfer_model_optimization_info 00000001800071d0 f   physical_dynamics_transfer_model_sfun.obj
 0001:00006200       sf_send_message_wrapper    0000000180007200 f   sfc_mex:sfc_sf.obj
 0001:00006230       sf_receive_message_wrapper 0000000180007230 f   sfc_mex:sfc_sf.obj
 0001:00006270       sf_check_out_message_wrapper 0000000180007270 f   sfc_mex:sfc_sf.obj
 0001:000062b0       sf_check_in_message_wrapper 00000001800072b0 f   sfc_mex:sfc_sf.obj
 0001:000062f0       sf_no_message_wrapper      00000001800072f0 f   sfc_mex:sfc_sf.obj
 0001:00006680       sim_mode_is_rtw_gen        0000000180007680 f   sfc_mex:sfc_sf.obj
 0001:000066b0       sim_mode_is_external       00000001800076b0 f   sfc_mex:sfc_sf.obj
 0001:000066c0       sim_mode_is_modelref_sim   00000001800076c0 f   sfc_mex:sfc_sf.obj
 0001:000066e0       mdlInitializeSizes         00000001800076e0 f   sfc_mex:sfc_sf.obj
 0001:00006700       mdlInitializeSampleTimes   0000000180007700 f   sfc_mex:sfc_sf.obj
 0001:00006740       mdlZeroCrossings           0000000180007740 f   sfc_mex:sfc_sf.obj
 0001:00006820       mdlDerivatives             0000000180007820 f   sfc_mex:sfc_sf.obj
 0001:000068d0       mdl_initialize_conditions_processing 00000001800078d0 f   sfc_mex:sfc_sf.obj
 0001:00006900       mdlInitializeConditions    0000000180007900 f   sfc_mex:sfc_sf.obj
 0001:000069c0       mdlGetSimState             00000001800079c0 f   sfc_mex:sfc_sf.obj
 0001:000069d0       mdlSetSimState             00000001800079d0 f   sfc_mex:sfc_sf.obj
 0001:000069e0       mdl_ext_mode_exec_processing 00000001800079e0 f   sfc_mex:sfc_sf.obj
 0001:00006a00       mdlExtModeExec             0000000180007a00 f   sfc_mex:sfc_sf.obj
 0001:00006b90       mdlTerminate               0000000180007b90 f   sfc_mex:sfc_sf.obj
 0001:00006c00       mdlRTW                     0000000180007c00 f   sfc_mex:sfc_sf.obj
 0001:00006c30       mdlSetWorkWidths           0000000180007c30 f   sfc_mex:sfc_sf.obj
 0001:00006c40       mdlProcessParameters       0000000180007c40 f   sfc_mex:sfc_sf.obj
 0001:00006c50       mdl_start_processing       0000000180007c50 f   sfc_mex:sfc_sf.obj
 0001:00006cb0       mdlStart                   0000000180007cb0 f   sfc_mex:sfc_sf.obj
 0001:00006dc0       mdlEnable                  0000000180007dc0 f   sfc_mex:sfc_sf.obj
 0001:00006e90       mdlDisable                 0000000180007e90 f   sfc_mex:sfc_sf.obj
 0001:00006f40       sf_get_chart_instance_ptr  0000000180007f40 f   sfc_mex:sfc_sf.obj
 0001:00006f60       sf_load_rtw_optimization_info 0000000180007f60 f   sfc_mex:sfc_sf.obj
 0001:00007030       sf_rtw_info_uint_prop      0000000180008030 f   sfc_mex:sfc_sf.obj
 0001:00007170       sf_is_chart_inlinable      0000000180008170 f   sfc_mex:sfc_sf.obj
 0001:00007190       sf_mark_output_events_with_multiple_callers 0000000180008190 f   sfc_mex:sfc_sf.obj
 0001:00007320       sf_mark_chart_reusable_outputs 0000000180008320 f   sfc_mex:sfc_sf.obj
 0001:00007580       sf_mark_chart_expressionable_inputs 0000000180008580 f   sfc_mex:sfc_sf.obj
 0001:000077e0       sf_get_subchart_simstruct  00000001800087e0 f   sfc_mex:sfc_sf.obj
 0001:00007830       sf_get_fixpt_data_type_id  0000000180008830 f   sfc_mex:sfc_sf.obj
 0001:00007870       sf_get_enum_data_type_id   0000000180008870 f   sfc_mex:sfc_sf.obj
 0001:000078b0       sf_get_param_data_type_id  00000001800088b0 f   sfc_mex:sfc_sf.obj
 0001:000078e0       sf_mex_listen_for_ctrl_c_force 00000001800088e0 f   sfc_mex:sfc_sf.obj
 0001:000079f0       sf_mex_draw_now            00000001800089f0 f   sfc_mex:sfc_sf.obj
 0001:00007a30       sf_mex_set_debugger_sim_status_listener_fcn 0000000180008a30 f   sfc_mex:sfc_sf.obj
 0001:00007a40       sf_mex_listen_for_ctrl_c   0000000180008a40 f   sfc_mex:sfc_sf.obj
 0001:00007ad0       sf_mex_get_sfun_param      0000000180008ad0 f   sfc_mex:sfc_sf.obj
 0001:00007b20       sf_get_runtime_param_data  0000000180008b20 f   sfc_mex:sfc_sf.obj
 0001:00007b60       sf_call_output_fcn_call    0000000180008b60 f   sfc_mex:sfc_sf.obj
 0001:00007ca0       sf_call_output_fcn_enable  0000000180008ca0 f   sfc_mex:sfc_sf.obj
 0001:00007d30       sf_call_output_fcn_disable 0000000180008d30 f   sfc_mex:sfc_sf.obj
 0001:00007dc0       sf_clear_rtw_identifier    0000000180008dc0 f   sfc_mex:sfc_sf.obj
 0001:000085b0       sf_set_encoded_dwork_info  00000001800095b0 f   sfc_mex:sfc_sf.obj
 0001:00008600       sf_get_dwork_info_from_mat_file 0000000180009600 f   sfc_mex:sfc_sf.obj
 0001:000087c0       sf_set_rtw_dwork_info      00000001800097c0 f   sfc_mex:sfc_sf.obj
 0001:00008930       mdlOutputs                 0000000180009930 f   sfc_mex:sfc_sf.obj
 0001:00008b20       sf_mex_mx_is_numeric       0000000180009b20 f   sfc_mex:sfc_mex.obj
 0001:00008b60       strcmp_ignore_ws           0000000180009b60 f   sfc_mex:sfc_mex.obj
 0001:00008ca0       sf_mex_duplicatearraysafe  0000000180009ca0 f   sfc_mex:sfc_mex.obj
 0001:00008e00       sf_set_error_debugger_context_message_fcn 0000000180009e00 f   sfc_mex:sfc_mex.obj
 0001:00008e10       sf_set_debugger_matlab_error_fcn 0000000180009e10 f   sfc_mex:sfc_mex.obj
 0001:00008e40       sf_set_error_prefix_string 0000000180009e40 f   sfc_mex:sfc_mex.obj
 0001:00008e70       sf_get_error_prefix_string 0000000180009e70 f   sfc_mex:sfc_mex.obj
 0001:00008e80       sf_mex_enter_parallel_region 0000000180009e80 f   sfc_mex:sfc_mex.obj
 0001:00008e90       sf_mex_exit_parallel_region 0000000180009e90 f   sfc_mex:sfc_mex.obj
 0001:00008ea0       sf_get_current_jmp_buf_ptr 0000000180009ea0 f   sfc_mex:sfc_mex.obj
 0001:00008eb0       sf_set_current_jmp_buf_ptr 0000000180009eb0 f   sfc_mex:sfc_mex.obj
 0001:00008ec0       sf_mex_set_halt_simulation 0000000180009ec0 f   sfc_mex:sfc_mex.obj
 0001:00008ed0       sf_mex_get_halt_simulation 0000000180009ed0 f   sfc_mex:sfc_mex.obj
 0001:00008ee0       sf_mex_clear_error_message 0000000180009ee0 f   sfc_mex:sfc_mex.obj
 0001:00008f00       sf_mex_get_error_message_for_read 0000000180009f00 f   sfc_mex:sfc_mex.obj
 0001:00008f10       sf_mex_get_error_message_buffer_length 0000000180009f10 f   sfc_mex:sfc_mex.obj
 0001:00008ff0       sf_mex_warning_message     0000000180009ff0 f   sfc_mex:sfc_mex.obj
 0001:00009060       sf_mex_v_errbuf_createf    000000018000a060 f   sfc_mex:sfc_mex.obj
 0001:00009070       sf_mex_errbuf_createf      000000018000a070 f   sfc_mex:sfc_mex.obj
 0001:000090a0       sf_mex_v_errbuf_catf       000000018000a0a0 f   sfc_mex:sfc_mex.obj
 0001:000090e0       sf_mex_errbuf_catf         000000018000a0e0 f   sfc_mex:sfc_mex.obj
 0001:00009130       sf_mex_errbuf_copy         000000018000a130 f   sfc_mex:sfc_mex.obj
 0001:00009140       sf_mex_errbuf_clear        000000018000a140 f   sfc_mex:sfc_mex.obj
 0001:00009150       sf_mex_errbuf_isempty      000000018000a150 f   sfc_mex:sfc_mex.obj
 0001:00009260       sf_mex_set_error_status    000000018000a260 f   sfc_mex:sfc_mex.obj
 0001:000092b0       sf_mex_error_direct_call   000000018000a2b0 f   sfc_mex:sfc_mex.obj
 0001:000092d0       sf_mex_error_message_no_long_jump 000000018000a2d0 f   sfc_mex:sfc_mex.obj
 0001:000092f0       sf_mex_long_jump_on_error  000000018000a2f0 f   sfc_mex:sfc_mex.obj
 0001:00009320       sf_mex_call_matlab         000000018000a320 f   sfc_mex:sfc_mex.obj
 0001:00009440       sf_mex_check_builtin       000000018000a440 f   sfc_mex:sfc_mex.obj
 0001:000094e0       sf_mex_check_builtin_vs    000000018000a4e0 f   sfc_mex:sfc_mex.obj
 0001:000095a0       sf_mex_check_enum          000000018000a5a0 f   sfc_mex:sfc_mex.obj
 0001:00009620       sf_mex_create_enum         000000018000a620 f   sfc_mex:sfc_mex.obj
 0001:00009690       sf_mex_get_enum_element    000000018000a690 f   sfc_mex:sfc_mex.obj
 0001:000096a0       sf_mex_createcellarray     000000018000a6a0 f   sfc_mex:sfc_mex.obj
 0001:000096b0       sf_mex_setcell             000000018000a6b0 f   sfc_mex:sfc_mex.obj
 0001:000096c0       sf_mex_getcell             000000018000a6c0 f   sfc_mex:sfc_mex.obj
 0001:000096d0       sf_mex_dup                 000000018000a6d0 f   sfc_mex:sfc_mex.obj
 0001:000096f0       sf_mex_assign              000000018000a6f0 f   sfc_mex:sfc_mex.obj
 0001:00009770       sf_mex_destroy             000000018000a770 f   sfc_mex:sfc_mex.obj
 0001:000097a0       mx_array_has_fi_type       000000018000a7a0 f   sfc_mex:sfc_mex.obj
 0001:000097d0       sf_mex_convert_from_fi     000000018000a7d0 f   sfc_mex:sfc_mex.obj
 0001:00009900       sf_mex_convert_to_double   000000018000a900 f   sfc_mex:sfc_mex.obj
 0001:00009a20       sf_mex_import_fi_vs        000000018000aa20 f   sfc_mex:sfc_mex.obj
 0001:00009be0       sf_matrix_matrix_index_ok  000000018000abe0 f   sfc_mex:sfc_mex.obj
 0001:00009c70       sf_vector_vector_index_ok  000000018000ac70 f   sfc_mex:sfc_mex.obj
 0001:00009ca0       ssGetCurrentInputPortDimensions_wrapper 000000018000aca0 f   sfc_mex:sfc_mex.obj
 0001:00009cc0       ssGetCurrentOutputPortDimensions_wrapper 000000018000acc0 f   sfc_mex:sfc_mex.obj
 0001:00009ce0       sf_mex_emlrt_context_is_debug_mode 000000018000ace0 f   sfc_mex:sfc_mex.obj
 0001:00009cf0       sf_mex_emlrt_context_set_debug_mode 000000018000acf0 f   sfc_mex:sfc_mex.obj
 0001:00009d00       sf_mex_emlrtNameCapturePostProcessR2012a 000000018000ad00 f   sfc_mex:sfc_mex.obj
 0001:00009d70       sf_clear_error_manager_info 000000018000ad70 f   sfc_mex:sfc_mex.obj
 0001:00009dd0       sf_mex_stop_simulation_abruptly_wo_error 000000018000add0 f   sfc_mex:sfc_mex.obj
 0001:00009e10       sf_mex_error_message       000000018000ae10 f   sfc_mex:sfc_mex.obj
 0001:00009e70       sf_react_to_error_in_matlab_call 000000018000ae70 f   sfc_mex:sfc_mex.obj
 0001:00009ea0       sf_mex_addfield            000000018000aea0 f   sfc_mex:sfc_mex.obj
 0001:00009f40       sf_mex_getfield            000000018000af40 f   sfc_mex:sfc_mex.obj
 0001:0000a240       sf_mex_check_class         000000018000b240 f   sfc_mex:sfc_mex.obj
 0001:0000a2e0       sf_mex_is_real             000000018000b2e0 f   sfc_mex:sfc_mex.obj
 0001:0000a750       sf_mex_decode_encoded_mx_struct_array 000000018000b750 f   sfc_mex:sfc_mex.obj
 0001:0000aa30       sf_mex_lw_bounds_check     000000018000ba30 f   sfc_mex:sfc_mex.obj
 0001:0000aa60       sf_mex_lw_size_eq_check_1d 000000018000ba60 f   sfc_mex:sfc_mex.obj
 0001:0000aa80       sf_mex_lw_size_eq_check_nd 000000018000ba80 f   sfc_mex:sfc_mex.obj
 0001:0000ac60       sf_mex_lw_dim_size_eq_check 000000018000bc60 f   sfc_mex:sfc_mex.obj
 0001:0000ac90       sf_mex_lw_dim_size_geq_check 000000018000bc90 f   sfc_mex:sfc_mex.obj
 0001:0000acc0       sf_mex_lw_sub_assign_size_check_nd 000000018000bcc0 f   sfc_mex:sfc_mex.obj
 0001:0000aef0       sf_mex_lw_runtime_error_msgid 000000018000bef0 f   sfc_mex:sfc_mex.obj
 0001:0000afe0       sf_mex_lw_matrix_matrix_index_check 000000018000bfe0 f   sfc_mex:sfc_mex.obj
 0001:0000b000       sf_mex_lw_vector_vector_index_check 000000018000c000 f   sfc_mex:sfc_mex.obj
 0001:0000b040       sf_mex_lw_for_loop_vector_check 000000018000c040 f   sfc_mex:sfc_mex.obj
 0001:0000b0d0       sf_mex_lw_non_negative_check 000000018000c0d0 f   sfc_mex:sfc_mex.obj
 0001:0000b110       sf_mex_overflow_error      000000018000c110 f   sfc_mex:sfc_mex.obj
 0001:0000b120       sf_mex_dividebyzero_error  000000018000c120 f   sfc_mex:sfc_mex.obj
 0001:0000b130       sf_mex_unsafe_enum_error   000000018000c130 f   sfc_mex:sfc_mex.obj
 0001:0000b140       sf_emlrtErrHandler         000000018000c140 f   sfc_mex:sfc_mex.obj
 0001:0000b220       sf_mex_size_one_check      000000018000c220 f   sfc_mex:sfc_mex.obj
 0001:0000b240       sf_mex_printf              000000018000c240 f   sfc_mex:sfc_mex.obj
 0001:0000b410       sf_mex_check_size          000000018000c410 f   sfc_mex:sfc_mex.obj
 0001:0000b6e0       sf_mex_check_struct        000000018000c6e0 f   sfc_mex:sfc_mex.obj
 0001:0000b940       sf_mex_check_struct_vs     000000018000c940 f   sfc_mex:sfc_mex.obj
 0001:0000b9d0       sf_mex_check_fi            000000018000c9d0 f   sfc_mex:sfc_mex.obj
 0001:0000bad0       sf_mex_check_fi_vs         000000018000cad0 f   sfc_mex:sfc_mex.obj
 0001:0000bb70       sf_echo_expression         000000018000cb70 f   sfc_mex:sfc_mex.obj
 0001:0000bbd0       sf_assertion_failed        000000018000cbd0 f   sfc_mex:sfc_mex.obj
 0001:0000beb0       sf_mex_evalin              000000018000ceb0 f   sfc_mex:sfc_mex.obj
 0001:0000c120       sf_mex_export              000000018000d120 f   sfc_mex:sfc_mex.obj
 0001:0000c1e0       sf_mex_get_ml_var_no_error 000000018000d1e0 f   sfc_mex:sfc_mex.obj
 0001:0000c380       sf_mex_get_ml_var          000000018000d380 f   sfc_mex:sfc_mex.obj
 0001:0000c820       ml_set_element_value_in_array 000000018000d820 f   sfc_mex:sfc_mex.obj
 0001:0000def0       sf_mex_call_impl           000000018000eef0 f   sfc_mex:sfc_mex.obj
 0001:0000e420       sf_mex_call_debug          000000018000f420 f   sfc_mex:sfc_mex.obj
 0001:0000e450       sf_mex_call                000000018000f450 f   sfc_mex:sfc_mex.obj
 0001:0000eaa0       sf_mex_createstruct        000000018000faa0 f   sfc_mex:sfc_mex.obj
 0001:0000eb90       sf_mex_createstructarray   000000018000fb90 f   sfc_mex:sfc_mex.obj
 0001:0000ec10       sf_mex_get_mx_datatype_from_sf_datatype 000000018000fc10 f   sfc_mex:sfc_mex.obj
 0001:0000ef20       sf_mex_ml_var_sub          000000018000ff20 f   sfc_mex:sfc_mex.obj
 0001:0000f0f0       sf_mex_ml_var_subsasgn     00000001800100f0 f   sfc_mex:sfc_mex.obj
 0001:0000f4e0       sf_mex_sub                 00000001800104e0 f   sfc_mex:sfc_mex.obj
 0001:0000f6e0       sf_mex_subsasgn            00000001800106e0 f   sfc_mex:sfc_mex.obj
 0001:0000fbc0       sf_mex_create              0000000180010bc0 f   sfc_mex:sfc_mex.obj
 0001:00010610       sf_mex_import_named        0000000180011610 f   sfc_mex:sfc_mex.obj
 0001:00010670       sf_mex_import              0000000180011670 f   sfc_mex:sfc_mex.obj
 0001:000106c0       sf_mex_import_vs           00000001800116c0 f   sfc_mex:sfc_mex.obj
 0001:000107d0       sf_mex_lower_fixpt_mx_array 00000001800117d0 f   sfc_mex:sfc_mex.obj
 0001:00010b60       sf_debug_disp              0000000180011b60 f   sfc_debug:sfcdebug.obj
 0001:00010dc0       sf_debug_data_runtime_size_mismatch_error_check 0000000180011dc0 f   sfc_debug:sfcdebug.obj
 0001:00010e60       sf_debug_try_loading_machine 0000000180011e60 f   sfc_debug:sfcdebug.obj
 0001:00010f60       sf_debug_reset_current_state_configuration 0000000180011f60 f   sfc_debug:sfcdebug.obj
 0001:00010ff0       sf_debug_store_current_state_configuration 0000000180011ff0 f   sfc_debug:sfcdebug.obj
 0001:00011080       sf_debug_restore_previous_state_configuration 0000000180012080 f   sfc_debug:sfcdebug.obj
 0001:00011110       sf_debug_restore_previous_state_configuration2 0000000180012110 f   sfc_debug:sfcdebug.obj
 0001:000111a0       sf_debug_get_event_scope   00000001800121a0 f   sfc_debug:sfcdebug.obj
 0001:00011310       use_debugger_step_animation 0000000180012310 f   sfc_debug:sfcdebug.obj
 0001:00011330       sf_debug_get_script_id     0000000180012330 f   sfc_debug:sfcdebug.obj
 0001:000113c0       sf_debug_set_script_translation 00000001800123c0 f   sfc_debug:sfcdebug.obj
 0001:00011540       sf_debug_extract_message_post_receive_info 0000000180012540 f   sfc_debug:sfcdebug.obj
 0001:00011640       sf_debug_get_current_machine_id 0000000180012640 f   sfc_debug:sfcdebug.obj
 0001:00011660       sf_debug_get_current_optional_integer 0000000180012660 f   sfc_debug:sfcdebug.obj
 0001:00011670       sf_debug_get_current_machine_number 0000000180012670 f   sfc_debug:sfcdebug.obj
 0001:00011690       sf_debug_get_current_machine_name 0000000180012690 f   sfc_debug:sfcdebug.obj
 0001:000116b0       sf_debug_get_current_chart_id 00000001800126b0 f   sfc_debug:sfcdebug.obj
 0001:00011700       sf_debug_get_current_chart_number 0000000180012700 f   sfc_debug:sfcdebug.obj
 0001:00011710       sf_debug_get_current_instance_number 0000000180012710 f   sfc_debug:sfcdebug.obj
 0001:00011720       sf_debug_get_current_is_minor_time_step 0000000180012720 f   sfc_debug:sfcdebug.obj
 0001:000117a0       sf_debug_get_current_object_type 00000001800127a0 f   sfc_debug:sfcdebug.obj
 0001:000117b0       sf_debug_get_current_instance_handle 00000001800127b0 f   sfc_debug:sfcdebug.obj
 0001:00011810       sf_debug_get_current_event_type 0000000180012810 f   sfc_debug:sfcdebug.obj
 0001:00011820       sf_debug_get_current_object_id 0000000180012820 f   sfc_debug:sfcdebug.obj
 0001:00011860       sf_debug_get_current_active_event_type 0000000180012860 f   sfc_debug:sfcdebug.obj
 0001:00011870       sf_debug_get_current_active_event_id 0000000180012870 f   sfc_debug:sfcdebug.obj
 0001:000118b0       sf_debug_get_current_tag_type 00000001800128b0 f   sfc_debug:sfcdebug.obj
 0001:000118c0       sf_debug_get_current_simulation_time 00000001800128c0 f   sfc_debug:sfcdebug.obj
 0001:000118d0       sf_debug_get_current_coverage_percentage 00000001800128d0 f   sfc_debug:sfcdebug.obj
 0001:000118e0       sf_debug_current_statement_context 00000001800128e0 f   sfc_debug:sfcdebug.obj
 0001:00011970       sf_debug_get_current_statement_info 0000000180012970 f   sfc_debug:sfcdebug.obj
 0001:00011af0       sf_debug_terminate_instance 0000000180012af0 f   sfc_debug:sfcdebug.obj
 0001:00011e30       sf_debug_assertion_failed  0000000180012e30 f   sfc_debug:sfcdebug.obj
 0001:00012090       sf_debug_set_number_of_data_with_change_event_for_machine 0000000180013090 f   sfc_debug:sfcdebug.obj
 0001:000120d0       sf_debug_set_machine_event_thresholds 00000001800130d0 f   sfc_debug:sfcdebug.obj
 0001:000120f0       sf_debug_set_machine_event_scope 00000001800130f0 f   sfc_debug:sfcdebug.obj
 0001:00012130       sf_debug_set_machine_data_thresholds 0000000180013130 f   sfc_debug:sfcdebug.obj
 0001:00012170       sf_debug_set_machine_data_scope 0000000180013170 f   sfc_debug:sfcdebug.obj
 0001:00012200       sf_debug_set_machine_data_name 0000000180013200 f   sfc_debug:sfcdebug.obj
 0001:000122a0       sf_debug_set_machine_data_size 00000001800132a0 f   sfc_debug:sfcdebug.obj
 0001:000123e0       sf_debug_set_machine_data_type 00000001800133e0 f   sfc_debug:sfcdebug.obj
 0001:00012550       sf_debug_get_chart_data_number 0000000180013550 f   sfc_debug:sfcdebug.obj
 0001:00012570       sf_debug_get_chart_event_number 0000000180013570 f   sfc_debug:sfcdebug.obj
 0001:00012590       sf_debug_set_chart_state_info 0000000180013590 f   sfc_debug:sfcdebug.obj
 0001:00012610       sf_debug_set_chart_decomposition 0000000180013610 f   sfc_debug:sfcdebug.obj
 0001:00012680       sf_debug_set_chart_substate_count 0000000180013680 f   sfc_debug:sfcdebug.obj
 0001:00012760       sf_debug_set_chart_substate_index 0000000180013760 f   sfc_debug:sfcdebug.obj
 0001:000127d0       sf_debug_set_chart_state_substate_count 00000001800137d0 f   sfc_debug:sfcdebug.obj
 0001:000128e0       sf_debug_set_chart_state_substate_index 00000001800138e0 f   sfc_debug:sfcdebug.obj
 0001:00012960       sf_debug_set_number_of_data_with_change_event_for_chart 0000000180013960 f   sfc_debug:sfcdebug.obj
 0001:000129e0       sf_debug_set_number_of_states_with_entry_event_for_chart 00000001800139e0 f   sfc_debug:sfcdebug.obj
 0001:00012a50       sf_debug_set_number_of_states_with_exit_event_for_chart 0000000180013a50 f   sfc_debug:sfcdebug.obj
 0001:00012ac0       sf_debug_set_chart_disable_implicit_casting 0000000180013ac0 f   sfc_debug:sfcdebug.obj
 0001:00012b30       sf_debug_set_chart_event_thresholds 0000000180013b30 f   sfc_debug:sfcdebug.obj
 0001:00012ba0       sf_debug_set_chart_data_compiled_props 0000000180013ba0 f   sfc_debug:sfcdebug.obj
 0001:00012ef0       sf_debug_set_chart_data_props 0000000180013ef0 f   sfc_debug:sfcdebug.obj
 0001:00013210       sf_debug_check_fi_license  0000000180014210 f   sfc_debug:sfcdebug.obj
 0001:00013400       sf_debug_symbol_scope_push 0000000180014400 f   sfc_debug:sfcdebug.obj
 0001:00013440       sf_debug_symbol_scope_push_eml 0000000180014440 f   sfc_debug:sfcdebug.obj
 0001:00013490       sf_debug_symbol_scope_pop  0000000180014490 f   sfc_debug:sfcdebug.obj
 0001:000134d0       sf_debug_symbol_scope_add_importable 00000001800144d0 f   sfc_debug:sfcdebug.obj
 0001:00013550       sf_debug_symbol_scope_add  0000000180014550 f   sfc_debug:sfcdebug.obj
 0001:000135d0       sf_debug_symbol_scope_add_dyn_importable 00000001800145d0 f   sfc_debug:sfcdebug.obj
 0001:00013690       sf_debug_symbol_scope_add_dyn 0000000180014690 f   sfc_debug:sfcdebug.obj
 0001:000136c0       sf_debug_symbol_scope_add_eml_importable 00000001800146c0 f   sfc_debug:sfcdebug.obj
 0001:00013700       sf_debug_symbol_scope_add_eml 0000000180014700 f   sfc_debug:sfcdebug.obj
 0001:00013740       sf_debug_symbol_scope_add_eml_dyn_importable 0000000180014740 f   sfc_debug:sfcdebug.obj
 0001:000137b0       sf_debug_symbol_scope_add_eml_dyn 00000001800147b0 f   sfc_debug:sfcdebug.obj
 0001:00013810       sf_debug_symbol_switch     0000000180014810 f   sfc_debug:sfcdebug.obj
 0001:00013830       sf_debug_symbol_scope_add_verbose 0000000180014830 f   sfc_debug:sfcdebug.obj
 0001:00013900       sf_debug_set_machine_data_value_ptr 0000000180014900 f   sfc_debug:sfcdebug.obj
 0001:00013940       sf_debug_set_instance_data_value_ptr 0000000180014940 f   sfc_debug:sfcdebug.obj
 0001:00013a00       sf_debug_unset_instance_data_value_ptr 0000000180014a00 f   sfc_debug:sfcdebug.obj
 0001:00013ab0       sf_debug_set_chart_event_scope 0000000180014ab0 f   sfc_debug:sfcdebug.obj
 0001:00013b30       sf_debug_set_chart_transition_coverage_maps 0000000180014b30 f   sfc_debug:sfcdebug.obj
 0001:00013c40       sf_debug_set_chart_state_coverage_maps 0000000180014c40 f   sfc_debug:sfcdebug.obj
 0001:00013d20       sf_debug_set_instance_transition_coverage_weights 0000000180014d20 f   sfc_debug:sfcdebug.obj
 0001:00013dc0       sf_debug_set_instance_state_coverage_weights 0000000180014dc0 f   sfc_debug:sfcdebug.obj
 0001:00014010       sf_debug_unload_machine    0000000180015010 f   sfc_debug:sfcdebug.obj
 0001:00014060       sf_debug_load_machine      0000000180015060 f   sfc_debug:sfcdebug.obj
 0001:00014160       sf_debug_set_active_instance_in_data_dictionary 0000000180015160 f   sfc_debug:sfcdebug.obj
 0001:00014340       sf_debug_set_active_instance 0000000180015340 f   sfc_debug:sfcdebug.obj
 0001:000144a0       sf_debug_chart_visiblity_change 00000001800154a0 f   sfc_debug:sfcdebug.obj
 0001:000145a0       sf_debug_select_chart      00000001800155a0 f   sfc_debug:sfcdebug.obj
 0001:00014710       sf_debug_set_instance_cv_ids 0000000180015710 f   sfc_debug:sfcdebug.obj
 0001:00014a20       sf_debug_select_charts     0000000180015a20 f   sfc_debug:sfcdebug.obj
 0001:00014bb0       sf_debug_initialized       0000000180015bb0 f   sfc_debug:sfcdebug.obj
 0001:00014bc0       sf_debug_is_uninterruptible 0000000180015bc0 f   sfc_debug:sfcdebug.obj
 0001:00014bf0       sf_debug_initialize_debugger_gui 0000000180015bf0 f   sfc_debug:sfcdebug.obj
 0001:00014fe0       sf_debug_resume            0000000180015fe0 f   sfc_debug:sfcdebug.obj
 0001:00015000       sf_debug_go                0000000180016000 f   sfc_debug:sfcdebug.obj
 0001:00015010       sf_debug_break             0000000180016010 f   sfc_debug:sfcdebug.obj
 0001:00015020       sf_debug_step_over         0000000180016020 f   sfc_debug:sfcdebug.obj
 0001:00015030       sf_debug_step_out          0000000180016030 f   sfc_debug:sfcdebug.obj
 0001:00015040       sf_debug_set_disable_all_breakpoints 0000000180016040 f   sfc_debug:sfcdebug.obj
 0001:00015050       sf_debug_disable_all_breakpoints_and_go 0000000180016050 f   sfc_debug:sfcdebug.obj
 0001:00015060       sf_debug_break_on_chart_entry 0000000180016060 f   sfc_debug:sfcdebug.obj
 0001:00015070       sf_debug_break_on_event_broadcast 0000000180016070 f   sfc_debug:sfcdebug.obj
 0001:00015080       sf_debug_break_on_state_entry 0000000180016080 f   sfc_debug:sfcdebug.obj
 0001:00015090       sf_debug_break_between_times 0000000180016090 f   sfc_debug:sfcdebug.obj
 0001:000150b0       sf_debug_browse_data       00000001800160b0 f   sfc_debug:sfcdebug.obj
 0001:000150d0       sf_debug_watch_data        00000001800160d0 f   sfc_debug:sfcdebug.obj
 0001:000150f0       sf_debug_assign_data       00000001800160f0 f   sfc_debug:sfcdebug.obj
 0001:00015110       sf_debug_whos              0000000180016110 f   sfc_debug:sfcdebug.obj
 0001:00015130       sf_debug_get_consistency_info 0000000180016130 f   sfc_debug:sfcdebug.obj
 0001:00015140       sf_debug_browse_trace      0000000180016140 f   sfc_debug:sfcdebug.obj
 0001:00015150       sf_debug_set_breakpoints   0000000180016150 f   sfc_debug:sfcdebug.obj
 0001:000152b0       sf_debug_set_eml_breakpoints 00000001800162b0 f   sfc_debug:sfcdebug.obj
 0001:00015410       sf_debug_set_script_breakpoints 0000000180016410 f   sfc_debug:sfcdebug.obj
 0001:00015490       sf_debug_add_script_breakpoints 0000000180016490 f   sfc_debug:sfcdebug.obj
 0001:00015500       sf_debug_clear_script_breakpoints 0000000180016500 f   sfc_debug:sfcdebug.obj
 0001:00015570       sf_debug_query_script_breakpoints 0000000180016570 f   sfc_debug:sfcdebug.obj
 0001:00015630       sf_debug_get_eml_script_id 0000000180016630 f   sfc_debug:sfcdebug.obj
 0001:00015680       sf_debug_set_watch         0000000180016680 f   sfc_debug:sfcdebug.obj
 0001:000158b0       sf_debug_get_instance_handle 00000001800168b0 f   sfc_debug:sfcdebug.obj
 0001:00015940       sf_debug_get_active_states 0000000180016940 f   sfc_debug:sfcdebug.obj
 0001:00015950       sf_debug_get_animation     0000000180016950 f   sfc_debug:sfcdebug.obj
 0001:00015960       sf_debug_set_animation     0000000180016960 f   sfc_debug:sfcdebug.obj
 0001:00015970       sf_debug_animate           0000000180016970 f   sfc_debug:sfcdebug.obj
 0001:000159a0       sf_debug_cycle_detection_check 00000001800169a0 f   sfc_debug:sfcdebug.obj
 0001:000159b0       sf_debug_data_range_check  00000001800169b0 f   sfc_debug:sfcdebug.obj
 0001:000159c0       sf_debug_transition_conflict_check 00000001800169c0 f   sfc_debug:sfcdebug.obj
 0001:000159d0       sf_debug_state_consistency_check 00000001800169d0 f   sfc_debug:sfcdebug.obj
 0001:000159e0       sf_debug_data_range_check_enabled 00000001800169e0 f   sfc_debug:sfcdebug.obj
 0001:00015a00       sf_debug_transition_conflict_check_enabled 0000000180016a00 f   sfc_debug:sfcdebug.obj
 0001:00015a20       sf_debug_transition_conflict_check_begin 0000000180016a20 f   sfc_debug:sfcdebug.obj
 0001:00015a40       sf_debug_transition_conflict_check_end 0000000180016a40 f   sfc_debug:sfcdebug.obj
 0001:00015a60       sf_debug_stop_debugging    0000000180016a60 f   sfc_debug:sfcdebug.obj
 0001:00015a90       sf_debug_is_cycle_detected 0000000180016a90 f   sfc_debug:sfcdebug.obj
 0001:00015aa0       sf_debug_is_array_bounds_detected 0000000180016aa0 f   sfc_debug:sfcdebug.obj
 0001:00015ab0       sf_debug_get_state_vectors_data_size 0000000180016ab0 f   sfc_debug:sfcdebug.obj
 0001:00015af0       sf_debug_get_state_vectors_data 0000000180016af0 f   sfc_debug:sfcdebug.obj
 0001:00015bf0       sf_debug_set_state_vectors_data 0000000180016bf0 f   sfc_debug:sfcdebug.obj
 0001:00015eb0       sf_debug_get_script_index  0000000180016eb0 f   sfc_debug:sfcdebug.obj
 0001:00016040       sf_debug_add_script        0000000180017040 f   sfc_debug:sfcdebug.obj
 0001:000161d0       cv_eval_point              00000001800171d0 f   sfc_debug:sfcdebug.obj
 0001:00016340       cv_eval_testobjective      0000000180017340 f   sfc_debug:sfcdebug.obj
 0001:00016460       sf_debug_cv_init_state     0000000180017460 f   sfc_debug:sfcdebug.obj
 0001:00016580       sf_debug_cv_init_chart     0000000180017580 f   sfc_debug:sfcdebug.obj
 0001:00016660       sf_debug_cv_init_trans     0000000180017660 f   sfc_debug:sfcdebug.obj
 0001:00016760       sf_debug_cv_init_testobjectives 0000000180017760 f   sfc_debug:sfcdebug.obj
 0001:00016940       cv_eml_init_script         0000000180017940 f   sfc_debug:sfcdebug.obj
 0001:00016a50       cv_eml_init_fcn            0000000180017a50 f   sfc_debug:sfcdebug.obj
 0001:00016b00       cv_eml_init_testobjective  0000000180017b00 f   sfc_debug:sfcdebug.obj
 0001:00016bd0       cv_eml_init_saturation     0000000180017bd0 f   sfc_debug:sfcdebug.obj
 0001:00016c90       cv_eml_init_if             0000000180017c90 f   sfc_debug:sfcdebug.obj
 0001:00016d60       cv_eml_init_for            0000000180017d60 f   sfc_debug:sfcdebug.obj
 0001:00016e20       cv_eml_init_while          0000000180017e20 f   sfc_debug:sfcdebug.obj
 0001:00016ee0       cv_eml_init_mcdc           0000000180017ee0 f   sfc_debug:sfcdebug.obj
 0001:00016ff0       cv_eml_init_switch         0000000180017ff0 f   sfc_debug:sfcdebug.obj
 0001:000170e0       cv_eml_eval                00000001800180e0 f   sfc_debug:sfcdebug.obj
 0001:000171c0       sf_debug_bm_is_a_eml_breakpoint 00000001800181c0 f   sfc_debug:sfcdebug.obj
 0001:00017310       sf_debug_temporal_threshold 0000000180018310 f   sfc_debug:sfcdebug.obj
 0001:00017670       sf_debug_transition_conflict_error 0000000180018670 f   sfc_debug:sfcdebug.obj
 0001:000179f0       sf_debug_state_inconsistency_error 00000001800189f0 f   sfc_debug:sfcdebug.obj
 0001:00017b10       sf_debug_check_for_state_inconsistency 0000000180018b10 f   sfc_debug:sfcdebug.obj
 0001:00017b40       sf_debug_cycle_detecton_error 0000000180018b40 f   sfc_debug:sfcdebug.obj
 0001:00018310       sf_debug_size_eq_check_1d  0000000180019310 f   sfc_debug:sfcdebug.obj
 0001:00018330       sf_debug_size_eq_check_nd  0000000180019330 f   sfc_debug:sfcdebug.obj
 0001:00018510       sf_debug_dim_size_eq_check 0000000180019510 f   sfc_debug:sfcdebug.obj
 0001:00018540       sf_debug_dim_size_geq_check 0000000180019540 f   sfc_debug:sfcdebug.obj
 0001:00018570       sf_debug_sub_assign_size_check_nd 0000000180019570 f   sfc_debug:sfcdebug.obj
 0001:000187b0       sf_debug_matrix_matrix_index_check 00000001800197b0 f   sfc_debug:sfcdebug.obj
 0001:000187e0       sf_debug_vector_vector_index_check 00000001800197e0 f   sfc_debug:sfcdebug.obj
 0001:00018810       sf_debug_for_loop_vector_check 0000000180019810 f   sfc_debug:sfcdebug.obj
 0001:000188a0       sf_debug_runtime_error_msgid 00000001800198a0 f   sfc_debug:sfcdebug.obj
 0001:00018930       sf_debug_data_array_bounds_error_check 0000000180019930 f   sfc_debug:sfcdebug.obj
 0001:00018a40       sf_debug_eml_data_array_bounds_error_check 0000000180019a40 f   sfc_debug:sfcdebug.obj
 0001:00018f20       sf_debug_integer_check     0000000180019f20 f   sfc_debug:sfcdebug.obj
 0001:00019000       sf_debug_not_nan_check     000000018001a000 f   sfc_debug:sfcdebug.obj
 0001:000190c0       sf_debug_non_negative_check 000000018001a0c0 f   sfc_debug:sfcdebug.obj
 0001:00019180       sf_debug_overflow_detection 000000018001a180 f   sfc_debug:sfcdebug.obj
 0001:00019870       sf_debug_cast_to_real32_T  000000018001a870 f   sfc_debug:sfcdebug.obj
 0001:00019930       sf_debug_cast_to_int8_T    000000018001a930 f   sfc_debug:sfcdebug.obj
 0001:000199f0       sf_debug_cast_to_uint8_T   000000018001a9f0 f   sfc_debug:sfcdebug.obj
 0001:00019ab0       sf_debug_cast_to_int16_T   000000018001aab0 f   sfc_debug:sfcdebug.obj
 0001:00019b70       sf_debug_cast_to_uint16_T  000000018001ab70 f   sfc_debug:sfcdebug.obj
 0001:00019c30       sf_debug_cast_to_int32_T   000000018001ac30 f   sfc_debug:sfcdebug.obj
 0001:00019cf0       sf_debug_cast_to_uint32_T  000000018001acf0 f   sfc_debug:sfcdebug.obj
 0001:00019db0       sf_debug_data_range_error  000000018001adb0 f   sfc_debug:sfcdebug.obj
 0001:0001a100       sf_debug_read_before_write_check 000000018001b100 f   sfc_debug:sfcdebug.obj
 0001:0001a560       sf_debug_data_range_error_wrapper_min_max 000000018001b560 f   sfc_debug:sfcdebug.obj
 0001:0001a650       sf_debug_data_range_error_wrapper_min 000000018001b650 f   sfc_debug:sfcdebug.obj
 0001:0001a730       sf_debug_data_range_error_wrapper_max 000000018001b730 f   sfc_debug:sfcdebug.obj
 0001:0001a810       sf_debug_data_range_wrapper 000000018001b810 f   sfc_debug:sfcdebug.obj
 0001:0001a8c0       sf_debug_set_current_status_info 000000018001b8c0 f   sfc_debug:sfcdebug.obj
 0001:0001ac70       sf_debug_register_message_post_receive_info 000000018001bc70 f   sfc_debug:sfcdebug.obj
 0001:0001aee0       sf_debug_call              000000018001bee0 f   sfc_debug:sfcdebug.obj
 0001:0001bb40       sf_debug_initialize_machine 000000018001cb40 f   sfc_debug:sfcdebug.obj
 0001:0001be50       sf_debug_initialize_chart  000000018001ce50 f   sfc_debug:sfcdebug.obj
 0001:0001c2a0       sf_debug_ensure_script     000000018001d2a0 f   sfc_debug:sfcdebug.obj
 0001:0001c360       cv_script_init_script      000000018001d360 f   sfc_debug:sfcdebug.obj
 0001:0001c450       cv_script_init_fcn         000000018001d450 f   sfc_debug:sfcdebug.obj
 0001:0001c500       cv_script_init_testobjective 000000018001d500 f   sfc_debug:sfcdebug.obj
 0001:0001c5b0       cv_script_init_if          000000018001d5b0 f   sfc_debug:sfcdebug.obj
 0001:0001c660       cv_script_init_for         000000018001d660 f   sfc_debug:sfcdebug.obj
 0001:0001c710       cv_script_init_while       000000018001d710 f   sfc_debug:sfcdebug.obj
 0001:0001c7c0       cv_script_init_mcdc        000000018001d7c0 f   sfc_debug:sfcdebug.obj
 0001:0001c8c0       cv_script_init_switch      000000018001d8c0 f   sfc_debug:sfcdebug.obj
 0001:0001c9a0       cv_script_eval             000000018001d9a0 f   sfc_debug:sfcdebug.obj
 0001:0001ca80       eml_debug_line_call        000000018001da80 f   sfc_debug:sfcdebug.obj
 0001:0001cc30       sf_debug_terminate         000000018001dc30 f   sfc_debug:sfcdebug.obj
 0001:0001cda0       sf_debug_set_script_cv_ids 000000018001dda0 f   sfc_debug:sfcdebug.obj
 0001:0001ced0       sf_debug_api               000000018001ded0 f   sfc_debug:sfc_api.obj
 0001:0001e580       sf_debug_sm_terminate      000000018001f580 f   sfc_debug:sfdb_animation.obj
 0001:0001e740       sf_debug_reset_path_objects 000000018001f740 f   sfc_debug:sfdb_animation.obj
 0001:0001e7c0       sf_debug_sm_reset_object_selection_status 000000018001f7c0 f   sfc_debug:sfdb_animation.obj
 0001:0001e860       sf_debug_sm_reset_state_buffer 000000018001f860 f   sfc_debug:sfdb_animation.obj
 0001:0001e930       sf_debug_sm_store_state_buffer 000000018001f930 f   sfc_debug:sfdb_animation.obj
 0001:0001e9b0       sf_debug_sm_restore_state_buffer1 000000018001f9b0 f   sfc_debug:sfdb_animation.obj
 0001:0001ea20       sf_debug_sm_restore_state_buffer2 000000018001fa20 f   sfc_debug:sfdb_animation.obj
 0001:0001ea90       sf_debug_sm_chart_active   000000018001fa90 f   sfc_debug:sfdb_animation.obj
 0001:0001eae0       sf_debug_sm_select_active_objects 000000018001fae0 f   sfc_debug:sfdb_animation.obj
 0001:0001efd0       sf_debug_sm_is_chart_active 000000018001ffd0 f   sfc_debug:sfdb_animation.obj
 0001:0001f010       sf_debug_sm_is_state_active 0000000180020010 f   sfc_debug:sfdb_animation.obj
 0001:0001f250       sf_debug_sm_get_active_states 0000000180020250 f   sfc_debug:sfdb_animation.obj
 0001:0001f810       sf_debug_sm_initialize_instance 0000000180020810 f   sfc_debug:sfdb_animation.obj
 0001:0001fa30       sf_debug_sm_change_object_selection_status 0000000180020a30 f   sfc_debug:sfdb_animation.obj
 0001:0001fd40       cv_create_interface        0000000180020d40 f   sfc_debug:cv_sfinterface.obj
 0001:000200a0       cv_init_trans              00000001800210a0 f   sfc_debug:cv_sfinterface.obj
 0001:000200f0       cv_init_testobjective      00000001800210f0 f   sfc_debug:cv_sfinterface.obj
 0001:00020130       cv_init_state              0000000180021130 f   sfc_debug:cv_sfinterface.obj
 0001:000201a0       cv_init_chart              00000001800211a0 f   sfc_debug:cv_sfinterface.obj
 0001:000201f0       cv_dec_update_call         00000001800211f0 f   sfc_debug:cv_sfinterface.obj
 0001:00020230       cv_cond_update_call        0000000180021230 f   sfc_debug:cv_sfinterface.obj
 0001:00020270       cv_testobjective_update_call 0000000180021270 f   sfc_debug:cv_sfinterface.obj
 0001:000202b0       cv_sigrange_update         00000001800212b0 f   sfc_debug:cv_sfinterface.obj
 0001:000202f0       cvsf_eml_eval              00000001800212f0 f   sfc_debug:cv_sfinterface.obj
 0001:000203e0       cvsf_eml_init_script       00000001800213e0 f   sfc_debug:cv_sfinterface.obj
 0001:00020470       cvsf_eml_init_fcn          0000000180021470 f   sfc_debug:cv_sfinterface.obj
 0001:000204d0       cvsf_eml_init_testobjective 00000001800214d0 f   sfc_debug:cv_sfinterface.obj
 0001:00020530       cvsf_eml_init_saturation   0000000180021530 f   sfc_debug:cv_sfinterface.obj
 0001:00020580       cvsf_eml_init_if           0000000180021580 f   sfc_debug:cv_sfinterface.obj
 0001:000205e0       cvsf_eml_init_for          00000001800215e0 f   sfc_debug:cv_sfinterface.obj
 0001:00020630       cvsf_eml_init_while        0000000180021630 f   sfc_debug:cv_sfinterface.obj
 0001:00020680       cvsf_eml_init_mcdc         0000000180021680 f   sfc_debug:cv_sfinterface.obj
 0001:00020710       cvsf_eml_init_switch       0000000180021710 f   sfc_debug:cv_sfinterface.obj
 0001:00020780       cvsf_script_eval           0000000180021780 f   sfc_debug:cv_sfinterface.obj
 0001:00020870       cvsf_script_init_script    0000000180021870 f   sfc_debug:cv_sfinterface.obj
 0001:00020900       cvsf_script_init_fcn       0000000180021900 f   sfc_debug:cv_sfinterface.obj
 0001:00020960       cvsf_script_init_testobjective 0000000180021960 f   sfc_debug:cv_sfinterface.obj
 0001:000209c0       cvsf_script_init_saturation 00000001800219c0 f   sfc_debug:cv_sfinterface.obj
 0001:00020a10       cvsf_script_init_if        0000000180021a10 f   sfc_debug:cv_sfinterface.obj
 0001:00020a70       cvsf_script_init_for       0000000180021a70 f   sfc_debug:cv_sfinterface.obj
 0001:00020ac0       cvsf_script_init_while     0000000180021ac0 f   sfc_debug:cv_sfinterface.obj
 0001:00020b10       cvsf_script_init_mcdc      0000000180021b10 f   sfc_debug:cv_sfinterface.obj
 0001:00020ba0       cvsf_script_init_switch    0000000180021ba0 f   sfc_debug:cv_sfinterface.obj
 0001:00020c10       cv_destroy_interface       0000000180021c10 f   sfc_debug:cv_sfinterface.obj
 0001:00020c30       cv_create_instance_objects 0000000180021c30 f   sfc_debug:cv_sfinterface.obj
 0001:000210e0       cv_is_enabled              00000001800220e0 f   sfc_debug:cv_sfinterface.obj
 0001:000210f0       sf_debug_cv_initialize_script 00000001800220f0 f   sfc_debug:cv_sfinterface.obj
 0001:000212a0       sf_debug_cv_initialize_instance 00000001800222a0 f   sfc_debug:cv_sfinterface.obj
 0001:00021640       sf_debug_cv_terminate_chart 0000000180022640 f   sfc_debug:cv_sfinterface.obj
 0001:00021780       cv_call_trans_test         0000000180022780 f   sfc_debug:cv_sfinterface.obj
 0001:00021790       cv_call_sub_cond_test      0000000180022790 f   sfc_debug:cv_sfinterface.obj
 0001:000217d0       sf_debug_st_initialize_machine 00000001800227d0 f   sfc_debug:sfdb_data_browse.obj
 0001:00021890       sf_debug_st_initialize_instance 0000000180022890 f   sfc_debug:sfdb_data_browse.obj
 0001:00021ac0       sf_debug_st_terminate      0000000180022ac0 f   sfc_debug:sfdb_data_browse.obj
 0001:00021e60       sf_debug_st_set_data_value_ptr_in_machine 0000000180022e60 f   sfc_debug:sfdb_data_browse.obj
 0001:00021ef0       sf_debug_st_set_data_value_ptr_in_instance 0000000180022ef0 f   sfc_debug:sfdb_data_browse.obj
 0001:00021fd0       sf_debug_st_unset_data_value_ptr_in_machine 0000000180022fd0 f   sfc_debug:sfdb_data_browse.obj
 0001:00022040       sf_debug_st_unset_data_value_ptr_in_instance 0000000180023040 f   sfc_debug:sfdb_data_browse.obj
 0001:00022350       sf_debug_mx_value          0000000180023350 f   sfc_debug:sfdb_data_browse.obj
 0001:000223b0       sf_debug_mx_packed_vector  00000001800233b0 f   sfc_debug:sfdb_data_browse.obj
 0001:00022490       sf_debug_mx_uint_vector    0000000180023490 f   sfc_debug:sfdb_data_browse.obj
 0001:00022550       sf_debug_st_get_double_value_from_void_ptr_vector 0000000180023550 f   sfc_debug:sfdb_data_browse.obj
 0001:00023040       sf_debug_st_browse_data    0000000180024040 f   sfc_debug:sfdb_data_browse.obj
 0001:000238d0       sf_debug_hm_initialize_instance 00000001800248d0 f   sfc_debug:sfdb_handle_management.obj
 0001:00023e00       sf_debug_hm_get_object_id  0000000180024e00 f   sfc_debug:sfdb_handle_management.obj
 0001:000249b0       sf_debug_hm_update_chart_visibility 00000001800259b0 f   sfc_debug:sfdb_handle_management.obj
 0001:00025c90       sf_debug_object_is_eml_function 0000000180026c90 f   sfc_debug:sfdb_handle_management.obj
 0001:00025d00       sf_debug_hm_initialize_ids_in_machine 0000000180026d00 f   sfc_debug:sfdb_handle_management.obj
 0001:00025e70       sf_debug_hm_initialize_ids_in_chart 0000000180026e70 f   sfc_debug:sfdb_handle_management.obj
 0001:00025f70       sf_debug_hm_initialize_chart 0000000180026f70 f   sfc_debug:sfdb_handle_management.obj
 0001:00026710       sf_debug_hm_terminate      0000000180027710 f   sfc_debug:sfdb_handle_management.obj
 0001:00026770       sf_debug_hm_initialize_machine 0000000180027770 f   sfc_debug:sfdb_handle_management.obj
 0001:00026f20       sf_debug_ss_initialize     0000000180027f20 f   sfc_debug:sfdb_symbol_scope.obj
 0001:00026f40       sf_debug_ss_terminate      0000000180027f40 f   sfc_debug:sfdb_symbol_scope.obj
 0001:00026fd0       sf_debug_ss_push_symbol_scope 0000000180027fd0 f   sfc_debug:sfdb_symbol_scope.obj
 0001:000270d0       sf_debug_ss_push_symbol_scope_eml 00000001800280d0 f   sfc_debug:sfdb_symbol_scope.obj
 0001:00027130       sf_debug_ss_pop_symbol_scope 0000000180028130 f   sfc_debug:sfdb_symbol_scope.obj
 0001:000271e0       sf_debug_ss_add_symbol     00000001800281e0 f   sfc_debug:sfdb_symbol_scope.obj
 0001:00027340       sf_debug_ss_add_symbol_eml 0000000180028340 f   sfc_debug:sfdb_symbol_scope.obj
 0001:00028060       sf_debug_ss_set_data_value 0000000180029060 f   sfc_debug:sfdb_symbol_scope.obj
 0001:00028530       getInstanceNumber          0000000180029530 f   sfc_debug:sfdb_symbol_scope.obj
 0001:00028600       sf_debug_ss_watch_data     0000000180029600 f   sfc_debug:sfdb_symbol_scope.obj
 0001:000287a0       sf_debug_ss_assign_data    00000001800297a0 f   sfc_debug:sfdb_symbol_scope.obj
 0001:000291c0       get_data_entry_name        000000018002a1c0 f   sfc_debug:sfdb_symbol_scope.obj
 0001:00029210       sf_debug_ss_whos           000000018002a210 f   sfc_debug:sfdb_symbol_scope.obj
 0001:00029930       sf_debug_cc_initialize_chart 000000018002a930 f   sfc_debug:sfdb_coverage.obj
 0001:0002a320       sf_debug_cc_initialize_instance 000000018002b320 f   sfc_debug:sfdb_coverage.obj
 0001:0002b130       sf_debug_cc_terminate      000000018002c130 f   sfc_debug:sfdb_coverage.obj
 0001:0002b220       sf_debug_cc_set_transition_maps 000000018002c220 f   sfc_debug:sfdb_coverage.obj
 0001:0002b350       sf_debug_cc_set_state_maps 000000018002c350 f   sfc_debug:sfdb_coverage.obj
 0001:0002b430       sf_debug_cc_set_transition_weights 000000018002c430 f   sfc_debug:sfdb_coverage.obj
 0001:0002b700       sf_debug_cc_set_state_weights 000000018002c700 f   sfc_debug:sfdb_coverage.obj
 0001:0002b9d0       sf_debug_cc_mark_transition_guard 000000018002c9d0 f   sfc_debug:sfdb_coverage.obj
 0001:0002ba60       sf_debug_cc_mark_transition_trigger 000000018002ca60 f   sfc_debug:sfdb_coverage.obj
 0001:0002baf0       sf_debug_cc_mark_transition_decision 000000018002caf0 f   sfc_debug:sfdb_coverage.obj
 0001:0002bb60       sf_debug_cc_mark_transition_condition_action 000000018002cb60 f   sfc_debug:sfdb_coverage.obj
 0001:0002bbb0       sf_debug_cc_mark_transition_transition_action 000000018002cbb0 f   sfc_debug:sfdb_coverage.obj
 0001:0002bc00       sf_debug_cc_mark_state_entry 000000018002cc00 f   sfc_debug:sfdb_coverage.obj
 0001:0002bc50       sf_debug_cc_mark_state_during 000000018002cc50 f   sfc_debug:sfdb_coverage.obj
 0001:0002bca0       sf_debug_cc_mark_state_exit 000000018002cca0 f   sfc_debug:sfdb_coverage.obj
 0001:0002bcf0       sf_debug_bm_clear_script_breakpoints 000000018002ccf0 f   sfc_debug:sfdb_breakpoints.obj
 0001:0002bd20       sf_debug_bm_set_script_breakpoint 000000018002cd20 f   sfc_debug:sfdb_breakpoints.obj
 0001:0002bda0       sf_debug_bm_clear_single_script_breakpoint 000000018002cda0 f   sfc_debug:sfdb_breakpoints.obj
 0001:0002be20       sf_debug_bm_query_script_breakpoint 000000018002ce20 f   sfc_debug:sfdb_breakpoints.obj
 0001:0002be70       sf_debug_bm_initialize_scripts 000000018002ce70 f   sfc_debug:sfdb_breakpoints.obj
 0001:0002c590       sf_debug_bm_terminate      000000018002d590 f   sfc_debug:sfdb_breakpoints.obj
 0001:0002c880       sf_debug_bm_remove_all_breakpoints_in_machine 000000018002d880 f   sfc_debug:sfdb_breakpoints.obj
 0001:0002c8f0       sf_debug_bm_remove_all_breakpoints_in_chart 000000018002d8f0 f   sfc_debug:sfdb_breakpoints.obj
 0001:0002ca40       sf_debug_bm_initialize_global_breakpoints 000000018002da40 f   sfc_debug:sfdb_breakpoints.obj
 0001:0002cbc0       sf_debug_bm_set_breakpoint 000000018002dbc0 f   sfc_debug:sfdb_breakpoints.obj
 0001:0002d1c0       sf_debug_bm_set_eml_breakpoint 000000018002e1c0 f   sfc_debug:sfdb_breakpoints.obj
 0001:0002d260       sf_debug_bm_initialize_machine_breakpoint_map 000000018002e260 f   sfc_debug:sfdb_breakpoints.obj
 0001:0002d680       sf_debug_bm_is_a_breakpoint 000000018002e680 f   sfc_debug:sfdb_breakpoints.obj
 0001:0002dc60       sf_debug_bm_get_all_breakpoints_in_machine 000000018002ec60 f   sfc_debug:sfdb_breakpoints.obj
 0001:0002df60       sf_debug_bm_get_all_breakpoints_in_chart 000000018002ef60 f   sfc_debug:sfdb_breakpoints.obj
 0001:0002ec20       sf_debug_bm_initialize_machine 000000018002fc20 f   sfc_debug:sfdb_breakpoints.obj
 0001:0002ecf0       sf_debug_bm_initialize_chart 000000018002fcf0 f   sfc_debug:sfdb_breakpoints.obj
 0001:0002f110       sf_debug_sc_terminate      0000000180030110 f   sfc_debug:sfdb_state_consistency.obj
 0001:0002f440       sf_debug_sc_is_chart_consistent 0000000180030440 f   sfc_debug:sfdb_state_consistency.obj
 0001:0002f6f0       sf_debug_sc_get_consistency_error_info 00000001800306f0 f   sfc_debug:sfdb_state_consistency.obj
 0001:0002fb40       sf_debug_tm_terminate      0000000180030b40 f   sfc_debug:sfdb_call_stack.obj
 0001:0002fc00       sf_debug_tm_push_chart_instance 0000000180030c00 f   sfc_debug:sfdb_call_stack.obj
 0001:0002fd50       sf_debug_tm_pop_chart_instance 0000000180030d50 f   sfc_debug:sfdb_call_stack.obj
 0001:0002fdb0       sf_debug_tm_push_trace_node 0000000180030db0 f   sfc_debug:sfdb_call_stack.obj
 0001:0002ff40       sf_debug_tm_pop_trace_node 0000000180030f40 f   sfc_debug:sfdb_call_stack.obj
 0001:0002ffc0       sf_debug_tm_get_current_global_trace_index 0000000180030fc0 f   sfc_debug:sfdb_call_stack.obj
 0001:0002ffd0       sf_debug_tm_get_current_local_trace_index 0000000180030fd0 f   sfc_debug:sfdb_call_stack.obj
 0001:00030000       sf_debug_tm_set_cycle_detected_flag 0000000180031000 f   sfc_debug:sfdb_call_stack.obj
 0001:00030040       sf_debug_tm_set_cycle_started_flag 0000000180031040 f   sfc_debug:sfdb_call_stack.obj
 0001:00030080       sf_debug_tm_get_chart_number_from_stack 0000000180031080 f   sfc_debug:sfdb_call_stack.obj
 0001:00030280       sf_debug_tm_browse_trace   0000000180031280 f   sfc_debug:sfdb_call_stack.obj
 0001:000305c0       sf_debug_cd_initialize_instance 00000001800315c0 f   sfc_debug:sfdb_cycle_detection.obj
 0001:00030870       sf_debug_cd_mark_processed_transition_in_instance 0000000180031870 f   sfc_debug:sfdb_cycle_detection.obj
 0001:00030910       sf_debug_cd_checksum_push  0000000180031910 f   sfc_debug:sfdb_cycle_detection.obj
 0001:00030bd0       sf_debug_cd_checksum_pop   0000000180031bd0 f   sfc_debug:sfdb_cycle_detection.obj
 0001:00030c40       sf_debug_cd_turn_off_cycle_detection 0000000180031c40 f   sfc_debug:sfdb_cycle_detection.obj
 0001:00030c90       sf_debug_cd_terminate      0000000180031c90 f   sfc_debug:sfdb_cycle_detection.obj
 0001:00030ed0       md5_initialize_state       0000000180031ed0 f   sfc_debug:ckmd5.obj
 0001:00031940       md5_update_state           0000000180032940 f   sfc_debug:ckmd5.obj
 0001:00031960       md5_get_hash               0000000180032960 f   sfc_debug:ckmd5.obj
 0001:00031990       md5_get_hash_for_a_single_string 0000000180032990 f   sfc_debug:ckmd5.obj
 0001:000319f4       mxGetString_730            00000001800329f4 f   libmx:libmx.dll
 0001:000319fa       mxIsChar                   00000001800329fa f   libmx:libmx.dll
 0001:00031a00       mxCreateString             0000000180032a00 f   libmx:libmx.dll
 0001:00031a06       mxGetClassID               0000000180032a06 f   libmx:libmx.dll
 0001:00031a0c       mxGetPr                    0000000180032a0c f   libmx:libmx.dll
 0001:00031a12       mxCreateDoubleMatrix_730   0000000180032a12 f   libmx:libmx.dll
 0001:00031a18       mxIsNumeric                0000000180032a18 f   libmx:libmx.dll
 0001:00031a1e       mxIsComplex                0000000180032a1e f   libmx:libmx.dll
 0001:00031a24       mxGetN                     0000000180032a24 f   libmx:libmx.dll
 0001:00031a2a       mxGetM                     0000000180032a2a f   libmx:libmx.dll
 0001:00031a30       mxCalloc                   0000000180032a30 f   libmx:libmx.dll
 0001:00031a36       mxGetScalar                0000000180032a36 f   libmx:libmx.dll
 0001:00031a3c       mxDestroyArray             0000000180032a3c f   libmx:libmx.dll
 0001:00031a42       mxGetString_700            0000000180032a42 f   libmx:libmx.dll
 0001:00031a48       mxCreateDoubleScalar       0000000180032a48 f   libmx:libmx.dll
 0001:00031a4e       mxFree                     0000000180032a4e f   libmx:libmx.dll
 0001:00031a54       mxArrayToString            0000000180032a54 f   libmx:libmx.dll
 0001:00031a5a       mxGetNumberOfElements      0000000180032a5a f   libmx:libmx.dll
 0001:00031a60       mxDuplicateArray           0000000180032a60 f   libmx:libmx.dll
 0001:00031a66       mxGetField_700             0000000180032a66 f   libmx:libmx.dll
 0001:00031a6c       mxSetFieldByNumber_700     0000000180032a6c f   libmx:libmx.dll
 0001:00031a72       mxCreateStructArray_700    0000000180032a72 f   libmx:libmx.dll
 0001:00031a78       mxGetData                  0000000180032a78 f   libmx:libmx.dll
 0001:00031a7e       mxCreateNumericArray_700   0000000180032a7e f   libmx:libmx.dll
 0001:00031a84       mxIsLogical                0000000180032a84 f   libmx:libmx.dll
 0001:00031a8a       mxCreateDoubleMatrix_700   0000000180032a8a f   libmx:libmx.dll
 0001:00031a90       mxCreateCellMatrix_700     0000000180032a90 f   libmx:libmx.dll
 0001:00031a96       mxSetCell_700              0000000180032a96 f   libmx:libmx.dll
 0001:00031a9c       mxGetCell_700              0000000180032a9c f   libmx:libmx.dll
 0001:00031aa2       mxGetClassName             0000000180032aa2 f   libmx:libmx.dll
 0001:00031aa8       mxSetField_700             0000000180032aa8 f   libmx:libmx.dll
 0001:00031aae       mxAddField                 0000000180032aae f   libmx:libmx.dll
 0001:00031ab4       mxIsStruct                 0000000180032ab4 f   libmx:libmx.dll
 0001:00031aba       mxIsA                      0000000180032aba f   libmx:libmx.dll
 0001:00031ac0       mxIsClass                  0000000180032ac0 f   libmx:libmx.dll
 0001:00031ac6       mxGetLogicals              0000000180032ac6 f   libmx:libmx.dll
 0001:00031acc       mxIsSparse                 0000000180032acc f   libmx:libmx.dll
 0001:00031ad2       mxGetFieldByNumber_700     0000000180032ad2 f   libmx:libmx.dll
 0001:00031ad8       mxGetFieldNameByNumber     0000000180032ad8 f   libmx:libmx.dll
 0001:00031ade       mxGetNumberOfFields        0000000180032ade f   libmx:libmx.dll
 0001:00031ae4       mxCreateStructMatrix_700   0000000180032ae4 f   libmx:libmx.dll
 0001:00031aea       mxGetFieldNumber           0000000180032aea f   libmx:libmx.dll
 0001:00031af0       mxIsNaN                    0000000180032af0 f   libmx:libmx.dll
 0001:00031af6       mxIsEmpty                  0000000180032af6 f   libmx:libmx.dll
 0001:00031afc       mxGetImagData              0000000180032afc f   libmx:libmx.dll
 0001:00031b02       mxArrayClassIDName         0000000180032b02 f   libmx:libmx.dll
 0001:00031b08       mxCreateNumericMatrix_700  0000000180032b08 f   libmx:libmx.dll
 0001:00031b0e       mxCalcSingleSubscript_700  0000000180032b0e f   libmx:libmx.dll
 0001:00031b14       mxGetDimensions_700        0000000180032b14 f   libmx:libmx.dll
 0001:00031b1a       mxGetNumberOfDimensions_700 0000000180032b1a f   libmx:libmx.dll
 0001:00031b20       mxGetElementSize           0000000180032b20 f   libmx:libmx.dll
 0001:00031b26       mxCreateStringFromNChars_700 0000000180032b26 f   libmx:libmx.dll
 0001:00031b2c       mxIsLogicalScalarTrue      0000000180032b2c f   libmx:libmx.dll
 0001:00031b32       mxCreateLogicalScalar      0000000180032b32 f   libmx:libmx.dll
 0001:00031b38       mexUnlock                  0000000180032b38 f   libmex:libmex.dll
 0001:00031b3e       mexIsLocked                0000000180032b3e f   libmex:libmex.dll
 0001:00031b44       mexWarnMsgTxt              0000000180032b44 f   libmex:libmex.dll
 0001:00031b4a       mexCallMATLAB              0000000180032b4a f   libmex:libmex.dll
 0001:00031b50       mexErrMsgTxt               0000000180032b50 f   libmex:libmex.dll
 0001:00031b56       mexMakeArrayPersistent     0000000180032b56 f   libmex:libmex.dll
 0001:00031b5c       mexLock                    0000000180032b5c f   libmex:libmex.dll
 0001:00031b62       mexMakeMemoryPersistent    0000000180032b62 f   libmex:libmex.dll
 0001:00031b68       mexSetTrapFlag             0000000180032b68 f   libmex:libmex.dll
 0001:00031b6e       mexPutVariable             0000000180032b6e f   libmex:libmex.dll
 0001:00031b74       mexGetVariable             0000000180032b74 f   libmex:libmex.dll
 0001:00031b7a       mexFunctionName            0000000180032b7a f   libmex:libmex.dll
 0001:00031b80       ssRegisterDataTypeFxpFSlopeFixExpBias 0000000180032b80 f   libfixedpoint:libfixedpoint.dll
 0001:00031b86       utCPUtime                  0000000180032b86 f   libut:libut.dll
 0001:00031b8c       utVSNprintf                0000000180032b8c f   libut:libut.dll
 0001:00031b92       utFree                     0000000180032b92 f   libut:libut.dll
 0001:00031b98       utMalloc                   0000000180032b98 f   libut:libut.dll
 0001:00031b9e       emlrtCreateRootTLS         0000000180032b9e f   libemlrt:libemlrt.dll
 0001:00031ba4       emlrtDestroyRootTLS        0000000180032ba4 f   libemlrt:libemlrt.dll
 0001:00031baa       emlrtCheckBuiltInR2012b    0000000180032baa f   libemlrt:libemlrt.dll
 0001:00031bb0       emlrtCheckVsBuiltInR2012b  0000000180032bb0 f   libemlrt:libemlrt.dll
 0001:00031bb6       emlrtCheckEnumR2012b       0000000180032bb6 f   libemlrt:libemlrt.dll
 0001:00031bbc       emlrtCreateEnumR2012b      0000000180032bbc f   libemlrt:libemlrt.dll
 0001:00031bc2       emlrtGetEnumElementR2009a  0000000180032bc2 f   libemlrt:libemlrt.dll
 0001:00031bc8       emlrtCreateReference       0000000180032bc8 f   libemlrt:libemlrt.dll
 0001:00031bce       emlrtImportVsFiArrayR2009b 0000000180032bce f   libemlrt:libemlrt.dll
 0001:00031bd4       emlrtNameCapturePostProcessR2012a 0000000180032bd4 f   libemlrt:libemlrt.dll
 0001:00031bda       emlrtExtractMessageId      0000000180032bda f   libemlrt:libemlrt.dll
 0001:00031be0       emlrtTranslateMessageIDtoLCPstring 0000000180032be0 f   libemlrt:libemlrt.dll
 0001:00031be6       emlrtForLoopVectorIsValidR2011b 0000000180032be6 f   libemlrt:libemlrt.dll
 0001:00031bec       emlrtTranslateUTF16MessagetoLCPstring 0000000180032bec f   libemlrt:libemlrt.dll
 0001:00031bf2       emlrtGetEnumUnderlyingArrayR2009a 0000000180032bf2 f   libemlrt:libemlrt.dll
 0001:00031bf8       emlrtIsEnumR2009a          0000000180032bf8 f   libemlrt:libemlrt.dll
 0001:00031c00       __GSHandlerCheckCommon     0000000180032c00 f   MSVCRT:gshandler.obj
 0001:00031c64       __GSHandlerCheck           0000000180032c64 f   MSVCRT:gshandler.obj
 0001:00031c82       strcmp                     0000000180032c82 f   MSVCRT:MSVCR100.dll
 0001:00031ca0       __security_check_cookie    0000000180032ca0 f   MSVCRT:amdsecgs.obj
 0001:00031cc0       free                       0000000180032cc0 f   MSVCRT:MSVCR100.dll
 0001:00031cc6       sprintf                    0000000180032cc6 f   MSVCRT:MSVCR100.dll
 0001:00031ccc       malloc                     0000000180032ccc f   MSVCRT:MSVCR100.dll
 0001:00031cd2       strlen                     0000000180032cd2 f   MSVCRT:MSVCR100.dll
 0001:00031cd8       strcat                     0000000180032cd8 f   MSVCRT:MSVCR100.dll
 0001:00031cde       memcpy                     0000000180032cde f   MSVCRT:MSVCR100.dll
 0001:00031ce4       NtCurrentTeb               0000000180032ce4 f i MSVCRT:crtdll.obj
 0001:00031d50       _CRT_INIT                  0000000180032d50 f   MSVCRT:crtdll.obj
 0001:000320e8       _DllMainCRTStartup         00000001800330e8 f   MSVCRT:crtdll.obj
 0001:00032126       _setjmp                    0000000180033126 f   MSVCRT:MSVCR100.dll
 0001:0003212c       strncpy                    000000018003312c f   MSVCRT:MSVCR100.dll
 0001:00032150       __chkstk                   0000000180033150 f   MSVCRT:chkstk.obj
 0001:00032150       _alloca_probe              0000000180033150     MSVCRT:chkstk.obj
 0001:0003219e       longjmp                    000000018003319e f   MSVCRT:MSVCR100.dll
 0001:000321a4       strncmp                    00000001800331a4 f   MSVCRT:MSVCR100.dll
 0001:000321aa       ceil                       00000001800331aa f   MSVCRT:MSVCR100.dll
 0001:000321b0       strrchr                    00000001800331b0 f   MSVCRT:MSVCR100.dll
 0001:000321b6       memset                     00000001800331b6 f   MSVCRT:MSVCR100.dll
 0001:000321bc       calloc                     00000001800331bc f   MSVCRT:MSVCR100.dll
 0001:000321c2       realloc                    00000001800331c2 f   MSVCRT:MSVCR100.dll
 0001:000321c8       ldexp                      00000001800331c8 f   MSVCRT:MSVCR100.dll
 0001:000321d0       __report_gsfailure         00000001800331d0 f   MSVCRT:gs_report.obj
 0001:0003231c       __clean_type_info_names    000000018003331c f   MSVCRT:tncleanup.obj
 0001:00032328       _onexit                    0000000180033328 f   MSVCRT:atonexit.obj
 0001:000323d8       atexit                     00000001800333d8 f   MSVCRT:atonexit.obj
 0001:000323f0       _RTC_Initialize            00000001800333f0 f   MSVCRT:_initsect_.obj
 0001:00032428       _RTC_Terminate             0000000180033428 f   MSVCRT:_initsect_.obj
 0001:00032460       _malloc_crt                0000000180033460 f   MSVCRT:MSVCR100.dll
 0001:00032470       _ValidateImageBase         0000000180033470 f   MSVCRT:pesect.obj
 0001:000324a0       _FindPESection             00000001800334a0 f   MSVCRT:pesect.obj
 0001:000324f0       _IsNonwritableInCurrentImage 00000001800334f0 f   MSVCRT:pesect.obj
 0001:00032532       _initterm                  0000000180033532 f   MSVCRT:MSVCR100.dll
 0001:00032538       _initterm_e                0000000180033538 f   MSVCRT:MSVCR100.dll
 0001:0003253e       _encoded_null              000000018003353e f   MSVCRT:MSVCR100.dll
 0001:00032544       _amsg_exit                 0000000180033544 f   MSVCRT:MSVCR100.dll
 0001:0003254a       __C_specific_handler       000000018003354a f   MSVCRT:MSVCR100.dll
 0001:00032550       __CppXcptFilter            0000000180033550 f   MSVCRT:MSVCR100.dll
 0001:00032558       DllMain                    0000000180033558 f   MSVCRT:dllmain.obj
 0001:0003257c       __security_init_cookie     000000018003357c f   MSVCRT:gs_support.obj
 0001:00032630       __crt_debugger_hook        0000000180033630 f   MSVCRT:MSVCR100.dll
 0001:00032636       __clean_type_info_names_internal 0000000180033636 f   MSVCRT:MSVCR100.dll
 0001:0003263c       _unlock                    000000018003363c f   MSVCRT:MSVCR100.dll
 0001:00032642       __dllonexit                0000000180033642 f   MSVCRT:MSVCR100.dll
 0001:00032648       _lock                      0000000180033648 f   MSVCRT:MSVCR100.dll
 0001:0003264e       EncodePointer              000000018003364e f   kernel32:KERNEL32.dll
 0001:00032654       DecodePointer              0000000180033654 f   kernel32:KERNEL32.dll
 0001:0003265a       Sleep                      000000018003365a f   kernel32:KERNEL32.dll
 0001:00032660       TerminateProcess           0000000180033660 f   kernel32:KERNEL32.dll
 0001:00032666       GetCurrentProcess          0000000180033666 f   kernel32:KERNEL32.dll
 0001:0003266c       UnhandledExceptionFilter   000000018003366c f   kernel32:KERNEL32.dll
 0001:00032672       SetUnhandledExceptionFilter 0000000180033672 f   kernel32:KERNEL32.dll
 0001:00032678       IsDebuggerPresent          0000000180033678 f   kernel32:KERNEL32.dll
 0001:0003267e       RtlVirtualUnwind           000000018003367e f   kernel32:KERNEL32.dll
 0001:00032684       RtlLookupFunctionEntry     0000000180033684 f   kernel32:KERNEL32.dll
 0001:0003268a       RtlCaptureContext          000000018003368a f   kernel32:KERNEL32.dll
 0001:00032690       DisableThreadLibraryCalls  0000000180033690 f   kernel32:KERNEL32.dll
 0001:00032696       QueryPerformanceCounter    0000000180033696 f   kernel32:KERNEL32.dll
 0001:0003269c       GetTickCount               000000018003369c f   kernel32:KERNEL32.dll
 0001:000326a2       GetCurrentThreadId         00000001800336a2 f   kernel32:KERNEL32.dll
 0001:000326a8       GetCurrentProcessId        00000001800336a8 f   kernel32:KERNEL32.dll
 0001:000326ae       GetSystemTimeAsFileTime    00000001800336ae f   kernel32:KERNEL32.dll
 0002:00000000       __imp_DisableThreadLibraryCalls 0000000180034000     kernel32:KERNEL32.dll
 0002:00000008       __imp_RtlCaptureContext    0000000180034008     kernel32:KERNEL32.dll
 0002:00000010       __imp_RtlLookupFunctionEntry 0000000180034010     kernel32:KERNEL32.dll
 0002:00000018       __imp_RtlVirtualUnwind     0000000180034018     kernel32:KERNEL32.dll
 0002:00000020       __imp_IsDebuggerPresent    0000000180034020     kernel32:KERNEL32.dll
 0002:00000028       __imp_SetUnhandledExceptionFilter 0000000180034028     kernel32:KERNEL32.dll
 0002:00000030       __imp_UnhandledExceptionFilter 0000000180034030     kernel32:KERNEL32.dll
 0002:00000038       __imp_GetCurrentProcess    0000000180034038     kernel32:KERNEL32.dll
 0002:00000040       __imp_TerminateProcess     0000000180034040     kernel32:KERNEL32.dll
 0002:00000048       __imp_Sleep                0000000180034048     kernel32:KERNEL32.dll
 0002:00000050       __imp_DecodePointer        0000000180034050     kernel32:KERNEL32.dll
 0002:00000058       __imp_EncodePointer        0000000180034058     kernel32:KERNEL32.dll
 0002:00000060       __imp_GetTickCount         0000000180034060     kernel32:KERNEL32.dll
 0002:00000068       __imp_GetCurrentThreadId   0000000180034068     kernel32:KERNEL32.dll
 0002:00000070       __imp_GetCurrentProcessId  0000000180034070     kernel32:KERNEL32.dll
 0002:00000078       __imp_GetSystemTimeAsFileTime 0000000180034078     kernel32:KERNEL32.dll
 0002:00000080       __imp_QueryPerformanceCounter 0000000180034080     kernel32:KERNEL32.dll
 0002:00000088       \177KERNEL32_NULL_THUNK_DATA 0000000180034088     kernel32:KERNEL32.dll
 0002:00000090       __imp__setjmp              0000000180034090     MSVCRT:MSVCR100.dll
 0002:00000098       __imp__onexit              0000000180034098     MSVCRT:MSVCR100.dll
 0002:000000a0       __imp__lock                00000001800340a0     MSVCRT:MSVCR100.dll
 0002:000000a8       __imp___dllonexit          00000001800340a8     MSVCRT:MSVCR100.dll
 0002:000000b0       __imp__unlock              00000001800340b0     MSVCRT:MSVCR100.dll
 0002:000000b8       __imp___clean_type_info_names_internal 00000001800340b8     MSVCRT:MSVCR100.dll
 0002:000000c0       __imp___crt_debugger_hook  00000001800340c0     MSVCRT:MSVCR100.dll
 0002:000000c8       __imp___CppXcptFilter      00000001800340c8     MSVCRT:MSVCR100.dll
 0002:000000d0       __imp___C_specific_handler 00000001800340d0     MSVCRT:MSVCR100.dll
 0002:000000d8       __imp__amsg_exit           00000001800340d8     MSVCRT:MSVCR100.dll
 0002:000000e0       __imp__encoded_null        00000001800340e0     MSVCRT:MSVCR100.dll
 0002:000000e8       __imp__initterm_e          00000001800340e8     MSVCRT:MSVCR100.dll
 0002:000000f0       __imp__initterm            00000001800340f0     MSVCRT:MSVCR100.dll
 0002:000000f8       __imp__malloc_crt          00000001800340f8     MSVCRT:MSVCR100.dll
 0002:00000100       __imp_ldexp                0000000180034100     MSVCRT:MSVCR100.dll
 0002:00000108       __imp_realloc              0000000180034108     MSVCRT:MSVCR100.dll
 0002:00000110       __imp_calloc               0000000180034110     MSVCRT:MSVCR100.dll
 0002:00000118       __imp_memset               0000000180034118     MSVCRT:MSVCR100.dll
 0002:00000120       __imp_strrchr              0000000180034120     MSVCRT:MSVCR100.dll
 0002:00000128       __imp_ceil                 0000000180034128     MSVCRT:MSVCR100.dll
 0002:00000130       __imp_strncmp              0000000180034130     MSVCRT:MSVCR100.dll
 0002:00000138       __imp_longjmp              0000000180034138     MSVCRT:MSVCR100.dll
 0002:00000140       __imp_strncpy              0000000180034140     MSVCRT:MSVCR100.dll
 0002:00000148       __imp_free                 0000000180034148     MSVCRT:MSVCR100.dll
 0002:00000150       __imp_memcpy               0000000180034150     MSVCRT:MSVCR100.dll
 0002:00000158       __imp_strcat               0000000180034158     MSVCRT:MSVCR100.dll
 0002:00000160       __imp_strlen               0000000180034160     MSVCRT:MSVCR100.dll
 0002:00000168       __imp_malloc               0000000180034168     MSVCRT:MSVCR100.dll
 0002:00000170       __imp_sprintf              0000000180034170     MSVCRT:MSVCR100.dll
 0002:00000178       __imp_strcmp               0000000180034178     MSVCRT:MSVCR100.dll
 0002:00000180       \177MSVCR100_NULL_THUNK_DATA 0000000180034180     MSVCRT:MSVCR100.dll
 0002:00000188       __imp_emlrtCheckBuiltInR2012b 0000000180034188     libemlrt:libemlrt.dll
 0002:00000190       __imp_emlrtIsEnumR2009a    0000000180034190     libemlrt:libemlrt.dll
 0002:00000198       __imp_emlrtGetEnumUnderlyingArrayR2009a 0000000180034198     libemlrt:libemlrt.dll
 0002:000001a0       __imp_emlrtTranslateUTF16MessagetoLCPstring 00000001800341a0     libemlrt:libemlrt.dll
 0002:000001a8       __imp_emlrtForLoopVectorIsValidR2011b 00000001800341a8     libemlrt:libemlrt.dll
 0002:000001b0       __imp_emlrtTranslateMessageIDtoLCPstring 00000001800341b0     libemlrt:libemlrt.dll
 0002:000001b8       __imp_emlrtExtractMessageId 00000001800341b8     libemlrt:libemlrt.dll
 0002:000001c0       __imp_emlrtNameCapturePostProcessR2012a 00000001800341c0     libemlrt:libemlrt.dll
 0002:000001c8       __imp_emlrtImportVsFiArrayR2009b 00000001800341c8     libemlrt:libemlrt.dll
 0002:000001d0       __imp_emlrtCreateReference 00000001800341d0     libemlrt:libemlrt.dll
 0002:000001d8       __imp_emlrtGetEnumElementR2009a 00000001800341d8     libemlrt:libemlrt.dll
 0002:000001e0       __imp_emlrtCreateEnumR2012b 00000001800341e0     libemlrt:libemlrt.dll
 0002:000001e8       __imp_emlrtCheckEnumR2012b 00000001800341e8     libemlrt:libemlrt.dll
 0002:000001f0       __imp_emlrtCheckVsBuiltInR2012b 00000001800341f0     libemlrt:libemlrt.dll
 0002:000001f8       __imp_emlrtDestroyRootTLS  00000001800341f8     libemlrt:libemlrt.dll
 0002:00000200       __imp_emlrtCreateRootTLS   0000000180034200     libemlrt:libemlrt.dll
 0002:00000208       \177libemlrt_NULL_THUNK_DATA 0000000180034208     libemlrt:libemlrt.dll
 0002:00000210       __imp_ssRegisterDataTypeFxpFSlopeFixExpBias 0000000180034210     libfixedpoint:libfixedpoint.dll
 0002:00000218       \177libfixedpoint_NULL_THUNK_DATA 0000000180034218     libfixedpoint:libfixedpoint.dll
 0002:00000220       __imp_mexPutVariable       0000000180034220     libmex:libmex.dll
 0002:00000228       __imp_mexIsLocked          0000000180034228     libmex:libmex.dll
 0002:00000230       __imp_mexWarnMsgTxt        0000000180034230     libmex:libmex.dll
 0002:00000238       __imp_mexCallMATLAB        0000000180034238     libmex:libmex.dll
 0002:00000240       __imp_mexErrMsgTxt         0000000180034240     libmex:libmex.dll
 0002:00000248       __imp_mexMakeArrayPersistent 0000000180034248     libmex:libmex.dll
 0002:00000250       __imp_mexFunctionName      0000000180034250     libmex:libmex.dll
 0002:00000258       __imp_mexGetVariable       0000000180034258     libmex:libmex.dll
 0002:00000260       __imp_mexUnlock            0000000180034260     libmex:libmex.dll
 0002:00000268       __imp_mexSetTrapFlag       0000000180034268     libmex:libmex.dll
 0002:00000270       __imp_mexMakeMemoryPersistent 0000000180034270     libmex:libmex.dll
 0002:00000278       __imp_mexLock              0000000180034278     libmex:libmex.dll
 0002:00000280       \177libmex_NULL_THUNK_DATA 0000000180034280     libmex:libmex.dll
[...]
 0001:000096e0       sf_mex_destroy_array       000000018000a6e0 f   sfc_mex:sfc_mex.obj
 0001:00009a70       sfrtAddSize                000000018000aa70 f   sfc_mex:sfc_mex.obj
 0001:00009b30       sfrtGenSizeString          000000018000ab30 f   sfc_mex:sfc_mex.obj
 0001:00009ba0       sfIsProperVector           000000018000aba0 f   sfc_mex:sfc_mex.obj
 0001:00009bd0       sfIsRowVector              000000018000abd0 f   sfc_mex:sfc_mex.obj
 0001:00009d10       sf_ExtractMessageId        000000018000ad10 f   sfc_mex:sfc_mex.obj
 0001:00009ff0       sf_mex_err                 000000018000aff0 f   sfc_mex:sfc_mex.obj
 0001:0000a0a0       sf_error_dimension_out_of_bound 000000018000b0a0 f   sfc_mex:sfc_mex.obj
 0001:0000a160       sf_mex_check_and_set_actual_dimensions 000000018000b160 f   sfc_mex:sfc_mex.obj
 0001:0000a340       sf_mex_check_complex       000000018000b340 f   sfc_mex:sfc_mex.obj
 0001:0000a3d0       sf_mex_check_sparse        000000018000b3d0 f   sfc_mex:sfc_mex.obj
 0001:0000a430       sf_mex_check_numerictype   000000018000b430 f   sfc_mex:sfc_mex.obj
 0001:0000a5c0       sf_mex_check_fimath        000000018000b5c0 f   sfc_mex:sfc_mex.obj
 0001:0000b170       size_mismatch_error        000000018000c170 f   sfc_mex:sfc_mex.obj
 0001:0000bc10       check_array_dimensions     000000018000cc10 f   sfc_mex:sfc_mex.obj
 0001:0000bc80       check_input_mxarray        000000018000cc80 f   sfc_mex:sfc_mex.obj
 0001:0000c3c0       sf_numeric_value_to_double 000000018000d3c0 f   sfc_mex:sfc_mex.obj
 0001:0000c410       ml_generic_out_of_bounds_check 000000018000d410 f   sfc_mex:sfc_mex.obj
 0001:0000c5e0       ml_get_element_value_from_array 000000018000d5e0 f   sfc_mex:sfc_mex.obj
 0001:0000c980       _ml_generic_castability_check 000000018000d980 f   sfc_mex:sfc_mex.obj
 0001:0000d6e0       ml_generic_castability_check 000000018000e6e0 f   sfc_mex:sfc_mex.obj
 0001:0000d780       ml_check_mx_array_for_single_castability 000000018000e780 f   sfc_mex:sfc_mex.obj
 0001:0000d820       ml_check_mx_array_for_logical_castability 000000018000e820 f   sfc_mex:sfc_mex.obj
 0001:0000d8c0       ml_check_mx_array_for_int8_castability 000000018000e8c0 f   sfc_mex:sfc_mex.obj
 0001:0000d970       ml_check_mx_array_for_uint8_castability 000000018000e970 f   sfc_mex:sfc_mex.obj
 0001:0000d9d0       ml_check_mx_array_for_int16_castability 000000018000e9d0 f   sfc_mex:sfc_mex.obj
 0001:0000da30       ml_check_mx_array_for_uint16_castability 000000018000ea30 f   sfc_mex:sfc_mex.obj
 0001:0000da90       ml_check_mx_array_for_int32_castability 000000018000ea90 f   sfc_mex:sfc_mex.obj
 0001:0000daf0       ml_check_mx_array_for_uint32_castability 000000018000eaf0 f   sfc_mex:sfc_mex.obj
 0001:0000db50       ml_check_mx_array_for_castability 000000018000eb50 f   sfc_mex:sfc_mex.obj
 0001:0000e480       set_data_value             000000018000f480 f   sfc_mex:sfc_mex.obj
 0001:0000e7f0       get_data_value             000000018000f7f0 f   sfc_mex:sfc_mex.obj
 0001:0000e900       get_next_element_address   000000018000f900 f   sfc_mex:sfc_mex.obj
 0001:0000e9d0       sf_normalize_index         000000018000f9d0 f   sfc_mex:sfc_mex.obj
 0001:0000ed60       ml_array_index_bound_check 000000018000fd60 f   sfc_mex:sfc_mex.obj
 0001:0000f880       mx_value                   0000000180010880 f   sfc_mex:sfc_mex.obj
 0001:0000f8d0       sf_create_numeric_array    00000001800108d0 f   sfc_mex:sfc_mex.obj
 0001:0000f970       sf_mex_assign_to_mx_array  0000000180010970 f   sfc_mex:sfc_mex.obj
 0001:0000fcc0       assign_from_mx_array       0000000180010cc0 f   sfc_mex:sfc_mex.obj
 0001:000104f0       sf_mex_import_v            00000001800114f0 f   sfc_mex:sfc_mex.obj
 0001:00010ac0       SNPRINTF_WRAPPER           0000000180011ac0 f   sfc_debug:sfcdebug.obj
 0001:00010ae0       sf_debug_chart_instance_initialized_quick 0000000180011ae0 f   sfc_debug:sfcdebug.obj
 0001:00010af0       sf_debug_chart_instance_initialized 0000000180011af0 f   sfc_debug:sfcdebug.obj
 0001:00010c90       sfrtAddSize                0000000180011c90 f   sfc_debug:sfcdebug.obj
 0001:00010d50       sfrtGenSizeString          0000000180011d50 f   sfc_debug:sfcdebug.obj
 0001:00011460       fill_single_message_info   0000000180012460 f   sfc_debug:sfcdebug.obj
 0001:00011620       sf_debug_sim_status_listener 0000000180012620 f   sfc_debug:sfcdebug.obj
 0001:00011b90       sf_debug_form_mask_bits    0000000180012b90 f   sfc_debug:sfcdebug.obj
 0001:00011bd0       sf_debug_form_sf_data_type_offsets 0000000180012bd0 f   sfc_debug:sfcdebug.obj
 0001:00011c90       sf_debug_free_all          0000000180012c90 f   sfc_debug:sfcdebug.obj
 0001:00011e40       sf_debug_append_debugger_context 0000000180012e40 f   sfc_debug:sfcdebug.obj
 0001:00011fe0       sf_debug_update_always_honor_breakpoints 0000000180012fe0 f   sfc_debug:sfcdebug.obj
 0001:000121b0       local_strdup               00000001800131b0 f   sfc_debug:sfcdebug.obj
 0001:00013090       sf_debug_em_terminate      0000000180014090 f   sfc_debug:sfcdebug.obj
 0001:000130d0       sf_debug_push_eml_function 00000001800140d0 f   sfc_debug:sfcdebug.obj
 0001:00013170       sf_debug_pop_eml_function  0000000180014170 f   sfc_debug:sfcdebug.obj
 0001:00013e70       sf_debug_get_machine_number_from_id_or_name 0000000180014e70 f   sfc_debug:sfcdebug.obj
 0001:00013fc0       sf_debug_get_chart_number_from_id 0000000180014fc0 f   sfc_debug:sfcdebug.obj
 0001:00014d60       sf_debug_transfer_control_to_debugger_GUI 0000000180015d60 f   sfc_debug:sfcdebug.obj
 0001:00015cf0       sf_debug_scripts_rehash    0000000180016cf0 f   sfc_debug:sfcdebug.obj
 0001:00015f30       sf_debug_get_script_line_count 0000000180016f30 f   sfc_debug:sfcdebug.obj
 0001:00016860       cv_eml_state_cvId          0000000180017860 f   sfc_debug:sfcdebug.obj
 0001:000168d0       cv_eml_trans_cvId          00000001800178d0 f   sfc_debug:sfcdebug.obj
 0001:00017c60       sf_debug_data_array_bounds_error 0000000180018c60 f   sfc_debug:sfcdebug.obj
 0001:00018090       eml_debug_runtime_error_doclink 0000000180019090 f   sfc_debug:sfcdebug.obj
 0001:000181f0       sf_debug_runtime_error     00000001800191f0 f   sfc_debug:sfcdebug.obj
 0001:00018260       sf_debug_matlab_error      0000000180019260 f   sfc_debug:sfcdebug.obj
 0001:00018ba0       sf_debug_data_value_error  0000000180019ba0 f   sfc_debug:sfcdebug.obj
 0001:000194a0       sf_debug_data_loss_error   000000018001a4a0 f   sfc_debug:sfcdebug.obj
 0001:0001a430       call_cv_range_check        000000018001b430 f   sfc_debug:sfcdebug.obj
 0001:0001ac00       sf_debug_invoke_cycle_detection_code 000000018001bc00 f   sfc_debug:sfcdebug.obj
 0001:0001ba80       sf_reset_debug_info_struct 000000018001ca80 f   sfc_debug:sfcdebug.obj
 0001:0001c2e0       cv_script_cvId             000000018001d2e0 f   sfc_debug:sfcdebug.obj
 0001:0001d040       sfc_api_chart_visible      000000018001e040 f   sfc_debug:sfc_api.obj
 0001:0001d0c0       sfc_api_active_instance    000000018001e0c0 f   sfc_debug:sfc_api.obj
 0001:0001d140       sfc_api_machine_load       000000018001e140 f   sfc_debug:sfc_api.obj
 0001:0001d210       sfc_api_debugger_alive     000000018001e210 f   sfc_debug:sfc_api.obj
 0001:0001d220       sfc_api_go                 000000018001e220 f   sfc_debug:sfc_api.obj
 0001:0001d230       sfc_api_step_over          000000018001e230 f   sfc_debug:sfc_api.obj
 0001:0001d240       sfc_api_step_out           000000018001e240 f   sfc_debug:sfc_api.obj
 0001:0001d250       sfc_api_resume             000000018001e250 f   sfc_debug:sfc_api.obj
 0001:0001d260       sfc_api_break              000000018001e260 f   sfc_debug:sfc_api.obj
 0001:0001d270       sfc_api_stop_debugging     000000018001e270 f   sfc_debug:sfc_api.obj
 0001:0001d2c0       sfc_api_is_cycle_detected  000000018001e2c0 f   sfc_debug:sfc_api.obj
 0001:0001d310       sfc_api_is_array_bounds_detected 000000018001e310 f   sfc_debug:sfc_api.obj
 0001:0001d360       sfc_api_set_disable_all_breakpoints 000000018001e360 f   sfc_debug:sfc_api.obj
 0001:0001d3d0       sfc_api_disable_all_breakpoints_and_go 000000018001e3d0 f   sfc_debug:sfc_api.obj
 0001:0001d3e0       sfc_api_close              000000018001e3e0 f   sfc_debug:sfc_api.obj
 0001:0001d3f0       sfc_api_browse_data        000000018001e3f0 f   sfc_debug:sfc_api.obj
 0001:0001d460       sfc_api_watch_data         000000018001e460 f   sfc_debug:sfc_api.obj
 0001:0001d560       sfc_api_extract_message_post_receive_info 000000018001e560 f   sfc_debug:sfc_api.obj
 0001:0001d580       sfc_api_assign_data        000000018001e580 f   sfc_debug:sfc_api.obj
 0001:0001d620       sfc_api_whos               000000018001e620 f   sfc_debug:sfc_api.obj
 0001:0001d6b0       sfc_api_get_consistency_info 000000018001e6b0 f   sfc_debug:sfc_api.obj
 0001:0001d6c0       sfc_api_browse_trace       000000018001e6c0 f   sfc_debug:sfc_api.obj
 0001:0001d6d0       sfc_api_break_on_chart_entry 000000018001e6d0 f   sfc_debug:sfc_api.obj
 0001:0001d6f0       sfc_api_break_on_event_broadcast 000000018001e6f0 f   sfc_debug:sfc_api.obj
 0001:0001d710       sfc_api_break_on_state_entry 000000018001e710 f   sfc_debug:sfc_api.obj
 0001:0001d730       sfc_api_set_watch          000000018001e730 f   sfc_debug:sfc_api.obj
 0001:0001d7d0       sfc_api_set_breakpoints    000000018001e7d0 f   sfc_debug:sfc_api.obj
 0001:0001d870       sfc_api_set_eml_breakpoints 000000018001e870 f   sfc_debug:sfc_api.obj
 0001:0001d8f0       sfc_api_set_script_breakpoints 000000018001e8f0 f   sfc_debug:sfc_api.obj
 0001:0001d940       sfc_api_add_script_breakpoints 000000018001e940 f   sfc_debug:sfc_api.obj
 0001:0001d990       sfc_api_clear_script_breakpoints 000000018001e990 f   sfc_debug:sfc_api.obj
 0001:0001d9e0       sfc_api_query_script_breakpoints 000000018001e9e0 f   sfc_debug:sfc_api.obj
 0001:0001da40       sfc_api_get_script_id      000000018001ea40 f   sfc_debug:sfc_api.obj
 0001:0001db00       sfc_api_get_active_states  000000018001eb00 f   sfc_debug:sfc_api.obj
 0001:0001db80       sfc_api_break_between_times 000000018001eb80 f   sfc_debug:sfc_api.obj
 0001:0001dbe0       sfc_api_get_instance_handle 000000018001ebe0 f   sfc_debug:sfc_api.obj
 0001:0001dc90       sfc_api_set_animation      000000018001ec90 f   sfc_debug:sfc_api.obj
 0001:0001dce0       sfc_api_select_chart       000000018001ece0 f   sfc_debug:sfc_api.obj
 0001:0001dd40       sfc_api_select_charts      000000018001ed40 f   sfc_debug:sfc_api.obj
 0001:0001dd70       sfc_api_cycle_detection_check 000000018001ed70 f   sfc_debug:sfc_api.obj
 0001:0001ddc0       sfc_api_data_range_check   000000018001edc0 f   sfc_debug:sfc_api.obj
 0001:0001de10       sfc_api_transition_conflict_check 000000018001ee10 f   sfc_debug:sfc_api.obj
 0001:0001de60       sfc_api_state_consistency_check 000000018001ee60 f   sfc_debug:sfc_api.obj
 0001:0001deb0       sfc_api_set_instance_cv_ids 000000018001eeb0 f   sfc_debug:sfc_api.obj
 0001:0001dfc0       sfc_api_set_script_cv_ids  000000018001efc0 f   sfc_debug:sfc_api.obj
 0001:0001e070       sfc_api_get_current_machine_id 000000018001f070 f   sfc_debug:sfc_api.obj
 0001:0001e0a0       sfc_api_get_current_machine_number 000000018001f0a0 f   sfc_debug:sfc_api.obj
 0001:0001e0d0       sfc_api_get_current_chart_number 000000018001f0d0 f   sfc_debug:sfc_api.obj
 0001:0001e100       sfc_api_get_current_instance_number 000000018001f100 f   sfc_debug:sfc_api.obj
 0001:0001e130       sfc_api_get_current_instance_handle 000000018001f130 f   sfc_debug:sfc_api.obj
 0001:0001e150       sfc_api_get_current_is_minor_time_step 000000018001f150 f   sfc_debug:sfc_api.obj
 0001:0001e180       sfc_api_get_current_machine_name 000000018001f180 f   sfc_debug:sfc_api.obj
 0001:0001e1a0       sfc_api_get_current_chart_id 000000018001f1a0 f   sfc_debug:sfc_api.obj
 0001:0001e1d0       sfc_api_get_current_object_type 000000018001f1d0 f   sfc_debug:sfc_api.obj
 0001:0001e200       sfc_api_get_current_event_type 000000018001f200 f   sfc_debug:sfc_api.obj
 0001:0001e230       sfc_api_get_current_object_id 000000018001f230 f   sfc_debug:sfc_api.obj
 0001:0001e260       sfc_get_current_active_event_type 000000018001f260 f   sfc_debug:sfc_api.obj
 0001:0001e290       sfc_api_get_current_active_event_id 000000018001f290 f   sfc_debug:sfc_api.obj
 0001:0001e2c0       sfc_api_get_current_simulation_time 000000018001f2c0 f   sfc_debug:sfc_api.obj
 0001:0001e2e0       sfc_get_current_tag_type   000000018001f2e0 f   sfc_debug:sfc_api.obj
 0001:0001e310       sfc_get_current_coverage_percentage 000000018001f310 f   sfc_debug:sfc_api.obj
 0001:0001e330       sfc_get_current_statement_context 000000018001f330 f   sfc_debug:sfc_api.obj
 0001:0001e350       sfc_get_current_optional_integer 000000018001f350 f   sfc_debug:sfc_api.obj
 0001:0001e380       sfc_get_current_statement_info 000000018001f380 f   sfc_debug:sfc_api.obj
 0001:0001e420       sfc_api_get                000000018001f420 f   sfc_debug:sfc_api.obj
 0001:0001f090       sf_debug_sm_fill_state_activity_data 0000000180020090 f   sfc_debug:sfdb_animation.obj
 0001:00021990       void_ptr_stack_vector_free_total 0000000180022990 f   sfc_debug:sfdb_data_browse.obj
 0001:00021a20       sf_debug_st_terminate_machine 0000000180022a20 f   sfc_debug:sfdb_data_browse.obj
 0001:00021a60       sf_debug_st_terminate_instance 0000000180022a60 f   sfc_debug:sfdb_data_browse.obj
 0001:00021e10       push_on_to_void_ptr_stack  0000000180022e10 f   sfc_debug:sfdb_data_browse.obj
 0001:00021fa0       pop_from_void_ptr_stack    0000000180022fa0 f   sfc_debug:sfdb_data_browse.obj
 0001:000220d0       sf_debug_st_get_data_value 00000001800230d0 f   sfc_debug:sfdb_data_browse.obj
 0001:00022660       mx_value                   0000000180023660 f   sfc_debug:sfdb_data_browse.obj
 0001:000226a0       sf_debug_st_fill_data_struct 00000001800236a0 f   sfc_debug:sfdb_data_browse.obj
 0001:000229e0       data_type_format_strings   00000001800239e0 f   sfc_debug:sfdb_data_browse.obj
 0001:00022a90       sf_debug_st_fill_data      0000000180023a90 f   sfc_debug:sfdb_data_browse.obj
 0001:000237e0       sf_debug_hm_get_simulink_handle 00000001800247e0 f   sfc_debug:sfdb_handle_management.obj
 0001:000242e0       sf_debug_hm_initialize_globals 00000001800252e0 f   sfc_debug:sfdb_handle_management.obj
 0001:000243e0       sf_debug_hm_get_machine_debug_flag 00000001800253e0 f   sfc_debug:sfdb_handle_management.obj
 0001:00024550       sf_debug_hm_get_machine_id 0000000180025550 f   sfc_debug:sfdb_handle_management.obj
 0001:00024670       sf_debug_hm_get_chart_id   0000000180025670 f   sfc_debug:sfdb_handle_management.obj
 0001:00024810       sf_debug_hm_register_executing_SFunction 0000000180025810 f   sfc_debug:sfdb_handle_management.obj
 0001:00024ba0       sf_debug_hm_form_object_boolean_properties 0000000180025ba0 f   sfc_debug:sfdb_handle_management.obj
 0001:00024e70       sf_debug_hm_form_object_properties 0000000180025e70 f   sfc_debug:sfdb_handle_management.obj
 0001:000250b0       sf_debug_hm_terminate_charts 00000001800260b0 f   sfc_debug:sfdb_handle_management.obj
 0001:00025810       sf_debug_hm_terminate_machines 0000000180026810 f   sfc_debug:sfdb_handle_management.obj
 0001:00027410       sf_debug_ss_copy_dimension 0000000180028410 f   sfc_debug:sfdb_symbol_scope.obj
 0001:000274d0       sf_debug_ss_get_number_elements 00000001800284d0 f   sfc_debug:sfdb_symbol_scope.obj
 0001:000274f0       sf_debug_ss_fill_data_struct 00000001800284f0 f   sfc_debug:sfdb_symbol_scope.obj
 0001:00027840       sf_debug_ss_reset_data_info 0000000180028840 f   sfc_debug:sfdb_symbol_scope.obj
 0001:000278a0       sf_debug_fill_data_info_by_symbol_scope_entry 00000001800288a0 f   sfc_debug:sfdb_symbol_scope.obj
 0001:00027960       sf_debug_fill_data_info_by_data_vector 0000000180028960 f   sfc_debug:sfdb_symbol_scope.obj
 0001:00027bb0       get_data_info_helper       0000000180028bb0 f   sfc_debug:sfdb_symbol_scope.obj
 0001:00027cb0       sf_debug_ss_get_data_info  0000000180028cb0 f   sfc_debug:sfdb_symbol_scope.obj
 0001:00027ee0       sf_debug_select_mex_function 0000000180028ee0 f   sfc_debug:sfdb_symbol_scope.obj
 0001:00027f10       sf_debug_is_dyn_matrix_initialized 0000000180028f10 f   sfc_debug:sfdb_symbol_scope.obj
 0001:00027f30       sf_debug_ss_set_data_value_try 0000000180028f30 f   sfc_debug:sfdb_symbol_scope.obj
 0001:00028100       sf_debug_ss_get_data_value 0000000180029100 f   sfc_debug:sfdb_symbol_scope.obj
 0001:00028870       sf_debug_ss_data_bytes_string 0000000180029870 f   sfc_debug:sfdb_symbol_scope.obj
 0001:00028920       sf_debug_ss_data_class_string 0000000180029920 f   sfc_debug:sfdb_symbol_scope.obj
 0001:00028cb0       sf_debug_ss_data_size_string 0000000180029cb0 f   sfc_debug:sfdb_symbol_scope.obj
 0001:00028d90       sf_debug_ss_data_create_data_info_struct 0000000180029d90 f   sfc_debug:sfdb_symbol_scope.obj
 0001:00029060       sf_debug_ss_data_create_name_value_pair 000000018002a060 f   sfc_debug:sfdb_symbol_scope.obj
 0001:00029100       sf_debug_ss_data_get_whos_info 000000018002a100 f   sfc_debug:sfdb_symbol_scope.obj
 0001:00029110       same_named_data_in_data_array 000000018002a110 f   sfc_debug:sfdb_symbol_scope.obj
 0001:0002a9a0       sf_debug_cc_terminate_chart 000000018002b9a0 f   sfc_debug:sfdb_coverage.obj
 0001:0002ad40       sf_debug_cc_terminate_instance 000000018002bd40 f   sfc_debug:sfdb_coverage.obj
 0001:0002b930       sf_debug_cc_mark_object_if_needed 000000018002c930 f   sfc_debug:sfdb_coverage.obj
 0001:0002c230       sf_debug_bm_initialize_eml 000000018002d230 f   sfc_debug:sfdb_breakpoints.obj
 0001:0002d370       sf_debug_bm_map_debug_tag_to_breakpoint_tag 000000018002e370 f   sfc_debug:sfdb_breakpoints.obj
 0001:0002d450       sf_debug_bm_is_a_eml_breakpoint_impl 000000018002e450 f   sfc_debug:sfdb_breakpoints.obj
 0001:0002ef90       sf_debug_sc_push_on_error_stack 000000018002ff90 f   sfc_debug:sfdb_state_consistency.obj
 0001:0002f0c0       sf_debug_sc_reset_error_stack 00000001800300c0 f   sfc_debug:sfdb_state_consistency.obj
 0001:0002f250       sf_debug_sc_is_state_inconsistent 0000000180030250 f   sfc_debug:sfdb_state_consistency.obj
 0001:0002f550       sf_debug_sc_fill_consistency_info 0000000180030550 f   sfc_debug:sfdb_state_consistency.obj
 0001:0002fb30       void_assertion_fcn         0000000180030b30 f   sfc_debug:sfdb_call_stack.obj
 0001:000300b0       sf_debug_tm_fill_local_trace 00000001800310b0 f   sfc_debug:sfdb_call_stack.obj
 0001:00030680       sf_debug_cd_terminate_instance 0000000180031680 f   sfc_debug:sfdb_cycle_detection.obj
 0001:000306e0       sf_debug_cd_free_checksum_stack 00000001800316e0 f   sfc_debug:sfdb_cycle_detection.obj
 0001:00030730       sf_debug_cd_reset_pack_strings 0000000180031730 f   sfc_debug:sfdb_cycle_detection.obj
 0001:00030df0       md5file_clear              0000000180031df0 f   sfc_debug:ckmd5.obj
 0001:00030e20       Encode                     0000000180031e20 f   sfc_debug:ckmd5.obj
 0001:00030e70       Decode                     0000000180031e70 f   sfc_debug:ckmd5.obj
 0001:00030f10       MD5Transform               0000000180031f10 f   sfc_debug:ckmd5.obj
 0001:00031760       md5file_addn               0000000180032760 f   sfc_debug:ckmd5.obj
 0001:00031830       md5file_hash               0000000180032830 f   sfc_debug:ckmd5.obj
 0001:00031cf0       pre_c_init                 0000000180032cf0 f   MSVCRT:crtdll.obj
 0001:00031fac       __DllMainCRTStartup        0000000180032fac f   MSVCRT:crtdll.obj
 0001:000326c0       __DllMainCRTStartup$filt$0 00000001800336c0 f   MSVCRT:crtdll.obj
 0001:000326f0       __DllMainCRTStartup$fin$1  00000001800336f0 f   MSVCRT:crtdll.obj
 0001:0003270a       _onexit$fin$0              000000018003370a f   MSVCRT:atonexit.obj
 0001:00032730       _IsNonwritableInCurrentImage$filt$0 0000000180033730 f   MSVCRT:pesect.obj
